 对某JAVAWEB 项目进行运行时状态分析 程序的进程ID 是  196284
1 ：堆栈分析  jmap -heap 196284
Heap Configuration:
   MinHeapFreeRatio         = 40
   MaxHeapFreeRatio         = 70
   MaxHeapSize              = 4273995776 (4076.0MB)
   NewSize                  = 1363144 (1.2999954223632812MB)
   MaxNewSize               = 2563768320 (2445.0MB)
   OldSize                  = 5452592 (5.1999969482421875MB)
   NewRatio                 = 2
   SurvivorRatio            = 8
   MetaspaceSize            = 21807104 (20.796875MB)
   CompressedClassSpaceSize = 1073741824 (1024.0MB)
   MaxMetaspaceSize         = 17592186044415 MB
   G1HeapRegionSize         = 1048576 (1.0MB)

Heap Usage:
G1 Heap:
   regions  = 4076
   capacity = 4273995776 (4076.0MB)
   used     = 185265656 (176.68309783935547MB)
   free     = 4088730120 (3899.3169021606445MB)
   4.33471780763875% used
G1 Young Generation:
Eden Space:
   regions  = 55
   capacity = 111149056 (106.0MB)
   used     = 57671680 (55.0MB)
   free     = 53477376 (51.0MB)
   51.886792452830186% used
Survivor Space:
   regions  = 7
   capacity = 7340032 (7.0MB)
   used     = 7340032 (7.0MB)
   free     = 0 (0.0MB)
   100.0% used
G1 Old Generation:
   regions  = 116
   capacity = 149946368 (143.0MB)
   used     = 120253944 (114.68309783935547MB)
   free     = 29692424 (28.31690216064453MB)
   80.19797051703179% used

2：jstat -gc  105604
GC 分析 (最近60秒内 的十次)
 S0C    S1C    S0U    S1U      EC       EU               OC         OU          MC       MU     CCSC   CCSU     YGC     YGCT    FGC    FGCT     GCT
 0.0   2048.0  0.0   2048.0 124928.0 82944.0   135168.0   111098.3  78676.0 77110.9  9300.0 8916.0     89     1.018       0        0.000      1.018
 0.0   2048.0  0.0   2048.0 124928.0 98304.0   135168.0   111098.3  78676.0 77110.9  9300.0 8916.0     89     1.018       0       0.000       1.018
 0.0   2048.0  0.0   2048.0 124928.0 113664.0  135168.0   111098.3  78676.0 77110.9  9300.0 8916.0     89    1.018        0       0.000       1.018
 0.0   1024.0  0.0   1024.0 126976.0 10240.0   134144.0   111796.4  78676.0 77120.5  9300.0 8916.5     90     1.020        0      0.000        1.020
 0.0   1024.0  0.0   1024.0 126976.0 26624.0   134144.0   111796.4  78676.0 77120.5  9300.0 8916.5     90     1.020        0      0.000        1.020
 0.0   1024.0  0.0   1024.0 126976.0 41984.0   134144.0   111796.4  78676.0 77120.5  9300.0 8916.5     90     1.020        0      0.000        1.020
 0.0   1024.0  0.0   1024.0 126976.0 57344.0   134144.0   111796.4  78676.0 77120.5  9300.0 8916.5     90     1.020        0      0.000        1.020
 0.0   1024.0  0.0   1024.0 126976.0 73728.0   134144.0   111796.4  78676.0 77120.5  9300.0 8916.5     90     1.020        0      0.000        1.020
 0.0   1024.0  0.0   1024.0 126976.0 89088.0   134144.0   111796.4  78676.0 77120.5  9300.0 8916.5     90     1.020        0      0.000        1.020
 0.0   1024.0  0.0   1024.0 126976.0 104448.0  134144.0   111796.4  78676.0 77120.5  9300.0 8916.5     90    1.020        0      0.000        1.020
可以看出YGC 的次数

3：大对象分析
 jmap  -histo  196284
 num     #instances         #bytes  class name
----------------------------------------------
   1:        413008       68537640  [C
   2:        321585        7718040  java.lang.String
   3:        190476        7619040  java.util.LinkedHashMap$Entry
   4:         85764        7547232  java.lang.reflect.Method
   5:          7119        5201712  [I
   6:        120782        3865024  java.util.concurrent.ConcurrentHashMap$Node
   7:         46087        3813496  [Ljava.util.HashMap$Node;
   8:         60844        2920512  org.aspectj.weaver.reflect.ShadowMatchImpl
   9:         58049        2729152  [Ljava.lang.Object;
  10:         47228        2644768  java.util.LinkedHashMap
  11:         60844        1947008  org.aspectj.weaver.patterns.ExposedState
  12:         14269        1591120  java.lang.Class
  13:         64951        1558824  java.util.ArrayList
  14:          2474        1544048  [Ljava.util.concurrent.ConcurrentHashMap$Node;
  15:         45545        1457440  java.util.HashMap$Node
  16:         29673        1149152  [Ljava.lang.String;
  17:         47817        1092184  [Ljava.lang.Class;
  18:         12420        1090152  [B
  19:         23623         944920  org.springframework.boot.devtools.filewatch.FileSnapshot
  20:         12646         910512  java.lang.reflect.Field
  21:         27395         876640  java.io.File
  22:         25395         812640  java.lang.ref.WeakReference
  23:         33288         798912  sun.reflect.generics.tree.SimpleClassTypeSignature
  24:         10170         732240  org.springframework.core.annotation.AnnotationAttributes
  25:         14569         699312  java.util.HashMap
  26:         33288         598344  [Lsun.reflect.generics.tree.TypeArgument;
  27:          8545         546880  springfox.documentation.service.Parameter
  28:         31353         501648  sun.reflect.generics.tree.ClassTypeSignature
  29:         15342         490944  java.util.LinkedList
  30:         30294         484704  java.lang.Object
  31:         11502         460080  java.lang.ref.SoftReference
  32:         10384         415360  org.springframework.util.ConcurrentReferenceHashMap$Segment
  33:         25565         409040  org.springframework.core.annotation.AnnotationUtils$DefaultValueHolder
  34:          6500         401000  [Ljava.lang.reflect.Method;
  35:         12503         400096  springfox.documentation.schema.ModelRef
  36:         16136         399064  [Ljava.lang.reflect.Type;
  37:         11634         372288  java.util.concurrent.locks.ReentrantLock$NonfairSync
  38:          4641         371280  java.lang.reflect.Constructor
  39:         11546         369472  java.lang.ref.ReferenceQueue
  40:         13859         332616  java.beans.MethodRef
  41:         11536         276864  java.util.LinkedList$Node
  42:         10384         273000  [Lorg.springframework.util.ConcurrentReferenceHashMap$Reference;
  43:          4609         258104  java.beans.MethodDescriptor
  44:         15685         250960  java.util.LinkedHashMap$LinkedKeySet
  45:         10384         249216  org.springframework.util.ConcurrentReferenceHashMap$ReferenceManager
  46:         10379         249096  sun.reflect.annotation.AnnotationInvocationHandler
  47:         15484         247744  java.util.LinkedHashSet
  48:          2511         241056  org.springframework.beans.GenericTypeAwarePropertyDescriptor
  49:          5695         227800  sun.reflect.generics.repository.MethodRepository
  50:         10933         216624  [Lsun.reflect.generics.tree.FieldTypeSignature;
  51:          3867         216552  java.lang.Class$ReflectionData
  52:          4488         215424  org.springframework.core.ResolvableType
  53:          3229         206656  java.util.concurrent.ConcurrentHashMap
  54:         11548         184768  java.lang.ref.ReferenceQueue$Lock
  55:          5742         183744  sun.reflect.generics.tree.MethodTypeSignature
  56:          2833         181312  springfox.documentation.schema.ModelProperty
  57:          5742         178368  [Lsun.reflect.generics.tree.TypeSignature;
  58:          7031         168744  com.fasterxml.classmate.members.RawMethod
  59:          3561         164304  [Ljava.io.File;
  60:          2441         156224  org.springframework.web.method.HandlerMethod$HandlerMethodParameter
  61:          6445         154680  sun.reflect.generics.factory.CoreReflectionFactory
  62:          2717         152152  com.fasterxml.classmate.types.ResolvedObjectType
  63:          9494         151904  com.google.common.base.Present
  64:          9246         147936  java.util.LinkedHashMap$LinkedEntrySet
  65:          2020         145440  java.beans.PropertyDescriptor
  66:           855         136800  org.springframework.beans.factory.support.RootBeanDefinition
  67:          5695         136680  sun.reflect.generics.scope.MethodScope
  68:          4228         135296  com.fasterxml.classmate.types.ResolvedInterfaceType
  69:          5252         132320  [Lcom.fasterxml.classmate.ResolvedType;
  70:          3289         131560  java.util.WeakHashMap$Entry
  71:             4         131136  [Lcom.alibaba.fastjson.util.IdentityHashMap$Entry;
  72:          3118         124720  java.lang.reflect.Parameter
  73:          5056         121344  sun.reflect.generics.reflectiveObjects.ParameterizedTypeImpl
  74:          1891         121024  org.springframework.core.MethodParameter
  75:           708         118944  org.springframework.context.annotation.ConfigurationClassBeanDefinitionReader$ConfigurationClassBeanDefinition
  76:          7063         113008  java.util.LinkedHashMap$LinkedValues
  77:          6350         109776  [Lsun.reflect.generics.tree.FormalTypeParameter;
  78:           693         108944  [Ljava.util.WeakHashMap$Entry;
  79:          3382         108224  java.util.Hashtable$Entry
  80:          2563         102520  java.util.TreeMap$Entry
  81:          4195         100680  java.util.jar.Attributes$Name
  82:          1987          95376  org.springframework.util.ConcurrentReferenceHashMap$SoftEntryReference
  83:          5796          92736  java.util.HashSet
  84:          3670          89664  [Lorg.springframework.core.annotation.AnnotationAttributes;
  85:          4896          78336  java.util.Collections$UnmodifiableSet
  86:          2427          77664  com.fasterxml.classmate.TypeBindings
  87:          3080          73920  org.springframework.cglib.core.Signature
  88:          1522          73056  org.springframework.beans.PropertyValue
  89:          1662          71056  [Ljava.lang.reflect.Field;
  90:          3203          70832  [Ljava.lang.reflect.Constructor;
  91:          2859          68616  org.springframework.core.convert.converter.GenericConverter$ConvertiblePair
  92:          1037          66368  java.net.URL
  93:          1008          64512  com.google.common.cache.LocalCache$StrongAccessWriteEntry
  94:          2881          62568  [Ljava.lang.annotation.Annotation;
  95:          3642          58272  java.util.HashMap$EntrySet
  96:          1040          58240  java.lang.Package
  97:          1812          57984  org.springframework.core.annotation.DefaultAnnotationAttributeExtractor
  98:           687          54960  springfox.documentation.service.Operation
  99:           966          54096  org.springframework.core.type.classreading.MethodMetadataReadingVisitor
 100:          2237          53688  org.springframework.beans.BeanMetadataAttribute
 101:           593          53176  [Ljava.beans.MethodDescriptor;
 102:          2813          53008  [Ljava.lang.reflect.TypeVariable;
 103:          2206          52944  java.util.Collections$SynchronizedSet
 104:          2204          52896  java.lang.Class$AnnotationData
 105:           429          52624  [Ljava.util.Hashtable$Entry;
 106:          2191          52584  org.springframework.beans.MutablePropertyValues
 107:          2191          52584  org.springframework.beans.factory.config.ConstructorArgumentValues
 108:          2191          52584  org.springframework.beans.factory.support.MethodOverrides
 109:           649          51920  [Lorg.springframework.util.ConcurrentReferenceHashMap$Segment;
 110:          1061          50928  java.util.TreeMap
 111:          1573          50336  sun.reflect.generics.reflectiveObjects.WildcardTypeImpl
 112:          1029          49392  java.util.concurrent.ConcurrentHashMap$TreeNode
 113:          2025          48600  sun.reflect.generics.tree.Wildcard
 114:          3024          48384  org.springframework.core.convert.support.GenericConversionService$ConvertersForPair
 115:          1512          48208  [Ljava.beans.PropertyDescriptor;
 116:          1504          48128  org.springframework.cglib.proxy.MethodProxy
 117:          1981          47544  org.springframework.util.ConcurrentReferenceHashMap$Entry
 118:           987          47376  ch.qos.logback.classic.Logger
 119:          1105          44200  java.lang.ref.Finalizer
 120:          1096          43840  springfox.documentation.builders.ApiDescriptionBuilder
 121:          1096          43840  springfox.documentation.spi.service.contexts.RequestMappingContext
 122:          1812          43488  org.springframework.core.annotation.SynthesizedAnnotationInvocationHandler
 123:          1808          43392  org.springframework.beans.factory.annotation.InjectionMetadata
 124:           900          43200  org.apache.tomcat.util.modeler.AttributeInfo
 125:          1650          41344  [Ljava.lang.reflect.Parameter;
 126:          1291          41312  org.springframework.core.convert.support.GenericConversionService$ConverterAdapter
 127:           735          41160  springfox.documentation.builders.ModelBuilder
 128:           735          41160  springfox.documentation.spi.schema.contexts.ModelContext
 129:           571          41112  feign.MethodMetadata
 130:          2538          40608  sun.reflect.generics.tree.TypeVariableSignature
 131:           632          40448  org.hibernate.validator.internal.metadata.raw.ConstrainedExecutable
 132:          2519          40304  java.util.jar.Attributes
 133:          1235          39520  org.springframework.cglib.proxy.MethodProxy$CreateInfo
 134:          1660          38984  [Lorg.springframework.web.bind.annotation.RequestMethod;
 135:          1633          38832  [Lorg.springframework.core.ResolvableType;
 136:          1607          38568  sun.reflect.NativeConstructorAccessorImpl
 137:          1180          37760  java.util.Collections$UnmodifiableMap
 138:           571          36544  feign.SynchronousMethodHandler
 139:          1107          35424  sun.reflect.generics.reflectiveObjects.TypeVariableImpl
 140:           864          34560  org.springframework.beans.factory.annotation.InitDestroyAnnotationBeanPostProcessor$LifecycleMetadata
 141:           136          33776  [[C
 142:           255          33128  [Z
 143:           690          33120  java.util.WeakHashMap
 144:           282          32928  [Lcom.fasterxml.classmate.members.RawMethod;
 145:          1366          32784  java.util.concurrent.atomic.AtomicLong
 146:           580          32480  org.springframework.web.method.HandlerMethod
 147:          1286          30864  com.fasterxml.classmate.types.ResolvedRecursiveType
 148:           428          30816  org.springframework.core.type.classreading.AnnotationMetadataReadingVisitor
 149:          1270          30480  sun.reflect.generics.scope.ClassScope
 150:           537          30072  sun.nio.cs.UTF_8$Encoder
 151:          1837          29392  java.lang.Integer
 152:           731          29240  com.fasterxml.jackson.databind.introspect.AnnotatedMethod
 153:           593          28464  java.beans.BeanDescriptor
 154:           706          28240  java.math.BigInteger
 155:          1171          28104  org.springframework.core.annotation.AnnotationUtils$AnnotationCacheKey
 156:           868          27776  sun.security.util.DerInputBuffer
 157:           868          27776  sun.security.util.DerValue
 158:           578          27744  org.springframework.web.servlet.mvc.method.RequestMappingInfo
 159:           687          27480  com.google.common.collect.Maps$TransformedEntriesMap
 160:           571          27408  feign.RequestTemplate
 161:          1140          27360  sun.reflect.generics.tree.FormalTypeParameter
 162:          1706          27296  sun.reflect.DelegatingConstructorAccessorImpl
 163:          1118          26832  org.hibernate.validator.internal.metadata.location.ConstraintLocation
 164:           252          26208  org.springframework.context.annotation.ScannedGenericBeanDefinition
 165:           649          25960  org.springframework.util.ConcurrentReferenceHashMap
 166:           517          24816  java.util.zip.Inflater
 167:          1541          24656  com.sun.proxy.$Proxy276
 168:           255          24480  java.util.jar.JarFile$JarFileEntry
 169:          1487          23792  com.sun.proxy.$Proxy133
 170:          1487          23792  com.sun.proxy.$Proxy135
 171:           495          23760  java.util.concurrent.locks.ReentrantReadWriteLock$NonfairSync
 172:           593          23720  java.beans.GenericBeanInfo
 173:           210          23520  org.springframework.beans.factory.annotation.AnnotatedGenericBeanDefinition
 174:           418          23408  springfox.documentation.schema.Model
 175:           714          22848  springfox.documentation.service.ResponseMessage
 176:          1422          22752  org.springframework.util.LinkedMultiValueMap
 177:          1404          22464  java.util.HashMap$KeySet
 178:           548          21920  springfox.documentation.spi.service.contexts.OperationModelContextsBuilder
 179:           262          20960  sun.net.www.protocol.jar.URLJarFile
 180:           868          20832  sun.security.util.DerInputStream
 181:           861          20664  [Lsun.security.x509.AVA;
 182:           861          20664  sun.security.x509.AVA
 183:           861          20664  sun.security.x509.RDN
 184:           644          20608  java.util.Vector
 185:          1278          20448  org.springframework.core.ResolvableType$DefaultVariableResolver
 186:           634          20288  com.fasterxml.jackson.databind.introspect.POJOPropertyBuilder$Linked
 187:           620          19840  org.springframework.web.servlet.mvc.condition.ProducesRequestCondition$ProduceMediaTypeExpression
 188:           580          19832  [Lorg.springframework.core.MethodParameter;
 189:           826          19824  sun.reflect.NativeMethodAccessorImpl
 190:           275          19800  sun.reflect.DelegatingClassLoader
 191:          1228          19648  org.springframework.expression.common.LiteralExpression
 192:           609          19488  com.google.common.collect.RegularImmutableSet
 193:           608          19456  sun.reflect.generics.repository.ClassRepository
 194:           400          19200  org.apache.tomcat.util.modeler.OperationInfo
 195:           594          19008  javax.management.MBeanAttributeInfo
 196:           392          18816  java.util.Hashtable
 197:           578          18496  org.springframework.web.servlet.handler.AbstractHandlerMethodMapping$MappingRegistration
 198:           578          18496  org.springframework.web.servlet.mvc.condition.PatternsRequestCondition
 199:           254          18288  org.springframework.beans.factory.annotation.AutowiredAnnotationBeanPostProcessor$ShortcutDependencyDescriptor
 200:          1131          18096  com.sun.proxy.$Proxy57
 201:          1122          17952  java.util.Collections$UnmodifiableMap$UnmodifiableEntrySet
 202:           742          17808  org.springframework.boot.autoconfigure.condition.ConditionEvaluationReport$ConditionAndOutcome
 203:           742          17808  org.springframework.boot.autoconfigure.condition.ConditionOutcome
 204:           734          17616  java.util.Collections$UnmodifiableRandomAccessList
 205:           548          17536  springfox.documentation.RequestHandlerKey
 206:           548          17536  springfox.documentation.service.ApiDescription
 207:           166          17264  org.springframework.beans.factory.support.GenericBeanDefinition
 208:           269          17216  java.util.jar.JarFile
 209:           717          17208  org.springframework.core.SerializableTypeWrapper$2
 210:           134          17152  org.aspectj.weaver.reflect.ReflectionBasedResolvedMemberImpl
 211:           709          17016  com.google.common.collect.SingletonImmutableSet
 212:           531          16992  java.util.zip.ZipCoder
 213:           698          16752  java.util.Collections$SingletonList
 214:           413          16520  java.security.ProtectionDomain
 215:           681          16344  org.springframework.http.MediaType
 216:          1015          16240  com.google.common.cache.LocalCache$StrongValueReference
 217:           506          16192  sun.reflect.UnsafeObjectFieldAccessorImpl
 218:           673          16152  com.fasterxml.classmate.members.RawField
 219:           288          16128  org.hibernate.validator.internal.util.ConcurrentReferenceHashMap$Segment
 220:             1          16016  [Lorg.springframework.boot.actuate.audit.AuditEvent;
 221:           995          15920  sun.reflect.DelegatingMethodAccessorImpl
 222:           282          15792  org.hibernate.validator.internal.metadata.raw.ConstrainedParameter
 223:           109          15696  org.aspectj.weaver.ReferenceType
 224:           486          15552  org.springframework.asm.Type
 225:           476          15232  sun.security.util.ObjectIdentifier
 226:           620          14880  springfox.documentation.service.ObjectVendorExtension
 227:           366          14640  org.springframework.beans.factory.annotation.AutowiredAnnotationBeanPostProcessor$AutowiredFieldElement
 228:           609          14616  java.util.concurrent.CopyOnWriteArrayList
 229:           608          14592  sun.reflect.generics.tree.ClassSignature
 230:            59          14464  [J
 231:           901          14416  java.util.concurrent.locks.ReentrantLock
 232:           593          14232  org.springframework.beans.CachedIntrospectionResults
 233:           581          13944  org.hibernate.validator.internal.metadata.raw.ExecutableElement$MethodElement
 234:           580          13920  org.springframework.web.servlet.mvc.condition.ProducesRequestCondition
 235:           578          13872  springfox.documentation.spring.web.WebMvcRequestHandler
 236:           501          13800  [Lorg.springframework.asm.Type;
 237:           575          13800  java.lang.StringBuilder
 238:           280          13440  sun.misc.URLClassPath$JarLoader
 239:           833          13328  com.fasterxml.jackson.databind.introspect.AnnotationMap
 240:           415          13280  java.security.CodeSource
 241:           548          13152  com.google.common.base.Equivalence$Wrapper
 242:           548          13152  springfox.documentation.spi.service.contexts.PathContext
 243:           548          13152  springfox.documentation.spring.web.plugins.DocumentationPluginsManager$1
 244:           809          12944  com.sun.proxy.$Proxy145
 245:           608          12896  [Lsun.reflect.generics.tree.ClassTypeSignature;
 246:           535          12840  java.util.ArrayDeque
 247:            34          12784  java.lang.Thread
 248:           391          12512  org.springframework.core.SerializableTypeWrapper$MethodParameterTypeProvider
 249:           517          12408  java.util.zip.ZStreamRef
 250:           774          12384  org.springframework.core.SerializableTypeWrapper$TypeProxyInvocationHandler
 251:           220          12320  java.lang.invoke.MemberName
 252:           762          12192  org.springframework.core.$Proxy5
 253:           507          12168  com.fasterxml.jackson.databind.introspect.MemberKey
 254:           169          12168  java.util.regex.Pattern
 255:           318          12112  [S
 256:           497          11928  java.util.concurrent.locks.ReentrantReadWriteLock
 257:           742          11872  org.springframework.boot.autoconfigure.condition.ConditionMessage
 258:           366          11712  sun.reflect.UnsafeStaticObjectFieldAccessorImpl
 259:           288          11704  [Lorg.hibernate.validator.internal.util.ConcurrentReferenceHashMap$HashEntry;
 260:           280          11200  javax.management.MBeanOperationInfo
 261:           350          11200  org.aspectj.weaver.Lint$Kind
 262:           687          10992  springfox.documentation.service.Operation$1
 263:           341          10912  sun.misc.FDBigInteger
 264:           212          10176  com.fasterxml.jackson.databind.introspect.POJOPropertyBuilder
 265:           212          10176  sun.security.x509.X500Name
 266:           178           9968  java.util.ResourceBundle$CacheKey
 267:           203           9744  org.hibernate.validator.internal.metadata.raw.ConstrainedField
 268:           301           9632  sun.security.x509.AlgorithmId
 269:           200           9600  java.util.logging.LogManager$LoggerWeakRef
 270:           588           9408  org.springframework.boot.autoconfigure.condition.ConditionEvaluationReport$ConditionAndOutcomes
 271:           291           9312  java.lang.reflect.WeakCache$CacheValue
 272:           290           9280  org.apache.tomcat.util.modeler.ParameterInfo
 273:           579           9264  org.springframework.web.servlet.mvc.condition.ConsumesRequestCondition
 274:           579           9264  org.springframework.web.servlet.mvc.condition.HeadersRequestCondition
 275:           579           9264  org.springframework.web.servlet.mvc.condition.RequestMethodsRequestCondition
 276:           578           9248  org.springframework.web.servlet.mvc.condition.ParamsRequestCondition
 277:           578           9248  org.springframework.web.servlet.mvc.condition.RequestConditionHolder
 278:           548           8768  springfox.documentation.spring.web.OperationCachingEquivalence
 279:           269           8608  org.springframework.cglib.proxy.MethodProxy$FastClassInfo
 280:           268           8576  java.lang.reflect.Proxy$Key1
 281:           178           8544  java.util.ResourceBundle$BundleReference
 282:           265           8480  org.apache.catalina.util.ManifestResource
 283:           264           8448  org.springframework.format.support.FormattingConversionService$AnnotationParserConverter
 284:           264           8448  org.springframework.format.support.FormattingConversionService$AnnotationPrinterConverter
 285:           400           8328  [Lorg.apache.tomcat.util.modeler.ParameterInfo;
 286:           260           8320  com.alibaba.fastjson.util.IdentityHashMap$Entry
 287:           342           8208  java.util.Date
 288:            93           8184  org.aspectj.weaver.reflect.Java15ReflectionBasedReferenceTypeDelegate
 289:           254           8128  org.springframework.format.support.FormattingConversionService$PrinterConverter
 290:            92           8096  org.springframework.beans.ExtendedBeanInfo$SimplePropertyDescriptor
 291:           252           8064  java.util.LinkedHashMap$LinkedKeyIterator
 292:           251           8032  com.netflix.servo.monitor.MonitorConfig
 293:           334           8016  org.springframework.core.convert.TypeDescriptor
 294:           334           8016  org.springframework.core.convert.TypeDescriptor$AnnotatedElementAdapter
 295:           100           8000  sun.security.x509.X509CertImpl
 296:           333           7992  springfox.documentation.service.AllowableListValues
 297:           497           7952  java.util.concurrent.locks.ReentrantReadWriteLock$ReadLock
 298:           497           7952  java.util.concurrent.locks.ReentrantReadWriteLock$Sync$ThreadLocalHoldCounter
 299:           497           7952  java.util.concurrent.locks.ReentrantReadWriteLock$WriteLock
 300:           210           7936  [Ljava.util.concurrent.atomic.AtomicLong;
 301:            90           7920  org.aspectj.weaver.ResolvedType$Primitive
 302:           491           7856  com.sun.proxy.$Proxy130
 303:           490           7840  com.sun.proxy.$Proxy144
 304:           247           7752  [Lcom.netflix.servo.tag.Tag;
 305:           314           7536  java.lang.Long
 306:           235           7520  java.lang.invoke.LambdaForm$Name
 307:           233           7456  com.google.common.collect.RegularImmutableSortedSet
 308:           231           7392  com.google.common.collect.RegularImmutableList
 309:           462           7392  java.lang.Boolean
 310:           212           7376  [Lsun.security.x509.RDN;
 311:           184           7360  org.springframework.cglib.proxy.Enhancer$EnhancerKey$$KeyFactoryByCGLIB$$4ce19e8f
 312:           227           7264  javax.management.MBeanParameterInfo
 313:           231           7256  [Lio.swagger.annotations.ApiImplicitParam;
 314:           299           7176  org.apache.commons.logging.impl.SLF4JLocationAwareLog
 315:           296           7104  feign.ReflectiveFeign$BuildEncodedTemplateFromArgs
 316:            98           7056  java.util.logging.Logger
 317:           291           6984  com.fasterxml.classmate.util.ResolvedTypeCache$Key
 318:           217           6944  com.fasterxml.jackson.databind.introspect.AnnotatedField
 319:           282           6768  java.io.ExpiringCache$Entry
 320:             7           6760  [[B
 321:           413           6608  [Ljava.security.Principal;
 322:           413           6608  java.security.ProtectionDomain$Key
 323:           275           6600  feign.ReflectiveFeign$BuildTemplateByResolvingArgs
 324:           115           6440  java.util.HashMap$TreeNode
 325:           402           6432  java.util.concurrent.atomic.AtomicInteger
 326:           307           6416  [Lorg.aspectj.weaver.ResolvedType;
 327:           266           6384  java.util.Collections$UnmodifiableCollection$1
 328:           265           6360  org.springframework.boot.context.properties.ConfigurationBeanFactoryMetaData$MetaData
 329:           263           6312  javax.management.ImmutableDescriptor
 330:           197           6304  com.sun.jmx.mbeanserver.ConvertingMethod
 331:            98           6272  org.springframework.aop.framework.ProxyFactory
 332:           254           6096  org.springframework.format.support.FormattingConversionService$ParserConverter
 333:           251           6024  java.util.regex.Pattern$GroupHead
 334:           251           6024  java.util.regex.Pattern$GroupTail
 335:           247           5928  com.netflix.servo.tag.BasicTagList
 336:           247           5928  com.netflix.servo.tag.SmallTagMap
 337:           183           5856  java.util.regex.Pattern$Curly
 338:           183           5856  org.springframework.cglib.core.WeakCacheKey
 339:           183           5856  org.springframework.cglib.proxy.Enhancer$EnhancerFactoryData
 340:           181           5792  java.util.logging.LogManager$LogNode
 341:           103           5768  org.aspectj.apache.bcel.util.ClassLoaderRepository
 342:           178           5696  java.util.ResourceBundle$LoaderReference
 343:            89           5696  springfox.documentation.service.ApiListing
 344:           100           5600  sun.security.util.MemoryCache$SoftCacheEntry
 345:           100           5600  sun.security.x509.X509CertInfo
 346:           233           5592  com.google.common.collect.ImmutableSortedAsList
 347:           348           5568  com.sun.proxy.$Proxy30
 348:           139           5560  java.lang.invoke.MethodType
 349:            92           5520  [Ljava.lang.ref.SoftReference;
 350:            79           5520  [Ljavax.management.MBeanAttributeInfo;
 351:           230           5520  com.fasterxml.jackson.databind.PropertyName
 352:           172           5504  sun.reflect.annotation.AnnotationType
 353:           339           5424  org.springframework.beans.factory.support.ConstructorResolver$AutowiredArgumentMarker
 354:           329           5264  com.sun.proxy.$Proxy22
 355:           217           5208  java.security.Provider$ServiceKey
 356:           105           5040  org.springframework.cloud.netflix.feign.FeignClientFactoryBean
 357:            89           4984  java.security.Provider$Service
 358:           302           4832  java.lang.ThreadLocal
 359:           299           4784  org.springframework.boot.autoconfigure.condition.OnBeanCondition
 360:            74           4736  org.springframework.beans.factory.config.DependencyDescriptor
 361:           193           4632  org.springframework.boot.autoconfigure.condition.OnClassCondition
 362:           140           4480  java.lang.invoke.MethodType$ConcurrentWeakInternSet$WeakEntry
 363:           278           4448  sun.reflect.generics.tree.ArrayTypeSignature
 364:           273           4368  java.lang.Byte
 365:           165           4360  [Ljava.lang.annotation.ElementType;
 366:           171           4232  [Ljavax.management.MBeanParameterInfo;
 367:           176           4224  org.springframework.boot.context.embedded.MimeMappings$Mapping
 368:           131           4192  java.util.Collections$SynchronizedMap
 369:            52           4160  com.google.common.cache.LocalCache$Segment
 370:           104           4160  org.springframework.beans.factory.config.ConstructorArgumentValues$ValueHolder
 371:           173           4152  org.springframework.core.convert.support.GenericConversionService$ConverterFactoryAdapter
 372:           172           4128  java.text.EntryPair
 373:            27           4104  org.aspectj.weaver.ArrayReferenceType
 374:           256           4096  java.lang.Short
 375:           128           4096  java.security.Permissions
 376:           127           4064  com.sun.org.apache.xerces.internal.xni.QName
 377:            28           4032  [Lcom.fasterxml.jackson.core.sym.CharsToNameCanonicalizer$Bucket;
 378:           125           4000  java.io.FilePermission
 379:           164           3936  redis.clients.jedis.Protocol$Command
 380:           163           3912  org.springframework.core.io.FileSystemResource
 381:           161           3864  javax.management.ObjectName$Property
 382:            80           3840  java.lang.invoke.LambdaForm
 383:           160           3840  java.util.concurrent.ConcurrentLinkedQueue$Node
 384:            10           3840  org.apache.tomcat.util.threads.TaskThread
 385:            85           3816  [Ljava.lang.invoke.LambdaForm$Name;
 386:           238           3808  com.sun.proxy.$Proxy142
 387:           238           3808  org.springframework.core.convert.support.ObjectToStringConverter
 388:            78           3744  javax.management.MBeanInfo
 389:           233           3728  springfox.documentation.schema.property.OptimizedModelPropertiesProvider$1
 390:            93           3720  sun.security.rsa.RSAPublicKeyImpl
 391:           116           3712  java.security.BasicPermissionCollection
 392:           205           3696  [Lcom.sun.jmx.mbeanserver.MXBeanMapping;
 393:           231           3696  com.sun.proxy.$Proxy146
 394:            24           3648  com.netflix.appinfo.InstanceInfo
 395:            90           3600  org.springframework.cloud.sleuth.instrument.web.client.feign.TraceFeignClient
 396:           125           3584  [Ljavax.management.ObjectName$Property;
 397:            64           3584  org.apache.tomcat.util.modeler.ManagedBean
 398:            89           3560  com.google.common.collect.LinkedListMultimap$Node
 399:           141           3384  org.springframework.core.io.ClassPathResource
 400:            70           3360  java.util.concurrent.ConcurrentHashMap$TreeBin
 401:            37           3336  [Lcom.fasterxml.classmate.members.RawField;
 402:           104           3328  org.aspectj.apache.bcel.util.ClassLoaderRepository$SoftHashMap
 403:            82           3280  com.google.common.collect.MapMakerInternalMap$WeakEntry
 404:            82           3280  org.springframework.core.convert.Property
 405:            40           3264  [Ljava.lang.ThreadLocal$ThreadLocalMap$Entry;
 406:           104           3208  [Lorg.springframework.aop.Advisor;
 407:            50           3200  javax.management.openmbean.OpenMBeanAttributeInfoSupport
 408:            66           3168  com.fasterxml.jackson.databind.type.SimpleType
 409:            39           3120  com.fasterxml.jackson.databind.introspect.AnnotatedClass
 410:           127           3048  java.lang.RuntimePermission
 411:           127           3048  java.util.regex.Pattern$Slice
 412:           190           3040  java.util.TreeSet
 413:           126           3024  java.io.FilePermissionCollection
 414:           125           3000  java.util.concurrent.ConcurrentHashMap$KeySetView
 415:           124           2976  org.springframework.boot.devtools.filewatch.FolderSnapshot
 416:           123           2952  java.util.jar.Manifest
 417:           184           2944  com.sun.proxy.$Proxy23
 418:           184           2944  com.sun.proxy.$Proxy9
 419:           122           2928  java.util.regex.Pattern$Start
 420:            28           2912  [Ljava.lang.invoke.MethodHandle;
 421:           182           2912  com.sun.proxy.$Proxy28
 422:           176           2816  java.util.concurrent.atomic.AtomicReference
 423:           176           2816  org.springframework.context.annotation.ConfigurationClassEnhancer$BeanFactoryAwareGeneratorStrategy
 424:           175           2800  com.sun.proxy.$Proxy61
 425:            87           2784  java.util.regex.Pattern$Branch
 426:            86           2752  sun.security.x509.BasicConstraintsExtension
 427:            34           2720  com.fasterxml.jackson.databind.DeserializationConfig
 428:            34           2720  com.fasterxml.jackson.databind.SerializationConfig
 429:            68           2720  com.netflix.servo.monitor.StepLong
 430:            13           2704  org.springframework.beans.factory.support.DefaultListableBeanFactory
 431:           111           2664  org.springframework.aop.framework.AdvisedSupport$MethodCacheKey
 432:            83           2656  sun.security.x509.SubjectKeyIdentifierExtension
 433:           165           2640  com.sun.proxy.$Proxy0
 434:            66           2640  java.io.ObjectStreamField
 435:            55           2640  sun.net.www.MimeEntry
 436:            47           2632  java.lang.invoke.MethodTypeForm
 437:            47           2632  org.aspectj.internal.lang.reflect.AjTypeImpl
 438:           109           2616  java.util.regex.Pattern$SliceI
 439:           163           2608  com.sun.proxy.$Proxy1
 440:            69           2592  [Ljavax.management.MBeanOperationInfo;
 441:             5           2592  [[Ljava.lang.String;
 442:            81           2592  java.lang.invoke.DirectMethodHandle
 443:            54           2592  org.hibernate.validator.internal.util.ConcurrentReferenceHashMap$SoftKeyReference
 444:            54           2592  org.hibernate.validator.internal.util.ConcurrentReferenceHashMap$SoftValueReference
 445:            63           2520  javax.management.ObjectName
 446:            87           2512  [Ljava.util.regex.Pattern$Node;
 447:           103           2472  java.lang.invoke.LambdaForm$NamedFunction
 448:           103           2472  org.aspectj.weaver.WeakClassLoaderReference
 449:           103           2472  org.aspectj.weaver.bcel.BcelWeakClassLoaderReference
 450:           103           2472  org.aspectj.weaver.reflect.Java15AnnotationFinder
 451:           102           2448  com.netflix.servo.monitor.BasicCounter
 452:           153           2448  com.sun.proxy.$Proxy132
 453:           153           2448  com.sun.proxy.$Proxy134
 454:           102           2448  java.util.regex.Pattern$Single
 455:            76           2432  sun.security.x509.KeyUsageExtension
 456:            60           2400  org.springframework.util.AntPathMatcher
 457:           100           2400  sun.security.util.BitArray
 458:           100           2400  sun.security.util.Cache$EqualByteArray
 459:           100           2400  sun.security.x509.CertificateValidity
 460:            59           2360  org.springframework.beans.factory.support.DisposableBeanAdapter
 461:            98           2352  java.util.regex.Pattern$1
 462:            96           2304  sun.reflect.generics.repository.FieldRepository
 463:            57           2280  java.util.HashMap$KeyIterator
 464:            95           2280  org.springframework.aop.framework.CglibAopProxy$ClassLoaderAwareUndeclaredThrowableStrategy
 465:            94           2256  java.util.Arrays$ArrayList
 466:            93           2232  org.aspectj.weaver.reflect.JavaLangTypeToResolvedTypeConverter
 467:            92           2208  java.util.regex.Pattern$BitClass
 468:            91           2184  feign.Request$Options
 469:            30           2160  com.fasterxml.jackson.databind.introspect.POJOPropertiesCollector
 470:            90           2160  feign.ReflectiveFeign$FeignInvocationHandler
 471:            90           2160  feign.Target$HardCodedTarget
 472:            15           2160  java.text.DecimalFormat
 473:            90           2160  org.springframework.cloud.sleuth.instrument.web.client.feign.TraceLoadBalancerFeignClient
 474:           134           2144  org.aspectj.weaver.reflect.Java15GenericSignatureInformationProvider
 475:            67           2144  org.springframework.http.HttpStatus
 476:            89           2136  com.google.common.collect.LinkedListMultimap$KeyList
 477:            89           2136  org.springframework.core.io.UrlResource
 478:            89           2136  springfox.documentation.service.ApiListingReference
 479:            89           2136  springfox.documentation.service.Tag
 480:            89           2136  sun.security.x509.CertificateExtensions
 481:            88           2112  java.util.Collections$SetFromMap
 482:            44           2112  sun.util.locale.LocaleObjectCache$CacheEntry
 483:            52           2080  org.springframework.core.annotation.AnnotationUtils$AliasDescriptor
 484:            86           2064  org.springframework.core.type.StandardMethodMetadata
 485:           128           2048  java.lang.Character
 486:            51           2040  java.time.format.DateTimeFormatter
 487:            28           2016  com.fasterxml.jackson.databind.deser.DefaultDeserializationContext$Impl
 488:            28           2016  com.fasterxml.jackson.databind.ser.DefaultSerializerProvider$Impl
 489:            84           2016  java.security.Provider$UString
 490:            63           2016  java.util.ArrayList$Itr
 491:            25           2000  java.net.URI
 492:           123           1968  com.sun.proxy.$Proxy4
 493:            49           1960  java.security.AccessControlContext
 494:            81           1944  java.util.regex.Pattern$Dollar
 495:            10           1920  org.aspectj.weaver.reflect.ReflectionWorld
 496:            79           1904  [Lcom.fasterxml.jackson.databind.JavaType;
 497:           119           1904  sun.security.x509.KeyIdentifier
 498:            59           1888  java.util.concurrent.locks.AbstractQueuedSynchronizer$Node
 499:            46           1840  sun.security.ec.NamedCurve
 500:            38           1824  org.aspectj.weaver.UnresolvedType
 501:            28           1792  com.fasterxml.jackson.core.sym.ByteQuadsCanonicalizer
 502:            28           1792  com.fasterxml.jackson.core.sym.CharsToNameCanonicalizer
 503:            28           1792  com.fasterxml.jackson.databind.ObjectMapper
 504:           112           1792  okhttp3.CipherSuite
 505:            44           1760  sun.reflect.UnsafeQualifiedStaticObjectFieldAccessorImpl
 506:           110           1760  sun.security.x509.SerialNumber
 507:            73           1752  org.springframework.core.convert.support.GenericConversionService$ConverterCacheKey
 508:           109           1744  com.sun.proxy.$Proxy16
 509:           109           1744  com.sun.proxy.$Proxy277
 510:            54           1728  org.hibernate.validator.internal.util.ConcurrentReferenceHashMap$HashEntry
 511:            72           1728  org.springframework.format.datetime.standard.TemporalAccessorParser
 512:            54           1728  org.xml.sax.helpers.LocatorImpl
 513:            63           1720  [Ljava.time.format.DateTimeFormatterBuilder$DateTimePrinterParser;
 514:            53           1696  org.hibernate.validator.internal.metadata.raw.BeanConfiguration
 515:            30           1680  com.fasterxml.jackson.databind.cfg.BaseSettings
 516:           105           1680  com.sun.proxy.$Proxy107
 517:           105           1680  sun.reflect.BootstrapConstructorAccessorImpl
 518:            13           1664  com.google.common.cache.LocalCache
 519:           104           1664  java.util.regex.Pattern$Dot
 520:           103           1648  com.sun.proxy.$Proxy7
 521:            51           1632  com.netflix.servo.monitor.BasicTimer$FactorMonitor
 522:            17           1632  sun.util.calendar.Gregorian$Date
 523:            34           1608  [Ljava.security.ProtectionDomain;
 524:            10           1600  org.aspectj.weaver.Lint
 525:            40           1600  sun.management.DiagnosticCommandArgumentInfo
 526:           100           1600  sun.security.x509.CertificateAlgorithmId
 527:           100           1600  sun.security.x509.CertificateSerialNumber
 528:           100           1600  sun.security.x509.CertificateVersion
 529:           100           1600  sun.security.x509.CertificateX509Key
 530:            66           1584  com.thoughtworks.xstream.core.util.PrioritizedList$PrioritizedItem
 531:            99           1584  java.util.TreeMap$KeySet
 532:            28           1568  com.fasterxml.jackson.databind.MappingJsonFactory
 533:            98           1568  org.springframework.aop.framework.DefaultAdvisorChainFactory
 534:            98           1568  org.springframework.aop.framework.DefaultAopProxyFactory
 535:            49           1568  org.springframework.context.event.AbstractApplicationEventMulticaster$ListenerRetriever
 536:            97           1552  org.springframework.aop.framework.CglibAopProxy$SerializableNoOp
 537:            64           1536  javax.ws.rs.core.MediaType
 538:            24           1536  org.springframework.core.type.classreading.CachingMetadataReaderFactory$1
 539:            48           1536  org.springframework.expression.spel.standard.TokenKind
 540:            38           1520  com.fasterxml.jackson.databind.introspect.BasicBeanDescription
 541:            95           1520  org.springframework.aop.framework.CglibAopProxy$AdvisedDispatcher
 542:            95           1520  org.springframework.aop.framework.CglibAopProxy$DynamicAdvisedInterceptor
 543:            95           1520  org.springframework.aop.framework.CglibAopProxy$EqualsInterceptor
 544:            95           1520  org.springframework.aop.framework.CglibAopProxy$HashCodeInterceptor
 545:            63           1512  java.time.format.DateTimeFormatterBuilder$CompositePrinterParser
 546:            94           1504  org.springframework.boot.autoconfigure.condition.OnPropertyCondition
 547:            47           1504  sun.reflect.generics.repository.ConstructorRepository
 548:            62           1488  com.sun.jmx.mbeanserver.NamedObject
 549:            31           1488  java.util.Properties
 550:            62           1488  java.util.concurrent.locks.AbstractQueuedSynchronizer$ConditionObject
 551:            93           1488  javax.security.auth.x500.X500Principal
 552:            93           1488  org.springframework.aop.framework.CglibAopProxy$StaticDispatcher
 553:            93           1488  org.springframework.aop.framework.CglibAopProxy$StaticUnadvisedInterceptor
 554:            93           1488  org.springframework.aop.target.SingletonTargetSource
 555:            46           1472  java.security.spec.EllipticCurve
 556:            13           1456  java.util.GregorianCalendar
 557:            26           1456  org.apache.tomcat.util.res.StringManager$1
 558:            26           1456  org.springframework.core.env.PropertySourcesPropertyResolver
 559:            26           1456  sun.util.calendar.ZoneInfo
 560:            18           1440  [Lorg.hibernate.validator.internal.util.ConcurrentReferenceHashMap$Segment;
 561:            90           1440  feign.codec.ErrorDecoder$Default
 562:            90           1440  feign.codec.ErrorDecoder$RetryAfterDecoder
 563:            90           1440  feign.slf4j.Slf4jLogger
 564:            30           1440  java.time.temporal.ValueRange
 565:            12           1440  org.springframework.context.annotation.AnnotationConfigApplicationContext
 566:            60           1440  org.springframework.util.AntPathMatcher$PathSeparatorPatternCache
 567:            90           1440  springfox.documentation.service.Tags$1
 568:            36           1440  sun.security.x509.AuthorityKeyIdentifierExtension
 569:            89           1424  com.sun.proxy.$Proxy58
 570:            59           1416  com.fasterxml.jackson.databind.util.LRUMap
 571:            59           1416  java.util.concurrent.ConcurrentLinkedQueue
 572:            58           1392  com.sun.jersey.core.impl.provider.entity.Inflector$Replacer
 573:            87           1392  java.util.regex.Pattern$BranchConn
 574:            15           1376  [Ljava.lang.Byte;
 575:             1           1376  [Lsun.misc.FDBigInteger;
 576:            57           1368  org.springframework.web.util.UrlPathHelper
 577:            24           1344  com.netflix.appinfo.LeaseInfo
 578:            28           1344  org.apache.catalina.util.Extension
 579:            42           1344  org.springframework.core.type.filter.AnnotationTypeFilter
 580:            55           1320  com.fasterxml.jackson.databind.type.ClassKey
 581:            82           1312  com.google.common.collect.MapMakerInternalMap$StrongValueReference
 582:            82           1312  com.sun.proxy.$Proxy111
 583:             9           1296  [Lorg.aspectj.apache.bcel.generic.Type;
 584:            81           1296  java.util.HashMap$Values
 585:            39           1280  [Ljava.math.BigInteger;
 586:            31           1240  ch.qos.logback.core.status.InfoStatus
 587:            51           1224  java.security.spec.ECPoint
 588:            51           1224  org.hibernate.validator.internal.metadata.raw.ExecutableElement$ConstructorElement
 589:            76           1216  com.sun.proxy.$Proxy147
 590:            76           1216  com.sun.proxy.$Proxy26
 591:            76           1216  com.sun.proxy.$Proxy29
 592:             4           1200  [[S
 593:            30           1200  java.math.BigDecimal
 594:            30           1200  java.time.temporal.ChronoField
 595:            50           1200  java.util.regex.Pattern$7
 596:            30           1200  org.apache.tomcat.util.modeler.BaseModelMBean
 597:            37           1184  com.google.inject.internal.asm.$Type
 598:            37           1184  com.sun.jersey.api.client.ClientResponse$Status
 599:            72           1152  com.sun.proxy.$Proxy110
 600:            48           1152  org.springframework.beans.factory.config.BeanExpressionContext
 601:            72           1152  org.springframework.format.datetime.standard.TemporalAccessorPrinter
 602:            47           1128  sun.reflect.generics.scope.ConstructorScope
 603:            28           1120  com.fasterxml.jackson.core.sym.ByteQuadsCanonicalizer$TableInfo
 604:            28           1120  java.util.HashMap$EntryIterator
 605:            28           1120  java.util.PropertyResourceBundle
 606:            20           1120  java.util.concurrent.ConcurrentHashMap$KeyIterator
 607:            28           1120  org.aspectj.weaver.patterns.NamePattern
 608:            69           1104  com.sun.proxy.$Proxy6
 609:            68           1088  com.sun.proxy.$Proxy8
 610:            17           1088  org.springframework.beans.factory.support.DefaultListableBeanFactory$NestedDependencyDescriptor
 611:            68           1088  org.springframework.core.convert.support.CollectionToArrayConverter
 612:            68           1088  org.springframework.core.convert.support.CollectionToStringConverter
 613:            45           1080  com.google.inject.internal.cglib.core.$Signature
 614:             9           1080  java.net.SocksSocketImpl
 615:            45           1080  org.springframework.core.type.StandardAnnotationMetadata
 616:             2           1064  [Ljava.lang.Integer;
 617:            22           1056  java.util.concurrent.ThreadPoolExecutor$Worker
 618:             1           1040  [Ljava.lang.Long;
 619:             1           1040  [Ljava.lang.Short;
 620:             1           1040  [Lsun.text.normalizer.UnicodeSet;
 621:             1           1040  [[Ljava.lang.Class;
 622:            13           1040  org.springframework.context.support.PropertySourcesPlaceholderConfigurer
 623:            43           1032  java.util.regex.Pattern$5
 624:            64           1024  [Lorg.apache.tomcat.util.modeler.NotificationInfo;
 625:             7           1008  [Ljava.util.concurrent.locks.ReentrantLock;
 626:            14           1008  java.util.concurrent.ThreadPoolExecutor
 627:            63           1008  java.util.concurrent.atomic.AtomicBoolean
 628:            42           1008  java.util.regex.Pattern$SingleI
 629:            25           1000  ch.qos.logback.core.joran.event.StartEvent
 630:            25           1000  org.springframework.core.SerializableTypeWrapper$MethodInvokeTypeProvider
 631:            61            976  java.util.concurrent.atomic.AtomicReferenceArray
 632:            40            960  java.lang.ThreadLocal$ThreadLocalMap
 633:            30            960  java.security.Provider$EngineDescription
 634:            15            960  java.text.DateFormatSymbols
 635:            15            960  java.text.DecimalFormatSymbols
 636:            40            960  org.jboss.logging.Slf4jLocationAwareLogger
 637:            17            952  javax.management.openmbean.ArrayType
 638:            39            936  com.netflix.servo.tag.BasicTag
 639:            13            936  org.springframework.context.annotation.ClassPathBeanDefinitionScanner
 640:            38            912  java.util.regex.Pattern$CharProperty$1
 641:            19            912  sun.management.DiagnosticCommandInfo
 642:            28            896  com.fasterxml.jackson.core.sym.CharsToNameCanonicalizer$TableInfo
 643:            28            896  com.fasterxml.jackson.databind.introspect.AnnotatedConstructor
 644:            28            896  org.springframework.expression.spel.SpelParserConfiguration
 645:            28            896  org.springframework.util.PropertyPlaceholderHelper
 646:            37            888  org.springframework.core.env.MapPropertySource
 647:            22            880  com.sun.jmx.mbeanserver.MXBeanSupport
 648:            55            880  com.sun.proxy.$Proxy106
 649:            22            880  org.apache.tomcat.util.collections.ManagedConcurrentWeakHashMap$Key
 650:             7            864  [D
 651:            27            864  com.fasterxml.jackson.databind.DeserializationFeature
 652:            36            864  com.sun.org.apache.xerces.internal.util.XMLStringBuffer
 653:            36            864  java.time.format.DateTimeFormatterBuilder$LocalizedPrinterParser
 654:            54            864  org.apache.juli.logging.DirectJDKLog
 655:            18            864  org.hibernate.validator.internal.util.ConcurrentReferenceHashMap
 656:            36            864  org.springframework.context.event.AbstractApplicationEventMulticaster$ListenerCacheKey
 657:            46            856  [Ljavax.management.MBeanNotificationInfo;
 658:            21            840  java.io.FileDescriptor
 659:            35            840  java.util.regex.Pattern$Ques
 660:            15            840  org.springframework.expression.spel.support.StandardEvaluationContext
 661:            21            840  sun.util.locale.BaseLocale$Key
 662:            26            832  com.fasterxml.jackson.databind.type.TypeBindings
 663:            52            832  com.sun.proxy.$Proxy27
 664:            13            832  java.text.SimpleDateFormat
 665:            26            832  java.util.regex.Pattern$BnM
 666:            13            832  org.springframework.context.annotation.CommonAnnotationBeanPostProcessor
 667:            26            832  org.springframework.context.annotation.ConditionEvaluator$ConditionContextImpl
 668:            13            832  org.springframework.context.annotation.ConfigurationClassPostProcessor
 669:            17            816  com.netflix.servo.monitor.BasicTimer
 670:            34            816  com.netflix.servo.monitor.StepCounter
 671:            17            816  org.aspectj.weaver.TypeVariable
 672:            34            816  org.springframework.core.convert.support.ArrayToArrayConverter
 673:            34            816  org.springframework.core.convert.support.GenericConversionService$Converters
 674:            25            800  ch.qos.logback.core.joran.event.EndEvent
 675:            25            800  com.fasterxml.jackson.databind.util.TypeKey
 676:            50            800  com.sun.proxy.$Proxy12
 677:            33            792  com.sun.jersey.core.spi.component.ComponentInjector
 678:            33            792  com.sun.jersey.core.spi.component.ProviderFactory$SingletonComponentProvider
 679:            33            792  com.sun.org.apache.xerces.internal.xni.XMLString
 680:             9            792  java.net.DualStackPlainSocketImpl
 681:            14            784  com.fasterxml.jackson.databind.type.MapType
 682:             8            768  [Lcom.sun.org.apache.xerces.internal.xni.QName;
 683:            32            768  com.sun.jmx.mbeanserver.DefaultMXBeanMappingFactory$IdentityMapping
 684:            16            768  com.sun.org.apache.xerces.internal.util.XMLAttributesImpl$Attribute
 685:            32            768  java.util.regex.Pattern$Ctype
 686:            24            768  sun.security.x509.OIDMap$OIDInfo
 687:            24            768  sun.security.x509.URIName
 688:            11            752  [Lorg.aspectj.weaver.ResolvedMember;
 689:            47            752  com.sun.proxy.$Proxy11
 690:            47            752  sun.reflect.generics.reflectiveObjects.GenericArrayTypeImpl
 691:            23            736  com.fasterxml.jackson.databind.SerializationFeature
 692:            23            736  com.sun.jmx.mbeanserver.WeakIdentityHashMap$IdentityWeakReference
 693:            13            728  com.fasterxml.jackson.databind.type.CollectionType
 694:             9            720  [Ljava.util.concurrent.RunnableScheduledFuture;
 695:            30            720  com.alibaba.fastjson.serializer.SerializerFeature
 696:            18            720  com.yintech.crm.domain.core.data.Org
 697:            15            720  java.lang.management.PlatformComponent
 698:             9            720  java.util.concurrent.ScheduledThreadPoolExecutor
 699:            10            720  java.util.concurrent.ScheduledThreadPoolExecutor$ScheduledFutureTask
 700:            10            720  org.aspectj.weaver.CrosscuttingMembersSet
 701:            10            720  org.aspectj.weaver.patterns.SignaturePattern
 702:            10            720  org.springframework.aop.aspectj.annotation.InstantiationModelAwarePointcutAdvisorImpl
 703:             1            712  [Lcom.sun.org.apache.xerces.internal.util.SymbolTable$Entry;
 704:            22            704  java.lang.ThreadLocal$ThreadLocalMap$Entry
 705:            22            704  sun.reflect.UnsafeQualifiedObjectFieldAccessorImpl
 706:            29            696  com.google.common.collect.ImmutableMapEntry$TerminalEntry
 707:            29            696  com.google.inject.TypeLiteral
 708:            41            688  [Ljavax.management.MBeanConstructorInfo;
 709:            43            688  sun.security.x509.GeneralName
 710:            23            680  [Ljava.io.ObjectStreamField;
 711:             1            672  [Lredis.clients.jedis.Protocol$Command;
 712:            21            672  com.fasterxml.jackson.databind.MapperFeature
 713:            28            672  com.fasterxml.jackson.databind.deser.DeserializerCache
 714:            28            672  com.fasterxml.jackson.databind.introspect.SimpleMixInResolver
 715:            28            672  com.fasterxml.jackson.databind.ser.SerializerCache
 716:            21            672  com.netflix.discovery.shared.Application
 717:            42            672  com.sun.proxy.$Proxy10
 718:            21            672  java.util.Locale
 719:            21            672  java.util.PropertyPermission
 720:            12            672  javax.management.openmbean.CompositeType
 721:            12            672  org.springframework.context.annotation.CommonAnnotationBeanPostProcessor$ResourceElement
 722:             6            672  sun.nio.ch.SocketChannelImpl
 723:            21            672  sun.util.locale.BaseLocale
 724:            14            672  sun.util.locale.provider.LocaleResources$ResourceReference
 725:            27            648  java.net.InetAddress$InetAddressHolder
 726:            27            648  org.springframework.context.annotation.AnnotationScopeMetadataResolver
 727:            40            640  com.sun.proxy.$Proxy278
 728:            16            640  java.util.Collections$SingletonMap
 729:            10            640  org.aspectj.weaver.patterns.KindedPointcut
 730:            40            640  org.springframework.context.annotation.AnnotationBeanNameGenerator
 731:             8            640  org.springframework.data.redis.core.RedisTemplate
 732:             3            624  [Ljava.lang.invoke.LambdaForm;
 733:            26            624  com.fasterxml.classmate.types.ResolvedArrayType
 734:            13            624  com.fasterxml.jackson.core.JsonToken
 735:            26            624  java.security.spec.ECFieldF2m
 736:            39            624  java.util.regex.Pattern$CharPropertyNames$1
 737:            26            624  org.apache.tomcat.util.res.StringManager
 738:            39            624  org.hibernate.validator.internal.util.logging.Log_$logger
 739:            26            624  org.springframework.beans.AbstractNestablePropertyAccessor$PropertyTokenHolder
 740:            13            624  org.springframework.beans.factory.annotation.AutowiredAnnotationBeanPostProcessor
 741:            26            624  org.springframework.beans.factory.config.EmbeddedValueResolver
 742:            26            624  org.springframework.core.env.MutablePropertySources
 743:             7            616  org.springframework.aop.aspectj.AspectJAroundAdvice
 744:            38            608  ch.qos.logback.core.joran.spi.ElementSelector
 745:            19            608  java.time.format.DateTimeFormatterBuilder$NumberPrinterParser
 746:            19            608  javax.ws.rs.core.Response$Status
 747:            19            608  sun.management.DiagnosticCommandImpl$Wrapper
 748:            25            600  com.sun.jmx.mbeanserver.PerInterface$MethodAndSig
 749:            15            600  java.lang.reflect.Proxy$Key2
 750:            15            600  java.text.DigitList
 751:            25            600  java.time.LocalTime
 752:            25            600  org.xml.sax.helpers.AttributesImpl
 753:            25            600  sun.nio.cs.CharsetMapping$Entry
 754:             2            576  [Lorg.springframework.http.HttpStatus;
 755:            18            576  org.apache.xalan.processor.TransformerFactoryImpl
 756:            24            576  org.aspectj.weaver.tools.PointcutPrimitive
 757:            24            576  org.springframework.core.type.classreading.CachingMetadataReaderFactory
 758:            36            576  org.springframework.format.datetime.joda.ReadablePartialPrinter
 759:            24            576  org.springframework.util.AntPathMatcher$AntPathStringMatcher
 760:            18            576  sun.security.x509.DistributionPoint
 761:            14            560  com.sun.jmx.mbeanserver.PerInterface
 762:             2            560  java.util.concurrent.ConcurrentHashMap$CounterCell
 763:            14            560  javax.management.openmbean.SimpleType
 764:            10            560  org.aspectj.weaver.World$TypeMap
 765:            10            560  org.springframework.context.event.ApplicationListenerMethodAdapter
 766:            10            560  sun.invoke.util.Wrapper
 767:            14            560  sun.nio.cs.UTF_8$Decoder
 768:            35            560  sun.security.x509.GeneralNames
 769:            23            552  com.alibaba.fastjson.parser.Feature
 770:            23            552  com.sun.jersey.core.spi.factory.MessageBodyFactory$MessageBodyWriterPair
 771:            23            552  org.yaml.snakeyaml.tokens.Token$ID
 772:            17            544  [Lcom.netflix.servo.monitor.Monitor;
 773:            17            544  com.sun.jersey.core.util.KeyComparatorHashMap$Entry
 774:            17            544  com.sun.org.apache.xerces.internal.util.AugmentationsImpl$SmallContainer
 775:            17            544  com.sun.org.apache.xerces.internal.util.SymbolTable$Entry
 776:            17            544  org.aspectj.weaver.patterns.TypePatternList
 777:            17            544  org.springframework.beans.factory.support.DefaultListableBeanFactory$DependencyObjectProvider
 778:            34            544  org.springframework.core.convert.support.ArrayToCollectionConverter
 779:            34            544  org.springframework.core.convert.support.ArrayToObjectConverter
 780:            34            544  org.springframework.core.convert.support.ArrayToStringConverter
 781:            34            544  org.springframework.core.convert.support.ByteBufferConverter
 782:            34            544  org.springframework.core.convert.support.CharacterToNumberFactory
 783:            34            544  org.springframework.core.convert.support.CollectionToCollectionConverter
 784:            34            544  org.springframework.core.convert.support.CollectionToObjectConverter
 785:            34            544  org.springframework.core.convert.support.EnumToIntegerConverter
 786:            34            544  org.springframework.core.convert.support.EnumToStringConverter
 787:            34            544  org.springframework.core.convert.support.FallbackObjectToStringConverter
 788:            34            544  org.springframework.core.convert.support.IdToEntityConverter
 789:            34            544  org.springframework.core.convert.support.IntegerToEnumConverterFactory
 790:            34            544  org.springframework.core.convert.support.MapToMapConverter
 791:            34            544  org.springframework.core.convert.support.NumberToCharacterConverter
 792:            34            544  org.springframework.core.convert.support.NumberToNumberConverterFactory
 793:            34            544  org.springframework.core.convert.support.ObjectToArrayConverter
 794:            34            544  org.springframework.core.convert.support.ObjectToCollectionConverter
 795:            34            544  org.springframework.core.convert.support.ObjectToObjectConverter
 796:            34            544  org.springframework.core.convert.support.ObjectToOptionalConverter
 797:            34            544  org.springframework.core.convert.support.PropertiesToStringConverter
 798:            34            544  org.springframework.core.convert.support.StreamConverter
 799:            34            544  org.springframework.core.convert.support.StringToArrayConverter
 800:            34            544  org.springframework.core.convert.support.StringToBooleanConverter
 801:            34            544  org.springframework.core.convert.support.StringToCharacterConverter
 802:            34            544  org.springframework.core.convert.support.StringToCharsetConverter
 803:            34            544  org.springframework.core.convert.support.StringToCollectionConverter
 804:            34            544  org.springframework.core.convert.support.StringToCurrencyConverter
 805:            34            544  org.springframework.core.convert.support.StringToEnumConverterFactory
 806:            34            544  org.springframework.core.convert.support.StringToLocaleConverter
 807:            34            544  org.springframework.core.convert.support.StringToNumberConverterFactory
 808:            34            544  org.springframework.core.convert.support.StringToPropertiesConverter
 809:            34            544  org.springframework.core.convert.support.StringToTimeZoneConverter
 810:            34            544  org.springframework.core.convert.support.StringToUUIDConverter
 811:            34            544  org.springframework.core.convert.support.ZoneIdToTimeZoneConverter
 812:            34            544  org.springframework.core.convert.support.ZonedDateTimeToCalendarConverter
 813:            17            544  sun.security.x509.CRLDistributionPointsExtension
 814:             1            536  org.springframework.boot.context.embedded.tomcat.TomcatEmbeddedContext
 815:             1            528  [Ljava.lang.Character;
 816:             6            528  com.fasterxml.jackson.databind.ser.BeanPropertyWriter
 817:            33            528  com.sun.jersey.core.spi.component.ComponentDestructor
 818:            33            528  com.sun.proxy.$Proxy138
 819:            33            528  com.sun.proxy.$Proxy99
 820:            22            528  com.thoughtworks.xstream.io.xml.XmlFriendlyNameCoder$IntPair
 821:            22            528  java.net.Inet4Address
 822:             6            528  java.util.jar.JarVerifier
 823:            11            528  org.apache.tomcat.util.descriptor.web.FilterDef
 824:            11            528  org.springframework.cloud.netflix.feign.FeignClientsConfiguration$$EnhancerBySpringCGLIB$$dba678fc
 825:            22            528  org.springframework.core.NamedThreadLocal
 826:            22            528  org.springframework.core.convert.support.DefaultConversionService
 827:            13            520  java.util.EnumMap
 828:            13            520  org.springframework.context.annotation.ConfigurationClassBeanDefinitionReader
 829:            13            520  org.springframework.context.event.SimpleApplicationEventMulticaster
 830:            13            520  org.springframework.context.expression.StandardBeanExpressionResolver
 831:            13            520  org.springframework.jndi.support.SimpleJndiBeanFactory
 832:             8            512  com.google.common.collect.MapMakerInternalMap$Segment
 833:            16            512  java.time.temporal.ChronoUnit
 834:             9            504  java.lang.invoke.LambdaFormEditor$Transform
 835:            21            504  java.util.AbstractMap$SimpleImmutableEntry
 836:            21            504  java.util.Locale$LocaleKey
 837:            21            504  sun.security.x509.AVAKeyword
 838:            31            496  com.sun.proxy.$Proxy17
 839:            31            496  org.springframework.core.DefaultParameterNameDiscoverer
 840:            31            496  org.springframework.core.LocalVariableTableParameterNameDiscoverer
 841:            31            496  org.springframework.core.StandardReflectionParameterNameDiscoverer
 842:            19            488  [Lsun.management.DiagnosticCommandArgumentInfo;
 843:            20            480  com.fasterxml.jackson.databind.type.TypeBindings$AsKey
 844:            20            480  com.netflix.servo.monitor.NumericMonitorWrapper
 845:            30            480  com.sun.proxy.$Proxy36
 846:            15            480  java.util.Stack
 847:             2            480  org.apache.catalina.core.StandardWrapper
 848:            10            480  org.springframework.aop.aspectj.AspectJExpressionPointcut
 849:            29            464  com.fasterxml.jackson.databind.introspect.BasicClassIntrospector
 850:            29            464  com.sun.proxy.$Proxy272
 851:             6            456  [Lsun.invoke.util.Wrapper;
 852:            19            456  java.time.Duration
 853:            19            456  springfox.documentation.schema.AlternateTypeRule
 854:             7            448  com.fasterxml.classmate.util.ResolvedTypeCache$CacheMap
 855:            28            448  com.fasterxml.jackson.databind.cfg.ConfigOverrides
 856:            28            448  com.fasterxml.jackson.databind.jsontype.impl.StdSubtypeResolver
 857:            28            448  com.fasterxml.jackson.databind.util.RootNameLookup
 858:            28            448  com.sun.proxy.$Proxy273
 859:            28            448  com.thoughtworks.xstream.converters.SingleValueConverterWrapper
 860:             8            448  javax.management.openmbean.OpenMBeanParameterInfoSupport
 861:            28            448  org.springframework.expression.spel.standard.SpelExpressionParser
 862:            14            448  org.springframework.expression.spel.support.ReflectivePropertyAccessor
 863:            11            440  com.thoughtworks.xstream.core.util.Pool
 864:            11            440  org.apache.tomcat.util.descriptor.web.FilterMap
 865:             1            432  [[[C
 866:            18            432  com.google.gson.internal.bind.TypeAdapters$32
 867:            18            432  com.netflix.hystrix.HystrixEventType
 868:            18            432  java.text.DateFormat$Field
 869:            18            432  java.util.BitSet
 870:             9            432  java.util.concurrent.LinkedBlockingQueue
 871:            18            432  org.apache.xml.utils.DefaultErrorHandler
 872:            27            432  org.springframework.core.io.DescriptiveResource
 873:            18            432  sun.misc.MetaIndex
 874:             6            424  [Lcom.google.common.collect.ImmutableMapEntry;
 875:            13            416  [Lcom.google.common.cache.LocalCache$Segment;
 876:            26            416  ch.qos.logback.core.joran.spi.ElementPath
 877:            26            416  com.sun.proxy.$Proxy279
 878:            13            416  java.lang.invoke.BoundMethodHandle$Species_L
 879:            13            416  java.lang.invoke.MethodHandleImpl$IntrinsicMethodHandle
 880:            13            416  org.springframework.beans.factory.annotation.RequiredAnnotationBeanPostProcessor
 881:            13            416  org.springframework.beans.factory.support.BeanDefinitionDefaults
 882:            13            416  org.springframework.boot.autoconfigure.condition.ConditionEvaluationReport
 883:            13            416  org.springframework.boot.autoconfigure.context.PropertyPlaceholderAutoConfiguration$$EnhancerBySpringCGLIB$$b52f8eca
 884:            13            416  org.springframework.context.annotation.AnnotatedBeanDefinitionReader
 885:            26            416  org.springframework.context.annotation.ConditionEvaluator
 886:            13            416  org.springframework.context.annotation.ConfigurationClassParser$ImportStack
 887:            13            416  org.springframework.context.event.EventExpressionEvaluator
 888:            13            416  org.springframework.context.event.EventListenerMethodProcessor
 889:            13            416  org.springframework.context.support.DefaultLifecycleProcessor
 890:            13            416  org.springframework.context.support.DelegatingMessageSource
 891:            13            416  org.springframework.context.support.PropertySourcesPlaceholderConfigurer$1
 892:            13            416  org.springframework.plugin.core.support.AbstractTypeAwareSupport$BeansOfTypeTargetSource
 893:            13            416  org.springframework.plugin.core.support.PluginRegistryFactoryBean
 894:             4            416  org.springframework.web.servlet.resource.ResourceHttpRequestHandler
 895:            26            416  sun.security.x509.DNSName
 896:            17            408  com.netflix.servo.monitor.MaxGauge
 897:            17            408  com.netflix.servo.monitor.MinGauge
 898:            17            408  org.springframework.boot.ansi.AnsiColor
 899:            17            408  org.springframework.boot.autoconfigure.web.WebMvcAutoConfiguration$EnableWebMvcConfiguration$$EnhancerBySpringCGLIB$$ba6be9a$$FastClassBySpringCGLIB$$a96e9ded
 900:            17            408  org.springframework.context.support.MessageSourceAccessor
 901:            17            400  [Lorg.aspectj.weaver.TypeVariable;
 902:            25            400  com.sun.proxy.$Proxy32
 903:            25            400  com.sun.proxy.$Proxy40
 904:            10            400  java.lang.invoke.DirectMethodHandle$Accessor
 905:            10            400  org.springframework.http.converter.json.MappingJackson2HttpMessageConverter
 906:             1            392  org.apache.tomcat.util.net.NioBlockingSelector$BlockPoller
 907:             1            392  org.springframework.boot.devtools.restart.Restarter$LeakSafeThread
 908:            16            384  ch.qos.logback.core.spi.ContextAwareBase
 909:            12            384  com.fasterxml.jackson.core.JsonParser$Feature
 910:             6            384  com.fasterxml.jackson.databind.ObjectReader
 911:            16            384  com.google.common.cache.LocalCache$AccessQueue$1
 912:            16            384  com.google.common.cache.LocalCache$WriteQueue$1
 913:            24            384  com.netflix.appinfo.MyDataCenterInfo
 914:             8            384  com.sun.jmx.mbeanserver.DefaultMXBeanMappingFactory$CompositeMapping
 915:            12            384  java.lang.RuntimeException
 916:             1            384  java.lang.ref.Finalizer$FinalizerThread
 917:             6            384  java.nio.DirectByteBuffer
 918:             1            384  java.util.logging.LogManager$Cleaner
 919:            12            384  org.apache.catalina.LifecycleState
 920:             8            384  org.aspectj.apache.bcel.util.ClassLoaderRepository$SoftHashMap$SpecialValue
 921:            16            384  org.springframework.boot.actuate.trace.TraceProperties$Include
 922:             1            384  org.springframework.boot.context.embedded.tomcat.TomcatEmbeddedServletContainer$1
 923:             1            384  org.springframework.context.support.AbstractApplicationContext$2
 924:            12            384  org.springframework.core.env.StandardEnvironment
 925:            16            384  org.springframework.expression.TypedValue
 926:            24            384  org.springframework.format.datetime.DateFormatterRegistrar$CalendarToDateConverter
 927:            24            384  org.springframework.format.datetime.DateFormatterRegistrar$CalendarToLongConverter
 928:            24            384  org.springframework.format.datetime.DateFormatterRegistrar$DateToCalendarConverter
 929:            24            384  org.springframework.format.datetime.DateFormatterRegistrar$DateToLongConverter
 930:            24            384  org.springframework.format.datetime.DateFormatterRegistrar$LongToCalendarConverter
 931:            24            384  org.springframework.format.datetime.DateFormatterRegistrar$LongToDateConverter
 932:            12            384  org.springframework.format.support.DefaultFormattingConversionService
 933:            16            384  sun.misc.URLClassPath$FileLoader
 934:            16            384  sun.nio.ch.OptionKey
 935:            16            384  sun.nio.ch.SocketOptionRegistry$RegistryKey
 936:             3            384  sun.nio.ch.WindowsSelectorImpl
 937:            14            376  [Lcom.fasterxml.jackson.databind.introspect.AnnotationMap;
 938:            17            376  [Lorg.aspectj.weaver.patterns.TypePattern;
 939:             1            376  java.lang.ref.Reference$ReferenceHandler
 940:            12            368  [Lorg.aspectj.weaver.ast.Var;
 941:            23            368  java.awt.font.TextAttribute
 942:            23            368  java.lang.Float
 943:             5            360  com.netflix.config.DynamicProperty
 944:            15            360  com.netflix.servo.monitor.LongGauge
 945:            15            360  com.thoughtworks.xstream.core.util.FastField
 946:             9            360  java.util.IdentityHashMap
 947:            15            360  javax.management.StandardMBean
 948:            15            360  javax.websocket.CloseReason$CloseCodes
 949:            15            360  org.springframework.context.support.ApplicationListenerDetector
 950:             9            360  org.springframework.http.converter.xml.Jaxb2RootElementHttpMessageConverter
 951:            11            352  com.fasterxml.jackson.core.util.DefaultPrettyPrinter
 952:            22            352  com.fasterxml.jackson.databind.introspect.AnnotatedMethodMap
 953:             1            352  com.sun.org.apache.xerces.internal.impl.XMLNSDocumentScannerImpl
 954:            11            352  java.security.cert.PolicyQualifierInfo
 955:            11            352  java.util.Random
 956:            22            352  java.util.regex.Pattern$Begin
 957:            11            352  org.apache.catalina.core.ApplicationFilterConfig
 958:             4            352  org.apache.catalina.webresources.CachedResource
 959:            11            352  org.springframework.cloud.netflix.feign.FeignClientsConfiguration$HystrixFeignConfiguration$$EnhancerBySpringCGLIB$$44fd954c
 960:            11            352  org.springframework.cloud.netflix.feign.support.SpringMvcContract
 961:             1            344  com.sun.org.apache.xerces.internal.impl.XMLDocumentScannerImpl
 962:            21            336  com.sun.proxy.$Proxy14
 963:            21            336  com.sun.proxy.$Proxy63
 964:            14            336  java.lang.Double
 965:            14            336  java.lang.invoke.LambdaFormEditor$Transform$Kind
 966:            14            336  java.net.InetSocketAddress$InetSocketAddressHolder
 967:             6            336  java.nio.DirectLongBufferU
 968:            14            336  org.springframework.beans.factory.annotation.InitDestroyAnnotationBeanPostProcessor$LifecycleElement
 969:            14            336  org.springframework.core.env.PropertiesPropertySource
 970:            14            336  org.springframework.core.io.support.PathMatchingResourcePatternResolver
 971:            14            336  org.springframework.util.MimeType
 972:            14            336  org.yaml.snakeyaml.nodes.Tag
 973:             6            336  sun.management.MemoryPoolImpl
 974:            16            328  [Ljava.lang.management.PlatformComponent;
 975:             4            320  [Lcom.sun.jersey.core.util.KeyComparatorHashMap$Entry;
 976:             2            320  [Ljava.lang.Thread;
 977:            10            320  com.fasterxml.jackson.core.JsonGenerator$Feature
 978:            10            320  com.google.inject.Key
 979:            10            320  com.yintech.crm.domain.core.data.Biz
 980:            10            320  java.lang.OutOfMemoryError
 981:            20            320  java.security.spec.ECFieldFp
 982:            10            320  java.util.RegularEnumSet
 983:            20            320  java.util.concurrent.ConcurrentHashMap$EntrySetView
 984:            10            320  org.aspectj.weaver.internal.tools.PointcutExpressionImpl
 985:            10            320  org.springframework.http.converter.StringHttpMessageConverter
 986:            10            320  sun.security.jca.ProviderConfig
 987:            10            320  sun.security.util.MemoryCache
 988:            13            312  com.netflix.servo.monitor.BasicCompositeMonitor
 989:            13            312  java.lang.invoke.SimpleMethodHandle
 990:            13            312  java.lang.management.ManagementPermission
 991:            13            312  org.aspectj.weaver.Shadow$Kind
 992:            13            312  org.springframework.beans.support.ResourceEditorRegistrar
 993:            13            312  org.springframework.boot.autoconfigure.condition.BeanTypeRegistry
 994:            13            312  org.springframework.context.annotation.ContextAnnotationAutowireCandidateResolver
 995:            13            312  org.springframework.context.support.ApplicationContextAwareProcessor
 996:            13            312  org.springframework.context.support.PostProcessorRegistrationDelegate$BeanPostProcessorChecker
 997:            13            312  org.springframework.context.support.PropertySourcesPlaceholderConfigurer$2
 998:            13            312  org.springframework.data.redis.serializer.GenericToStringSerializer
 999:            13            312  org.springframework.data.redis.serializer.GenericToStringSerializer$Converter
1000:            13            312  org.springframework.data.redis.serializer.Jackson2JsonRedisSerializer
1001:            13            312  org.springframework.expression.spel.support.StandardTypeLocator
1002:            13            312  org.springframework.http.converter.ResourceHttpMessageConverter
1003:            13            312  org.springframework.jndi.JndiTemplate
1004:            13            312  org.springframework.plugin.core.OrderAwarePluginRegistry
1005:            13            312  org.springframework.web.servlet.config.annotation.WebMvcConfigurationSupport$$FastClassBySpringCGLIB$$69f69f7c
1006:            19            304  javax.ws.rs.core.MediaType$1
1007:             2            304  org.springframework.amqp.rabbit.core.RabbitTemplate
1008:             8            288  [Ljava.lang.ref.WeakReference;
1009:            12            288  ch.qos.logback.core.joran.spi.HostClassAndPropertyDouble
1010:            12            288  ch.qos.logback.core.pattern.LiteralConverter
1011:             4            288  com.alibaba.fastjson.util.ASMClassLoader
1012:             9            288  com.fasterxml.classmate.types.ResolvedPrimitiveType
1013:             9            288  com.google.common.cache.LocalCache$StrongEntry
1014:            12            288  com.netflix.discovery.shared.transport.decorator.EurekaHttpClientDecorator$RequestType
1015:            12            288  com.netflix.discovery.shared.transport.decorator.MetricsCollectingEurekaHttpClient$EurekaHttpClientRequestMetrics
1016:            12            288  com.netflix.servo.monitor.AnnotatedNumberMonitor
1017:            12            288  com.sun.jersey.api.uri.UriComponent$Type
1018:            18            288  com.sun.jersey.core.impl.provider.xml.ThreadLocalSingletonContextProvider$2
1019:            12            288  java.beans.PropertyChangeSupport
1020:            12            288  java.lang.invoke.Invokers
1021:             6            288  java.net.SocketInputStream
1022:             6            288  java.net.SocketOutputStream
1023:             9            288  java.util.concurrent.ScheduledThreadPoolExecutor$DelayedWorkQueue
1024:             9            288  java.util.logging.Level
1025:            18            288  java.util.regex.Pattern$CharPropertyNames$4
1026:             9            288  jdk.internal.org.objectweb.asm.Type
1027:            12            288  org.aspectj.apache.bcel.generic.ObjectType
1028:             6            288  org.aspectj.weaver.patterns.ExactAnnotationTypePattern
1029:             6            288  org.aspectj.weaver.patterns.ExactTypePattern
1030:            12            288  org.joda.time.DurationFieldType$StandardDurationFieldType
1031:             6            288  org.springframework.aop.framework.AdvisedSupport
1032:            12            288  org.springframework.beans.factory.config.RuntimeBeanReference
1033:            12            288  org.springframework.cloud.netflix.feign.FeignClientSpecification
1034:            12            288  org.springframework.core.SerializableTypeWrapper$FieldTypeProvider
1035:            12            288  org.springframework.core.env.SystemEnvironmentPropertySource
1036:             9            288  org.springframework.http.converter.xml.SourceHttpMessageConverter
1037:             6            288  sun.misc.URLClassPath
1038:             9            288  sun.security.x509.CertificatePoliciesExtension
1039:             9            288  sun.security.x509.NetscapeCertTypeExtension
1040:             7            280  com.sun.org.apache.xerces.internal.utils.XMLSecurityManager$Limit
1041:             5            280  javax.management.openmbean.OpenMBeanOperationInfoSupport
1042:             5            280  sun.security.provider.SHA
1043:            17            272  com.sun.org.apache.xerces.internal.util.AugmentationsImpl
1044:            17            272  java.time.format.DateTimeFormatterBuilder$CharLiteralPrinterParser
1045:             7            264  [Lcom.alibaba.fastjson.serializer.SerializerFeature;
1046:             3            264  [Lcom.yintech.crm.domain.core.data.Org;
1047:            11            264  com.fasterxml.jackson.core.util.DefaultIndenter
1048:             3            264  com.netflix.discovery.TimedSupervisorTask
1049:            11            264  com.sun.jersey.core.spi.factory.InjectableProviderFactory$MetaInjectableProvider
1050:            11            264  com.thoughtworks.xstream.core.util.ThreadSafeSimpleDateFormat
1051:            11            264  com.thoughtworks.xstream.core.util.ThreadSafeSimpleDateFormat$1
1052:            11            264  java.net.StandardSocketOptions$StdSocketOption
1053:            11            264  org.springframework.boot.actuate.autoconfigure.EndpointAutoConfiguration$$EnhancerBySpringCGLIB$$c28256bd$$FastClassBySpringCGLIB$$4fa965be
1054:            11            264  org.springframework.boot.actuate.autoconfigure.EndpointAutoConfiguration$$FastClassBySpringCGLIB$$193af8e7
1055:            11            264  org.springframework.boot.autoconfigure.cache.CacheType
1056:            11            264  sun.misc.JarIndex
1057:            11            264  sun.reflect.annotation.TypeAnnotation$TypeAnnotationTarget
1058:             2            256  [Lcom.fasterxml.jackson.databind.DeserializationFeature;
1059:            11            256  [Ljava.security.cert.Certificate;
1060:             8            256  [Lspringfox.documentation.service.ResponseMessage;
1061:             4            256  [[Z
1062:            16            256  com.google.common.cache.LocalCache$AccessQueue
1063:            16            256  com.google.common.cache.LocalCache$WriteQueue
1064:            16            256  com.sun.proxy.$Proxy254
1065:             4            256  java.security.SecureRandom
1066:             8            256  org.aspectj.internal.lang.reflect.PointcutImpl
1067:             4            256  org.aspectj.weaver.patterns.AndPointcut
1068:             8            256  org.aspectj.weaver.reflect.ReflectionVar
1069:             2            256  org.springframework.amqp.rabbit.config.SimpleRabbitListenerContainerFactory
1070:             8            256  sun.misc.ProxyGenerator$PrimitiveTypeInfo
1071:             8            256  sun.security.x509.ExtendedKeyUsageExtension
1072:             8            248  [Ljava.lang.invoke.LambdaForm$BasicType;
1073:             6            240  [Ljava.lang.invoke.BoundMethodHandle$SpeciesData;
1074:             2            240  [Lsun.nio.cs.CharsetMapping$Entry;
1075:            10            240  com.fasterxml.classmate.util.ClassKey
1076:            10            240  com.fasterxml.jackson.annotation.JsonFormat$Shape
1077:             6            240  com.fasterxml.jackson.databind.ObjectWriter
1078:             6            240  com.google.common.util.concurrent.ThreadFactoryBuilder$1
1079:            10            240  com.google.inject.spi.TypeConverterBinding
1080:             2            240  com.rabbitmq.client.ConnectionFactory
1081:            15            240  com.sun.proxy.$Proxy93
1082:            10            240  java.lang.annotation.ElementType
1083:            10            240  java.security.CryptoPrimitive
1084:             5            240  java.util.concurrent.ConcurrentSkipListMap
1085:            15            240  java.util.concurrent.CopyOnWriteArraySet
1086:            10            240  java.util.concurrent.Executors$RunnableAdapter
1087:            10            240  java.util.concurrent.LinkedBlockingQueue$Node
1088:            10            240  org.apache.commons.pool2.PooledObjectState
1089:            10            240  org.aspectj.weaver.World$AspectPrecedenceCalculator
1090:             6            240  org.hibernate.validator.internal.metadata.core.AnnotationProcessingOptionsImpl
1091:             6            240  org.springframework.beans.factory.annotation.AutowiredAnnotationBeanPostProcessor$AutowiredMethodElement
1092:            10            240  org.springframework.boot.actuate.autoconfigure.OnEnabledHealthIndicatorCondition
1093:            15            240  org.springframework.boot.autoconfigure.condition.OnWebApplicationCondition
1094:            10            240  org.springframework.context.expression.AnnotatedElementKey
1095:            15            240  org.springframework.expression.spel.support.StandardOperatorOverloader
1096:            15            240  org.springframework.expression.spel.support.StandardTypeComparator
1097:            10            240  org.springframework.web.cors.UrlBasedCorsConfigurationSource
1098:            10            240  org.yaml.snakeyaml.events.Event$ID
1099:             6            240  sun.management.MemoryPoolImpl$CollectionSensor
1100:             6            240  sun.management.MemoryPoolImpl$PoolSensor
1101:            10            240  sun.security.x509.Extension
1102:            10            240  sun.security.x509.PolicyInformation
1103:             2            224  [Lcom.fasterxml.jackson.databind.SerializationFeature;
1104:             7            224  com.fasterxml.jackson.core.io.SerializedString
1105:             4            224  com.netflix.config.ConcurrentMapConfiguration
1106:            14            224  com.sun.proxy.$Proxy114
1107:            14            224  com.sun.proxy.$Proxy85
1108:             7            224  com.yintech.crm.domain.core.complaint.RiskReportStatus
1109:             7            224  java.awt.datatransfer.DataFlavor
1110:            14            224  java.net.InetSocketAddress
1111:             7            224  java.net.Socket
1112:             7            224  java.security.AlgorithmParameters
1113:             7            224  org.apache.tomcat.util.digester.ObjectCreateRule
1114:             7            224  org.apache.tomcat.util.digester.SetNextRule
1115:             4            224  org.aspectj.weaver.patterns.BindingTypePattern
1116:             4            224  org.aspectj.weaver.patterns.WithinAnnotationPointcut
1117:            14            224  org.springframework.context.expression.BeanFactoryResolver
1118:            14            224  org.springframework.context.expression.MapAccessor
1119:            14            224  sun.security.x509.CertificatePolicyId
1120:             7            216  [Ljava.lang.Boolean;
1121:             9            216  ch.qos.logback.core.rolling.helper.PeriodicityType
1122:             9            216  com.fasterxml.jackson.databind.node.JsonNodeType
1123:             9            216  java.util.concurrent.Executors$DefaultThreadFactory
1124:             9            216  java.util.logging.Level$KnownLevel
1125:             9            216  org.aspectj.apache.bcel.generic.BasicType
1126:             9            216  org.aspectj.weaver.MemberKind
1127:             3            216  org.aspectj.weaver.patterns.WildTypePattern
1128:             3            216  org.hibernate.validator.internal.engine.ValidatorFactoryImpl
1129:             9            216  org.hibernate.validator.resourceloading.PlatformResourceBundleLocator
1130:             9            216  org.springframework.boot.actuate.autoconfigure.EndpointWebMvcManagementContextConfiguration$$EnhancerBySpringCGLIB$$924d2e86$$FastClassBySpringCGLIB$$db529d63
1131:             9            216  org.springframework.boot.actuate.autoconfigure.EndpointWebMvcManagementContextConfiguration$$FastClassBySpringCGLIB$$b5ca4090
1132:             9            216  org.springframework.boot.actuate.endpoint.mvc.EndpointMvcAdapter
1133:             9            216  org.springframework.data.redis.serializer.JdkSerializationRedisSerializer
1134:             9            216  org.springframework.http.converter.ByteArrayHttpMessageConverter
1135:             9            216  sun.util.logging.PlatformLogger$Level
1136:             2            208  [Lcom.fasterxml.jackson.databind.MapperFeature;
1137:             7            208  [Ljava.lang.invoke.LambdaForm$NamedFunction;
1138:             1            208  [Lorg.springframework.expression.spel.standard.TokenKind;
1139:             2            208  com.google.common.collect.MapMakerInternalMap
1140:            13            208  com.sun.proxy.$Proxy255
1141:            13            208  com.sun.proxy.$Proxy256
1142:            13            208  com.sun.proxy.$Proxy86
1143:            13            208  org.springframework.beans.factory.parsing.FailFastProblemReporter
1144:            13            208  org.springframework.beans.factory.parsing.PassThroughSourceExtractor
1145:            13            208  org.springframework.beans.factory.support.AutowireUtils$ObjectFactoryDelegatingInvocationHandler
1146:            13            208  org.springframework.beans.factory.support.CglibSubclassingInstantiationStrategy
1147:            13            208  org.springframework.context.annotation.ConfigurationClassPostProcessor$1
1148:            13            208  org.springframework.context.annotation.ConfigurationClassPostProcessor$ImportAwareBeanPostProcessor
1149:            13            208  org.springframework.context.event.DefaultEventListenerFactory
1150:            13            208  org.springframework.context.expression.BeanExpressionContextAccessor
1151:            13            208  org.springframework.context.expression.BeanFactoryAccessor
1152:            13            208  org.springframework.context.expression.EnvironmentAccessor
1153:            13            208  org.springframework.context.expression.StandardBeanExpressionResolver$1
1154:            13            208  org.springframework.util.DefaultPropertiesPersister
1155:             2            208  sun.util.calendar.ImmutableGregorianDate
1156:             2            200  [Ljava.text.DateFormat$Field;
1157:             1            200  com.sun.org.apache.xerces.internal.impl.XMLDTDScannerImpl
1158:             5            200  java.lang.ClassLoader$NativeLibrary
1159:             5            200  java.lang.invoke.BoundMethodHandle$SpeciesData
1160:             5            200  org.springframework.web.accept.ServletPathExtensionContentNegotiationStrategy
1161:            10            192  [Ljava.security.CodeSigner;
1162:            12            192  com.fasterxml.jackson.databind.node.IntNode
1163:             1            192  com.github.tobato.fastdfs.conn.FdfsConnectionPool
1164:            12            192  com.google.common.cache.LocalCache$LocalLoadingCache
1165:             8            192  com.google.gson.internal.bind.TypeAdapters$33
1166:             4            192  com.netflix.discovery.shared.transport.decorator.RetryableEurekaHttpClient
1167:             4            192  com.sun.jersey.core.util.KeyComparatorHashMap
1168:             1            192  com.sun.org.apache.xerces.internal.parsers.XIncludeAwareParserConfiguration
1169:            12            192  com.sun.proxy.$Proxy265
1170:            12            192  java.beans.PropertyChangeSupport$PropertyChangeListenerMap
1171:             6            192  java.lang.invoke.LambdaForm$BasicType
1172:             8            192  java.lang.invoke.MethodHandleImpl$Intrinsic
1173:             8            192  java.lang.reflect.Proxy$KeyX
1174:             8            192  java.math.RoundingMode
1175:             4            192  java.nio.HeapByteBuffer
1176:             6            192  java.time.format.TextStyle
1177:             6            192  java.util.concurrent.SynchronousQueue
1178:             6            192  java.util.regex.Pattern$3
1179:             6            192  javax.management.MBeanConstructorInfo
1180:             4            192  javax.management.openmbean.TabularType
1181:             6            192  org.apache.commons.pool2.impl.BaseGenericObjectPool$StatsStore
1182:             1            192  org.apache.commons.pool2.impl.GenericObjectPool
1183:             8            192  org.aspectj.bridge.IMessage$Kind
1184:             3            192  org.hibernate.validator.internal.engine.ValidatorImpl
1185:             6            192  org.springframework.aop.aspectj.annotation.AspectMetadata
1186:            12            192  org.springframework.boot.actuate.condition.OnEnabledEndpointCondition
1187:             1            192  org.springframework.cloud.netflix.eureka.CloudEurekaClient
1188:             8            192  org.springframework.cloud.netflix.eureka.EurekaClientAutoConfiguration$$EnhancerBySpringCGLIB$$666e6860$$FastClassBySpringCGLIB$$70bfd77a
1189:             8            192  org.springframework.cloud.netflix.eureka.EurekaClientAutoConfiguration$$FastClassBySpringCGLIB$$af4a592a
1190:            12            192  org.springframework.core.$Proxy18
1191:             8            192  org.springframework.data.redis.connection.RedisClusterNode$Flag
1192:            12            192  org.springframework.format.datetime.joda.DateTimeParser
1193:            12            192  org.springframework.format.datetime.joda.DurationFormatter
1194:            12            192  org.springframework.format.datetime.joda.JodaDateTimeFormatAnnotationFormatterFactory
1195:            12            192  org.springframework.format.datetime.joda.JodaTimeConverters$CalendarToReadableInstantConverter
1196:            12            192  org.springframework.format.datetime.joda.JodaTimeConverters$DateTimeToCalendarConverter
1197:            12            192  org.springframework.format.datetime.joda.JodaTimeConverters$DateTimeToDateConverter
1198:            12            192  org.springframework.format.datetime.joda.JodaTimeConverters$DateTimeToDateMidnightConverter
1199:            12            192  org.springframework.format.datetime.joda.JodaTimeConverters$DateTimeToInstantConverter
1200:            12            192  org.springframework.format.datetime.joda.JodaTimeConverters$DateTimeToLocalDateConverter
1201:            12            192  org.springframework.format.datetime.joda.JodaTimeConverters$DateTimeToLocalDateTimeConverter
1202:            12            192  org.springframework.format.datetime.joda.JodaTimeConverters$DateTimeToLocalTimeConverter
1203:            12            192  org.springframework.format.datetime.joda.JodaTimeConverters$DateTimeToLongConverter
1204:            12            192  org.springframework.format.datetime.joda.JodaTimeConverters$DateTimeToMutableDateTimeConverter
1205:            12            192  org.springframework.format.datetime.joda.JodaTimeConverters$DateToReadableInstantConverter
1206:            12            192  org.springframework.format.datetime.joda.JodaTimeConverters$LocalDateTimeToLocalDateConverter
1207:            12            192  org.springframework.format.datetime.joda.JodaTimeConverters$LocalDateTimeToLocalTimeConverter
1208:            12            192  org.springframework.format.datetime.joda.JodaTimeConverters$LongToReadableInstantConverter
1209:            12            192  org.springframework.format.datetime.joda.LocalDateParser
1210:            12            192  org.springframework.format.datetime.joda.LocalDateTimeParser
1211:            12            192  org.springframework.format.datetime.joda.LocalTimeParser
1212:            12            192  org.springframework.format.datetime.joda.MonthDayFormatter
1213:            12            192  org.springframework.format.datetime.joda.PeriodFormatter
1214:            12            192  org.springframework.format.datetime.joda.ReadableInstantPrinter
1215:            12            192  org.springframework.format.datetime.joda.YearMonthFormatter
1216:            12            192  org.springframework.format.datetime.standard.DateTimeConverters$CalendarToInstantConverter
1217:            12            192  org.springframework.format.datetime.standard.DateTimeConverters$CalendarToLocalDateConverter
1218:            12            192  org.springframework.format.datetime.standard.DateTimeConverters$CalendarToLocalDateTimeConverter
1219:            12            192  org.springframework.format.datetime.standard.DateTimeConverters$CalendarToLocalTimeConverter
1220:            12            192  org.springframework.format.datetime.standard.DateTimeConverters$CalendarToOffsetDateTimeConverter
1221:            12            192  org.springframework.format.datetime.standard.DateTimeConverters$CalendarToZonedDateTimeConverter
1222:            12            192  org.springframework.format.datetime.standard.DateTimeConverters$InstantToLongConverter
1223:            12            192  org.springframework.format.datetime.standard.DateTimeConverters$LocalDateTimeToLocalDateConverter
1224:            12            192  org.springframework.format.datetime.standard.DateTimeConverters$LocalDateTimeToLocalTimeConverter
1225:            12            192  org.springframework.format.datetime.standard.DateTimeConverters$LongToInstantConverter
1226:            12            192  org.springframework.format.datetime.standard.DateTimeConverters$OffsetDateTimeToInstantConverter
1227:            12            192  org.springframework.format.datetime.standard.DateTimeConverters$OffsetDateTimeToLocalDateConverter
1228:            12            192  org.springframework.format.datetime.standard.DateTimeConverters$OffsetDateTimeToLocalDateTimeConverter
1229:            12            192  org.springframework.format.datetime.standard.DateTimeConverters$OffsetDateTimeToLocalTimeConverter
1230:            12            192  org.springframework.format.datetime.standard.DateTimeConverters$OffsetDateTimeToZonedDateTimeConverter
1231:            12            192  org.springframework.format.datetime.standard.DateTimeConverters$ZonedDateTimeToInstantConverter
1232:            12            192  org.springframework.format.datetime.standard.DateTimeConverters$ZonedDateTimeToLocalDateConverter
1233:            12            192  org.springframework.format.datetime.standard.DateTimeConverters$ZonedDateTimeToLocalDateTimeConverter
1234:            12            192  org.springframework.format.datetime.standard.DateTimeConverters$ZonedDateTimeToLocalTimeConverter
1235:            12            192  org.springframework.format.datetime.standard.DateTimeConverters$ZonedDateTimeToOffsetDateTimeConverter
1236:            12            192  org.springframework.format.datetime.standard.DurationFormatter
1237:            12            192  org.springframework.format.datetime.standard.InstantFormatter
1238:            12            192  org.springframework.format.datetime.standard.Jsr310DateTimeFormatAnnotationFormatterFactory
1239:            12            192  org.springframework.format.datetime.standard.MonthDayFormatter
1240:            12            192  org.springframework.format.datetime.standard.PeriodFormatter
1241:            12            192  org.springframework.format.datetime.standard.YearMonthFormatter
1242:            12            192  org.springframework.format.number.NumberFormatAnnotationFormatterFactory
1243:            12            192  org.springframework.format.number.money.CurrencyUnitFormatter
1244:            12            192  org.springframework.format.number.money.Jsr354NumberFormatAnnotationFormatterFactory
1245:            12            192  org.springframework.format.number.money.MonetaryAmountFormatter
1246:             8            192  org.springframework.http.HttpMethod
1247:             6            192  org.springframework.web.accept.PathExtensionContentNegotiationStrategy
1248:             8            192  org.springframework.web.bind.annotation.RequestMethod
1249:             8            192  org.yaml.snakeyaml.scanner.Constant
1250:             2            192  sun.net.www.protocol.jar.URLJarFile$URLJarFileEntry
1251:             4            192  sun.nio.cs.StreamEncoder
1252:             2            192  sun.security.provider.Sun
1253:             6            192  sun.security.x509.SubjectAlternativeNameExtension
1254:             1            184  org.apache.tomcat.util.net.NioEndpoint
1255:             2            176  [Lcom.netflix.hystrix.HystrixEventType;
1256:            10            176  [Lorg.aspectj.weaver.tools.PointcutParameter;
1257:             1            176  com.sun.org.apache.xerces.internal.impl.dtd.XMLDTDValidator
1258:             1            176  com.sun.org.apache.xerces.internal.impl.dtd.XMLNSDTDValidator
1259:            11            176  com.sun.proxy.$Proxy94
1260:            11            176  java.text.NumberFormat$Field
1261:             2            176  org.apache.catalina.deploy.NamingResourcesImpl
1262:            11            176  org.springframework.cloud.netflix.feign.DefaultFeignLoggerFactory
1263:            11            176  org.springframework.cloud.netflix.feign.annotation.PathVariableParameterProcessor
1264:            11            176  org.springframework.cloud.netflix.feign.annotation.RequestHeaderParameterProcessor
1265:            11            176  org.springframework.cloud.netflix.feign.annotation.RequestParamParameterProcessor
1266:            11            176  org.springframework.cloud.netflix.feign.support.ResponseEntityDecoder
1267:            11            176  org.springframework.cloud.netflix.feign.support.SpringDecoder
1268:            11            176  org.springframework.cloud.netflix.feign.support.SpringEncoder
1269:            11            176  org.springframework.cloud.netflix.feign.support.SpringMvcContract$ConvertingExpander
1270:            11            176  org.springframework.data.redis.serializer.StringRedisSerializer
1271:             1            168  [Lcom.sun.jersey.api.client.ClientResponse$Status;
1272:             3            168  [Lcom.yintech.crm.domain.core.data.Biz;
1273:             1            168  [[Ljava.math.BigInteger;
1274:             7            168  ch.qos.logback.classic.Level
1275:             7            168  com.fasterxml.jackson.annotation.JsonFormat$Feature
1276:             7            168  com.fasterxml.jackson.databind.ObjectWriter$Prefetch
1277:             7            168  com.google.common.collect.RegularImmutableMap$NonTerminalMapEntry
1278:             7            168  com.google.inject.internal.TypeConverterBindingProcessor$5
1279:             7            168  com.netflix.config.DeploymentContext$ContextKey
1280:             7            168  com.sun.management.VMOption$Origin
1281:             7            168  com.sun.org.apache.xerces.internal.util.FeatureState
1282:             7            168  com.yintech.crm.web.config.RedisConfig$$EnhancerBySpringCGLIB$$6f7d97b8$$FastClassBySpringCGLIB$$a1026228
1283:             7            168  com.yintech.crm.web.config.RedisConfig$$FastClassBySpringCGLIB$$e229f582
1284:             7            168  java.awt.datatransfer.MimeType
1285:             7            168  java.net.NetPermission
1286:             7            168  javax.validation.ElementKind
1287:             1            168  org.apache.catalina.core.StandardHost
1288:             7            168  org.apache.tomcat.util.digester.SetPropertiesRule
1289:             7            168  org.springframework.aop.target.EmptyTargetSource
1290:             7            168  org.springframework.beans.ExtendedBeanInfo
1291:             7            168  org.springframework.boot.actuate.autoconfigure.MetricsFilter$PatternReplacer
1292:             7            168  org.springframework.boot.logging.LogLevel
1293:             7            168  org.springframework.cglib.proxy.CallbackInfo
1294:             7            168  org.springframework.cloud.netflix.metrics.servo.ServoMetricsAutoConfiguration$$EnhancerBySpringCGLIB$$aafa2b37$$FastClassBySpringCGLIB$$aa6cbc67
1295:             7            168  org.springframework.cloud.netflix.metrics.servo.ServoMetricsAutoConfiguration$$FastClassBySpringCGLIB$$7bcf821
1296:             7            168  org.springframework.web.accept.ContentNegotiationManager
1297:             7            168  org.springframework.web.servlet.mvc.method.annotation.RequestResponseBodyAdviceChain
1298:             3            168  sun.nio.ch.SinkChannelImpl
1299:             3            168  sun.nio.ch.SourceChannelImpl
1300:             7            168  sun.security.x509.NetscapeCertTypeExtension$MapEntry
1301:             4            160  [Lcom.alibaba.fastjson.parser.Feature;
1302:             5            160  ch.qos.logback.core.util.CachingDateFormatter
1303:             4            160  com.fasterxml.jackson.core.Base64Variant
1304:             5            160  com.fasterxml.jackson.core.JsonEncoding
1305:             5            160  com.google.inject.spi.ElementSource
1306:             2            160  com.netflix.config.ConcurrentCompositeConfiguration
1307:             5            160  com.netflix.config.DynamicProperty$1
1308:             5            160  com.netflix.config.DynamicProperty$2
1309:             5            160  com.netflix.config.DynamicProperty$3
1310:             5            160  com.netflix.config.DynamicProperty$4
1311:             5            160  com.netflix.config.DynamicProperty$5
1312:             5            160  com.netflix.config.DynamicProperty$6
1313:             5            160  com.netflix.config.DynamicProperty$7
1314:            10            160  com.rabbitmq.client.impl.LongStringHelper$ByteArrayLongString
1315:             4            160  com.sun.jmx.mbeanserver.DefaultMXBeanMappingFactory$TabularMapping
1316:             4            160  com.sun.org.apache.xerces.internal.impl.dtd.XMLSimpleType
1317:            10            160  com.sun.proxy.$Proxy143
1318:            10            160  com.sun.proxy.$Proxy211
1319:             4            160  com.yintech.crm.domain.core.data.AnnualIncomeEnum
1320:             4            160  com.yintech.crm.domain.core.data.NetAssetValueEnum
1321:             4            160  java.io.BufferedWriter
1322:             5            160  java.security.MessageDigest$Delegate
1323:            10            160  java.util.Formatter$Flags
1324:            10            160  java.util.concurrent.ConcurrentHashMap$ValuesView
1325:             5            160  java.util.concurrent.ConcurrentSkipListMap$HeadIndex
1326:             5            160  javax.management.MBeanNotificationInfo
1327:             5            160  javax.management.StandardEmitterMBean
1328:             5            160  org.apache.catalina.core.StandardPipeline
1329:             2            160  org.apache.catalina.core.StandardWrapperValve
1330:             4            160  org.apache.catalina.mbeans.ContainerMBean
1331:            10            160  org.apache.commons.logging.impl.NoOpLog
1332:             1            160  org.apache.coyote.http11.Http11NioProtocol
1333:            10            160  org.apache.http.impl.cookie.BasicCommentHandler
1334:            10            160  org.apache.http.impl.cookie.BasicSecureHandler
1335:            10            160  org.apache.tomcat.util.threads.TaskThread$WrappingRunnable
1336:            10            160  org.aspectj.weaver.reflect.ReflectionWorld$ExceptionBasedMessageHandler
1337:            10            160  org.aspectj.weaver.tools.DefaultMatchingContext
1338:            10            160  org.springframework.aop.aspectj.AspectJExpressionPointcut$BeanNamePointcutDesignatorHandler
1339:             1            160  org.springframework.cloud.netflix.eureka.EurekaClientConfigBean
1340:             5            160  org.springframework.http.converter.support.AllEncompassingFormHttpMessageConverter
1341:            10            160  org.springframework.web.cors.DefaultCorsProcessor
1342:             2            160  org.springframework.web.servlet.handler.SimpleUrlHandlerMapping
1343:             1            160  org.springframework.web.servlet.mvc.method.annotation.RequestMappingHandlerAdapter
1344:             4            160  sun.reflect.UnsafeQualifiedStaticIntegerFieldAccessorImpl
1345:             4            160  sun.security.ec.ECPublicKeyImpl
1346:             5            160  sun.security.provider.SecureRandom
1347:             5            160  sun.util.locale.provider.LocaleProviderAdapter$Type
1348:             1            152  com.rabbitmq.client.impl.AMQConnection
1349:             1            152  org.apache.catalina.session.StandardManager
1350:             3            144  [F
1351:             2            144  [Ljava.math.BigDecimal;
1352:             3            144  [Ljava.util.Map;
1353:             3            144  [Lorg.aspectj.weaver.patterns.NamePattern;
1354:             3            144  [Lsun.nio.ch.SelectionKeyImpl;
1355:             2            144  ch.qos.logback.classic.PatternLayout
1356:             3            144  com.alibaba.fastjson.parser.ParserConfig
1357:             6            144  com.fasterxml.jackson.annotation.JsonAutoDetect$Visibility
1358:             6            144  com.fasterxml.jackson.annotation.JsonInclude$Include
1359:             6            144  com.fasterxml.jackson.core.JsonParser$NumberType
1360:             6            144  com.google.common.collect.SingletonImmutableList
1361:             3            144  com.google.inject.internal.ConstructorBindingImpl
1362:             9            144  com.google.inject.internal.TypeConverterBindingProcessor$6
1363:             6            144  com.netflix.discovery.shared.transport.decorator.MetricsCollectingEurekaHttpClient$EurekaHttpClientRequestMetrics$Status
1364:             6            144  com.sun.org.apache.xerces.internal.util.Status
1365:             9            144  com.sun.proxy.$Proxy260
1366:             9            144  com.sun.proxy.$Proxy266
1367:             9            144  com.sun.proxy.$Proxy43
1368:             9            144  com.sun.proxy.$Proxy50
1369:             6            144  java.util.regex.Pattern$CharPropertyNames$2
1370:             6            144  javax.validation.executable.ExecutableType
1371:             6            144  javax.ws.rs.core.Response$Status$Family
1372:             6            144  okio.ByteString
1373:             6            144  org.aspectj.lang.reflect.PerClauseKind
1374:             6            144  org.hibernate.validator.internal.engine.groups.DefaultValidationOrder
1375:             6            144  org.hibernate.validator.internal.engine.groups.ValidationOrderGenerator
1376:             6            144  org.hibernate.validator.internal.metadata.raw.ConstrainedElement$ConstrainedElementKind
1377:             3            144  org.hibernate.validator.messageinterpolation.ResourceBundleMessageInterpolator
1378:             6            144  org.jboss.logging.Logger$Level
1379:             3            144  org.joda.time.format.DateTimeFormatter
1380:             1            144  org.springframework.amqp.rabbit.connection.CachingConnectionFactory
1381:             6            144  org.springframework.aop.aspectj.annotation.AbstractAspectJAdvisorFactory$AspectJAnnotationType
1382:             6            144  org.springframework.aop.aspectj.annotation.BeanFactoryAspectInstanceFactory
1383:             6            144  org.springframework.aop.aspectj.annotation.LazySingletonAspectInstanceFactoryDecorator
1384:             6            144  org.springframework.aop.framework.CglibAopProxy$ProxyCallbackFilter
1385:             1            144  org.springframework.boot.context.embedded.AnnotationConfigEmbeddedWebApplicationContext
1386:             1            144  org.springframework.boot.context.embedded.tomcat.TomcatEmbeddedWebappClassLoader
1387:             6            144  org.springframework.cloud.netflix.feign.FeignClientsConfiguration$$EnhancerBySpringCGLIB$$dba678fc$$FastClassBySpringCGLIB$$3ab31d84
1388:             6            144  org.springframework.cloud.netflix.feign.FeignClientsConfiguration$$FastClassBySpringCGLIB$$c7ca7246
1389:             6            144  org.springframework.cloud.netflix.ribbon.RibbonAutoConfiguration$$EnhancerBySpringCGLIB$$b1c57c6b$$FastClassBySpringCGLIB$$52894afd
1390:             6            144  org.springframework.cloud.netflix.ribbon.RibbonAutoConfiguration$$FastClassBySpringCGLIB$$1a77d6d5
1391:             6            144  org.springframework.core.io.DefaultResourceLoader
1392:             9            144  org.springframework.core.serializer.DefaultDeserializer
1393:             9            144  org.springframework.core.serializer.DefaultSerializer
1394:             9            144  org.springframework.core.serializer.support.DeserializingConverter
1395:             9            144  org.springframework.core.serializer.support.SerializingConverter
1396:             9            144  org.springframework.data.redis.core.script.DefaultScriptExecutor
1397:             9            144  org.springframework.web.context.request.RequestScope
1398:             6            144  sun.misc.PerfCounter
1399:             3            144  sun.nio.ch.WindowsSelectorImpl$FdMap
1400:             6            144  sun.security.ssl.ProtocolVersion
1401:             6            144  sun.security.util.DisabledAlgorithmConstraints$KeySizeConstraint$Operator
1402:             6            144  sun.security.x509.AccessDescription
1403:             1            136  [Ljava.time.temporal.ChronoField;
1404:             2            136  [[I
1405:             1            136  com.netflix.discovery.shared.NamedConnectionPool
1406:             1            136  org.springframework.boot.context.embedded.tomcat.TomcatEmbeddedServletContainerFactory
1407:             4            128  [Lcom.google.common.collect.MapMakerInternalMap$EntryFactory;
1408:             2            128  [Lcom.netflix.discovery.shared.transport.decorator.EurekaHttpClientDecorator$RequestType;
1409:             4            128  ch.qos.logback.core.joran.event.BodyEvent
1410:             4            128  ch.qos.logback.core.joran.util.beans.BeanDescription
1411:             2            128  com.fasterxml.jackson.databind.ser.std.MapSerializer
1412:             8            128  com.google.gson.TypeAdapter$1
1413:             8            128  com.google.inject.matcher.Matchers$IdenticalTo
1414:             4            128  com.netflix.discovery.shared.resolver.DefaultEndpoint
1415:             4            128  com.netflix.discovery.shared.transport.decorator.MetricsCollectingEurekaHttpClient
1416:             4            128  com.netflix.discovery.shared.transport.decorator.RedirectingEurekaHttpClient
1417:             4            128  com.sun.jmx.mbeanserver.DefaultMXBeanMappingFactory$ArrayMapping
1418:             4            128  com.sun.jmx.mbeanserver.DefaultMXBeanMappingFactory$CollectionMapping
1419:             1            128  com.sun.org.apache.xerces.internal.impl.XMLEntityManager
1420:             4            128  com.sun.org.apache.xerces.internal.util.XMLResourceIdentifierImpl
1421:             8            128  com.sun.proxy.$Proxy101
1422:             8            128  com.sun.proxy.$Proxy105
1423:             8            128  com.sun.proxy.$Proxy167
1424:             8            128  com.sun.proxy.$Proxy21
1425:             8            128  com.sun.proxy.$Proxy245
1426:             8            128  com.sun.proxy.$Proxy280
1427:             4            128  com.yintech.crm.domain.core.data.EnterpriseNoStatusEnum
1428:             2            128  java.io.ExpiringCache$1
1429:             8            128  java.util.AbstractMap$1
1430:             4            128  java.util.Collections$UnmodifiableSortedMap
1431:             8            128  java.util.regex.Pattern$CharPropertyNames$3
1432:             1            128  org.apache.catalina.core.StandardEngine
1433:             8            128  org.apache.http.impl.cookie.BasicPathHandler
1434:             4            128  org.apache.tomcat.util.collections.SynchronizedStack
1435:             8            128  org.aspectj.internal.lang.reflect.PointcutExpressionImpl
1436:             4            128  org.aspectj.weaver.patterns.ModifiersPattern
1437:             2            128  org.aspectj.weaver.patterns.OrPointcut
1438:             4            128  org.springframework.boot.autoconfigure.condition.ConditionalOnJava$JavaVersion
1439:             2            128  org.springframework.boot.context.properties.ConfigurationPropertiesBindingPostProcessor
1440:             1            128  org.springframework.cloud.netflix.eureka.EurekaInstanceConfigBean
1441:             4            128  org.springframework.core.env.CompositePropertySource
1442:             2            128  org.springframework.util.LinkedCaseInsensitiveMap$1
1443:             4            128  org.springframework.web.method.annotation.RequestParamMethodArgumentResolver
1444:             2            128  org.springframework.web.servlet.config.annotation.WebMvcConfigurationSupport$EmptyHandlerMapping
1445:             4            128  org.springframework.web.servlet.resource.PathResourceResolver
1446:             2            128  sun.nio.cs.ext.DoubleByte$Encoder_DBCSONLY
1447:             4            128  sun.security.ssl.EphemeralKeyManager$EphemeralKeyPair
1448:             2            128  sun.security.ssl.SSLContextImpl$TLSContext
1449:             4            128  sun.security.ssl.SSLSessionContextImpl
1450:             4            128  sun.security.x509.AuthorityInfoAccessExtension
1451:             2            120  [Lcom.thoughtworks.xstream.io.xml.XmlFriendlyNameCoder$IntPair;
1452:             7            120  [Lorg.springframework.context.annotation.ComponentScan$Filter;
1453:             5            120  ch.qos.logback.core.pattern.parser.TokenStream$TokenizerState
1454:             1            120  ch.qos.logback.core.rolling.helper.RollingCalendar
1455:             5            120  ch.qos.logback.core.subst.Token$Type
1456:             5            120  ch.qos.logback.core.util.AggregationType
1457:             5            120  com.fasterxml.jackson.annotation.JsonTypeInfo$As
1458:             5            120  com.fasterxml.jackson.annotation.JsonTypeInfo$Id
1459:             3            120  com.fasterxml.jackson.core.Version
1460:             3            120  com.google.common.collect.RegularImmutableMap
1461:             3            120  com.google.inject.internal.MembersInjectorImpl
1462:             3            120  com.google.inject.internal.SingletonScope$1
1463:             5            120  com.netflix.appinfo.InstanceInfo$InstanceStatus
1464:             3            120  com.netflix.discovery.shared.resolver.aws.AwsEndpoint
1465:             5            120  com.netflix.hystrix.strategy.properties.archaius.HystrixDynamicPropertiesArchaius$StringDynamicProperty
1466:             5            120  com.netflix.servo.annotations.DataSourceType
1467:             5            120  com.sun.jersey.api.client.Client$ContextInjectableProvider
1468:             5            120  com.sun.jersey.core.header.reader.HttpHeaderReader$Event
1469:             3            120  com.sun.org.apache.xerces.internal.impl.dtd.XMLEntityDecl
1470:             1            120  com.sun.org.apache.xerces.internal.jaxp.SAXParserImpl$JAXPSAXParser
1471:             5            120  com.sun.org.apache.xerces.internal.util.PropertyState
1472:             3            120  com.sun.org.apache.xerces.internal.utils.XMLLimitAnalyzer
1473:             5            120  com.sun.org.apache.xerces.internal.utils.XMLSecurityManager$State
1474:             5            120  com.sun.org.apache.xerces.internal.utils.XMLSecurityPropertyManager$State
1475:             5            120  com.thoughtworks.xstream.core.util.SerializationMembers
1476:             3            120  java.lang.invoke.MethodHandleImpl$AsVarargsCollector
1477:             5            120  java.time.format.SignStyle
1478:             5            120  java.util.concurrent.ConcurrentSkipListMap$Node
1479:             5            120  java.util.concurrent.atomic.AtomicMarkableReference$Pair
1480:             3            120  java.util.regex.Pattern$Loop
1481:             3            120  javax.net.ssl.SSLParameters
1482:             5            120  javax.servlet.DispatcherType
1483:             5            120  okhttp3.TlsVersion
1484:             1            120  org.apache.catalina.connector.Connector
1485:             5            120  org.apache.catalina.core.ContainerBase$StartStopThreadFactory
1486:             3            120  org.apache.commons.pool2.impl.BaseGenericObjectPool$Evictor
1487:             5            120  org.apache.http.auth.AuthProtocolState
1488:             1            120  org.aspectj.weaver.ResolvedPointcutDefinition
1489:             3            120  org.hibernate.validator.internal.metadata.BeanMetaDataManager
1490:             5            120  org.springframework.boot.actuate.health.Status
1491:             5            120  org.springframework.boot.ansi.AnsiStyle
1492:             5            120  org.springframework.boot.context.config.ConfigFileApplicationListener$PropertySourceOrderingPostProcessor
1493:             5            120  org.springframework.cloud.client.actuator.HasFeatures
1494:             5            120  org.springframework.cloud.client.actuator.NamedFeature
1495:             3            120  org.springframework.cloud.context.scope.GenericScope$LockedScopedProxyFactoryBean
1496:             5            120  org.springframework.cloud.sleuth.autoconfig.TraceAutoConfiguration$$EnhancerBySpringCGLIB$$ed7639a4$$FastClassBySpringCGLIB$$333129a2
1497:             5            120  org.springframework.cloud.sleuth.autoconfig.TraceAutoConfiguration$$FastClassBySpringCGLIB$$e8dbc5ee
1498:             5            120  org.springframework.context.annotation.FilterType
1499:             5            120  org.springframework.http.HttpStatus$Series
1500:             3            120  org.springframework.http.client.SimpleClientHttpRequestFactory
1501:             3            120  org.springframework.web.client.RestTemplate
1502:             3            120  org.springframework.web.servlet.handler.AbstractHandlerMethodMapping$MappingRegistry
1503:             3            120  org.springframework.web.servlet.mvc.method.annotation.HttpEntityMethodProcessor
1504:             3            120  org.springframework.web.servlet.mvc.method.annotation.RequestResponseBodyMethodProcessor
1505:             5            120  org.yaml.snakeyaml.DumperOptions$ScalarStyle
1506:             1            120  springfox.documentation.spi.service.contexts.DocumentationContext
1507:             5            120  sun.misc.FloatingDecimal$PreparedASCIIToBinaryBuffer
1508:             3            120  sun.nio.ch.SocketAdaptor
1509:             5            120  sun.nio.fs.WindowsPathType
1510:             5            120  sun.security.jca.ServiceId
1511:             3            120  sun.security.provider.DSAPublicKeyImpl
1512:             5            120  sun.util.resources.ParallelListResourceBundle$KeySet
1513:             2            112  [Lcom.fasterxml.jackson.annotation.JsonFormat$Shape;
1514:             4            112  [Lcom.sun.jersey.core.spi.component.ComponentScope;
1515:             3            112  [Lcom.sun.org.apache.xerces.internal.util.XMLAttributesImpl$Attribute;
1516:             2            112  [Ljava.lang.invoke.MethodType;
1517:             2            112  [Ljava.security.CryptoPrimitive;
1518:             1            112  [Ljava.time.LocalTime;
1519:             1            112  [Lorg.yaml.snakeyaml.tokens.Token$ID;
1520:             2            112  ch.qos.logback.classic.encoder.PatternLayoutEncoder
1521:             7            112  com.fasterxml.classmate.TypeResolver
1522:             7            112  com.fasterxml.classmate.util.ResolvedTypeCache
1523:             2            112  com.netflix.discovery.shared.transport.decorator.SessionedEurekaHttpClient
1524:             7            112  com.sun.proxy.$Proxy119
1525:             7            112  com.sun.proxy.$Proxy128
1526:             7            112  com.sun.proxy.$Proxy13
1527:             7            112  com.sun.proxy.$Proxy44
1528:             7            112  com.sun.proxy.$Proxy74
1529:             7            112  com.sun.proxy.$Proxy81
1530:             7            112  java.awt.datatransfer.MimeTypeParameterList
1531:             2            112  java.net.SocketPermission
1532:             7            112  java.nio.channels.spi.AbstractInterruptibleChannel$1
1533:             7            112  java.util.Collections$UnmodifiableCollection
1534:             1            112  okhttp3.OkHttpClient
1535:             1            112  org.apache.catalina.core.StandardServer
1536:             7            112  org.apache.http.impl.cookie.BasicMaxAgeHandler
1537:             1            112  org.apache.tomcat.util.digester.Digester
1538:             2            112  org.apache.tomcat.util.scan.StandardJarScanFilter
1539:             7            112  org.aspectj.weaver.UnresolvedType$TypeKind
1540:             7            112  org.springframework.beans.ExtendedBeanInfo$PropertyDescriptorComparator
1541:             7            112  org.springframework.boot.actuate.endpoint.mvc.$Proxy140
1542:             1            112  org.springframework.boot.actuate.endpoint.mvc.EndpointHandlerMapping
1543:             2            112  org.springframework.boot.context.properties.ConfigurationPropertiesBindingPostProcessor$ValidatedLocalValidatorFactoryBean
1544:             7            112  org.springframework.core.SerializableTypeWrapper$1
1545:             7            112  org.springframework.util.ConcurrentReferenceHashMap$EntrySet
1546:             7            112  org.springframework.web.accept.HeaderContentNegotiationStrategy
1547:             1            112  org.springframework.web.servlet.DispatcherServlet
1548:             1            112  springfox.documentation.spring.web.plugins.Docket
1549:             2            112  sun.nio.cs.ext.DoubleByte$Decoder_DBCSONLY
1550:             2            104  [Lch.qos.logback.core.rolling.helper.PeriodicityType;
1551:             1            104  ch.qos.logback.classic.LoggerContext
1552:             1            104  com.yintech.crm.web.controller.personnel.EmployeeController$$EnhancerBySpringCGLIB$$7faf9dbb
1553:             1            104  com.yintech.crm.web.controller.voice.CallingController$$EnhancerBySpringCGLIB$$f8a4e039
1554:             1            104  org.apache.tomcat.util.net.SocketProperties
1555:             1            104  org.apache.tomcat.websocket.server.WsServerContainer
1556:             1            104  org.springframework.web.servlet.view.InternalResourceViewResolver
1557:             1            104  springfox.documentation.spring.web.PropertySourcedRequestMappingHandlerMapping
1558:             4             96  [Lcom.google.common.base.Predicate;
1559:             2             96  [Lcom.google.common.cache.LocalCache$EntryFactory;
1560:             3             96  [Lcom.netflix.appinfo.DataCenterInfo$Name;
1561:             3             96  [Lcom.netflix.servo.monitor.LongGauge;
1562:             3             96  [Lcom.yintech.crm.domain.core.data.TaskTypeEnum;
1563:             1             96  [Ljavax.ws.rs.core.Response$Status;
1564:             2             96  [Lorg.springframework.boot.logging.LogLevel;
1565:             4             96  [Lorg.springframework.core.io.Resource;
1566:             2             96  [Lorg.springframework.http.HttpMethod;
1567:             1             96  [[J
1568:             2             96  ch.qos.logback.classic.pattern.DateConverter
1569:             2             96  ch.qos.logback.classic.pattern.ThrowableProxyConverter
1570:             3             96  ch.qos.logback.core.joran.action.AppenderRefAction
1571:             4             96  ch.qos.logback.core.joran.action.NOPAction
1572:             4             96  ch.qos.logback.core.pattern.parser.Token
1573:             2             96  ch.qos.logback.core.rolling.helper.DateTokenConverter
1574:             4             96  ch.qos.logback.core.subst.Token
1575:             3             96  ch.qos.logback.core.util.COWArrayList
1576:             2             96  com.alibaba.fastjson.support.config.FastJsonConfig
1577:             4             96  com.alibaba.fastjson.util.IdentityHashMap
1578:             4             96  com.fasterxml.classmate.AnnotationInclusion
1579:             4             96  com.fasterxml.jackson.annotation.JsonCreator$Mode
1580:             4             96  com.fasterxml.jackson.annotation.JsonProperty$Access
1581:             4             96  com.fasterxml.jackson.core.JsonFactory$Feature
1582:             3             96  com.fasterxml.jackson.databind.PropertyMetadata
1583:             3             96  com.fasterxml.jackson.databind.cfg.DeserializerFactoryConfig
1584:             1             96  com.github.tobato.fastdfs.conn.ConnectionPoolConfig
1585:             4             96  com.google.common.base.AbstractIterator$State
1586:             4             96  com.google.common.collect.AbstractIterator$State
1587:             4             96  com.google.common.collect.Lists$TransformingRandomAccessList
1588:             3             96  com.google.inject.internal.ConstructorBindingImpl$Factory
1589:             3             96  com.google.inject.internal.ConstructorInjector
1590:             3             96  com.google.inject.internal.CycleDetectingLock$CycleDetectingLockFactory$ReentrantCycleDetectingLock
1591:             3             96  com.google.inject.internal.DefaultConstructionProxyFactory$FastClassProxy
1592:             2             96  com.google.inject.internal.ProviderInstanceBindingImpl
1593:             3             96  com.google.inject.spi.InjectionPoint
1594:             4             96  com.netflix.discovery.shared.transport.jersey.JerseyApplicationClient
1595:             4             96  com.netflix.servo.monitor.CompositeMonitorWrapper
1596:             4             96  com.netflix.servo.tag.SortedTagList
1597:             4             96  com.rabbitmq.client.BuiltinExchangeType
1598:             1             96  com.rabbitmq.client.impl.ChannelN
1599:             4             96  com.rabbitmq.client.impl.CommandAssembler$CAState
1600:             4             96  com.sun.jersey.core.impl.provider.xml.ThreadLocalSingletonContextProvider$1
1601:             3             96  com.sun.jmx.mbeanserver.DefaultMXBeanMappingFactory$EnumMapping
1602:             1             96  com.sun.net.ssl.internal.ssl.Provider
1603:             2             96  com.sun.org.apache.xerces.internal.impl.XMLDocumentFragmentScannerImpl$ElementStack
1604:             1             96  com.sun.org.apache.xerces.internal.impl.dtd.XMLDTDProcessor
1605:             2             96  com.sun.org.apache.xerces.internal.util.XMLAttributesIteratorImpl
1606:             3             96  com.sun.org.apache.xerces.internal.utils.XMLSecurityManager$NameMap
1607:             6             96  com.sun.proxy.$Proxy100
1608:             6             96  com.sun.proxy.$Proxy137
1609:             6             96  com.sun.proxy.$Proxy41
1610:             6             96  com.sun.proxy.$Proxy42
1611:             6             96  com.sun.proxy.$Proxy46
1612:             6             96  com.sun.proxy.$Proxy83
1613:             4             96  com.thoughtworks.xstream.converters.basic.BooleanConverter
1614:             3             96  com.yintech.crm.domain.core.data.TaskTypeEnum
1615:             4             96  feign.Logger$Level
1616:             4             96  java.io.BufferedOutputStream
1617:             3             96  java.io.FileOutputStream
1618:             4             96  java.io.OutputStreamWriter
1619:             3             96  java.lang.StackTraceElement
1620:             3             96  java.lang.StringCoding$StringDecoder
1621:             3             96  java.lang.StringCoding$StringEncoder
1622:             2             96  java.lang.ThreadGroup
1623:             3             96  java.lang.invoke.BoundMethodHandle$Species_LL
1624:             3             96  java.net.Inet6Address
1625:             3             96  java.net.Inet6Address$Inet6AddressHolder
1626:             4             96  java.text.Normalizer$Form
1627:             4             96  java.time.format.DateTimeFormatterBuilder$OffsetIdPrinterParser
1628:             4             96  java.time.format.DateTimeFormatterBuilder$SettingsParser
1629:             4             96  java.time.format.FormatStyle
1630:             3             96  java.util.concurrent.CountDownLatch$Sync
1631:             4             96  java.util.concurrent.Executors$DelegatedScheduledExecutorService
1632:             6             96  java.util.concurrent.SynchronousQueue$TransferStack
1633:             3             96  java.util.concurrent.SynchronousQueue$TransferStack$SNode
1634:             2             96  java.util.concurrent.locks.ReentrantReadWriteLock$FairSync
1635:             6             96  java.util.jar.JarVerifier$3
1636:             4             96  java.util.regex.Pattern$Prolog
1637:             4             96  javax.management.NotificationBroadcasterSupport
1638:             4             96  javax.xml.bind.annotation.XmlAccessType
1639:             4             96  okhttp3.Protocol
1640:             4             96  org.apache.catalina.WebResourceRoot$ResourceSetType
1641:             2             96  org.apache.catalina.mbeans.NamingResourcesMBean
1642:             4             96  org.apache.catalina.webresources.EmptyResource
1643:             1             96  org.apache.http.impl.client.DefaultHttpClient
1644:             6             96  org.apache.http.impl.cookie.BasicExpiresHandler
1645:             3             96  org.apache.tomcat.util.buf.UDecoder$DecodeException
1646:             3             96  org.apache.tomcat.util.collections.SynchronizedQueue
1647:             4             96  org.apache.tomcat.util.digester.ArrayStack
1648:             4             96  org.apache.tomcat.util.net.AbstractEndpoint$Acceptor$AcceptorState
1649:             2             96  org.apache.tomcat.util.net.NioEndpoint$Poller
1650:             1             96  org.apache.tomcat.util.threads.ThreadPoolExecutor
1651:             4             96  org.aspectj.weaver.reflect.PointcutParameterImpl
1652:             3             96  org.hibernate.validator.internal.cfg.context.DefaultConstraintMapping
1653:             3             96  org.hibernate.validator.internal.metadata.provider.TypeAnnotationAwareMetaDataProvider
1654:             4             96  org.springframework.aop.support.DefaultPointcutAdvisor
1655:             3             96  org.springframework.aop.target.SimpleBeanTargetSource
1656:             3             96  org.springframework.beans.factory.support.AbstractBeanFactory$2
1657:             4             96  org.springframework.boot.actuate.autoconfigure.ManagementServerProperties$SessionCreationPolicy
1658:             4             96  org.springframework.boot.autoconfigure.condition.SearchStrategy
1659:             1             96  org.springframework.boot.autoconfigure.web.ServerProperties
1660:             4             96  org.springframework.boot.autoconfigure.web.WebMvcAutoConfiguration$EnableWebMvcConfiguration$$FastClassBySpringCGLIB$$81966224
1661:             4             96  org.springframework.boot.devtools.autoconfigure.LocalDevToolsAutoConfiguration$RestartConfiguration$$EnhancerBySpringCGLIB$$1b0c3de1$$FastClassBySpringCGLIB$$3658fb0f
1662:             4             96  org.springframework.boot.devtools.autoconfigure.LocalDevToolsAutoConfiguration$RestartConfiguration$$FastClassBySpringCGLIB$$bc8d9f8b
1663:             1             96  org.springframework.boot.devtools.restart.classloader.RestartClassLoader
1664:             3             96  org.springframework.cloud.context.scope.GenericScope$BeanLifecycleWrapper
1665:             4             96  org.springframework.cloud.sleuth.annotation.SleuthAnnotationAutoConfiguration$$EnhancerBySpringCGLIB$$b6de62c3$$FastClassBySpringCGLIB$$24bce4ad
1666:             4             96  org.springframework.cloud.sleuth.annotation.SleuthAnnotationAutoConfiguration$$FastClassBySpringCGLIB$$7a414a2d
1667:             4             96  org.springframework.context.annotation.ScopedProxyMode
1668:             2             96  org.springframework.core.task.SimpleAsyncTaskExecutor
1669:             3             96  org.springframework.data.geo.Metrics
1670:             4             96  org.springframework.format.annotation.DateTimeFormat$ISO
1671:             4             96  org.springframework.http.converter.ResourceRegionHttpMessageConverter
1672:             6             96  org.springframework.objenesis.instantiator.sun.SunReflectionFactoryInstantiator
1673:             4             96  org.springframework.util.ConcurrentReferenceHashMap$TaskOption
1674:             4             96  org.springframework.web.method.annotation.ModelAttributeMethodProcessor
1675:             3             96  org.springframework.web.servlet.mvc.method.RequestMappingInfo$BuilderConfiguration
1676:             4             96  org.yaml.snakeyaml.nodes.NodeId
1677:             2             96  springfox.documentation.service.ApiInfo
1678:             4             96  springfox.documentation.spring.web.SpringfoxWebMvcConfiguration$$EnhancerBySpringCGLIB$$bededb7f$$FastClassBySpringCGLIB$$75b95801
1679:             4             96  springfox.documentation.spring.web.SpringfoxWebMvcConfiguration$$FastClassBySpringCGLIB$$a938e769
1680:             2             96  sun.management.GarbageCollectorImpl
1681:             1             96  sun.misc.Launcher$AppClassLoader
1682:             3             96  sun.net.spi.DefaultProxySelector$NonProxyInfo
1683:             3             96  sun.nio.ch.AllocatedNativeObject
1684:             3             96  sun.nio.ch.PollArrayWrapper
1685:             1             96  sun.nio.ch.ServerSocketChannelImpl
1686:             3             96  sun.nio.ch.WindowsSelectorImpl$SubSelector
1687:             3             96  sun.reflect.UnsafeIntegerFieldAccessorImpl
1688:             1             96  sun.security.ec.SunEC
1689:             1             96  sun.security.jca.ProviderList$1
1690:             4             96  sun.security.provider.certpath.X509CertPath
1691:             1             96  sun.security.rsa.SunRsaSign
1692:             2             96  sun.text.normalizer.CharTrie
1693:             3             96  sun.util.locale.provider.LocaleServiceProviderPool
1694:             2             88  [Lcom.sun.org.apache.xerces.internal.utils.XMLSecurityManager$State;
1695:             1             88  [Lorg.springframework.boot.ansi.AnsiColor;
1696:             1             88  [Lsun.security.util.ObjectIdentifier;
1697:             1             88  [[Ljava.lang.Byte;
1698:             1             88  ch.qos.logback.core.rolling.RollingFileAppender
1699:             1             88  ch.qos.logback.core.rolling.TimeBasedRollingPolicy
1700:             1             88  com.fasterxml.jackson.databind.deser.BeanDeserializer
1701:             1             88  com.netflix.discovery.converters.XmlXStream
1702:             1             88  java.beans.IndexedPropertyDescriptor
1703:             1             88  java.net.URLClassLoader
1704:             1             88  org.apache.catalina.authenticator.NonLoginAuthenticator
1705:             1             88  org.springframework.aop.aspectj.AspectJAfterReturningAdvice
1706:             1             88  org.springframework.aop.aspectj.AspectJAfterThrowingAdvice
1707:             1             88  org.springframework.aop.aspectj.AspectJMethodBeforeAdvice
1708:             1             88  org.springframework.aop.aspectj.annotation.AnnotationAwareAspectJAutoProxyCreator
1709:             1             88  org.springframework.boot.autoconfigure.web.WebMvcAutoConfiguration$EnableWebMvcConfiguration$$EnhancerBySpringCGLIB$$ba6be9a
1710:             1             88  org.springframework.data.redis.listener.RedisMessageListenerContainer
1711:             1             88  org.springframework.http.converter.json.Jackson2ObjectMapperBuilder
1712:             1             88  org.springframework.web.servlet.mvc.method.annotation.RequestMappingHandlerMapping
1713:             1             88  redis.clients.jedis.JedisPoolConfig
1714:             1             88  sun.misc.Launcher$ExtClassLoader
1715:             1             88  sun.nio.cs.CharsetMapping
1716:             5             80  [Lcom.alibaba.fastjson.serializer.SerializeFilter;
1717:             2             80  [Lcom.fasterxml.jackson.annotation.JsonAutoDetect$Visibility;
1718:             3             80  [Lcom.fasterxml.jackson.annotation.JsonFormat$Feature;
1719:             2             80  [Lcom.fasterxml.jackson.annotation.JsonInclude$Include;
1720:             2             80  [Lcom.fasterxml.jackson.annotation.JsonTypeInfo$As;
1721:             2             80  [Lcom.fasterxml.jackson.annotation.JsonTypeInfo$Id;
1722:             4             80  [Lcom.fasterxml.jackson.databind.deser.Deserializers;
1723:             2             80  [Lcom.netflix.discovery.shared.transport.decorator.MetricsCollectingEurekaHttpClient$EurekaHttpClientRequestMetrics$Status;
1724:             2             80  [Lcom.netflix.servo.annotations.DataSourceType;
1725:             1             80  [Ljava.time.temporal.ChronoUnit;
1726:             2             80  [Ljava.util.regex.Pattern;
1727:             2             80  [Ljavax.servlet.DispatcherType;
1728:             2             80  [Ljavax.validation.executable.ExecutableType;
1729:             1             80  [Ljavax.websocket.CloseReason$CloseCodes;
1730:             1             80  [Lokhttp3.CipherSuite;
1731:             2             80  [Lorg.hibernate.validator.internal.metadata.raw.ConstrainedElement$ConstrainedElementKind;
1732:             1             80  [Lorg.springframework.boot.actuate.trace.TraceProperties$Include;
1733:             2             80  [Lorg.springframework.context.annotation.FilterType;
1734:             2             80  ch.qos.logback.classic.pattern.LoggerConverter
1735:             1             80  com.fasterxml.jackson.databind.deser.CreatorProperty
1736:             1             80  com.fasterxml.jackson.databind.deser.std.StdValueInstantiator
1737:             2             80  com.google.common.cache.LocalCache$WeakEntry
1738:             5             80  com.netflix.config.PropertyWrapper$1
1739:             5             80  com.netflix.config.PropertyWrapper$2
1740:             1             80  com.netflix.discovery.shared.transport.jersey.EurekaJerseyClientImpl$EurekaJerseyClientBuilder
1741:             2             80  com.rabbitmq.client.impl.CommandAssembler
1742:             2             80  com.sun.org.apache.xerces.internal.impl.XMLDocumentFragmentScannerImpl$ElementStack2
1743:             2             80  com.sun.org.apache.xerces.internal.impl.dtd.XMLDTDDescription
1744:             2             80  com.sun.org.apache.xerces.internal.impl.validation.ValidationState
1745:             5             80  com.sun.proxy.$Proxy121
1746:             5             80  com.sun.proxy.$Proxy230
1747:             5             80  com.sun.proxy.$Proxy246
1748:             5             80  com.sun.proxy.$Proxy264
1749:             5             80  com.sun.proxy.$Proxy84
1750:             5             80  com.sun.proxy.$Proxy90
1751:             5             80  com.sun.proxy.$Proxy91
1752:             5             80  com.sun.proxy.$Proxy97
1753:             1             80  com.thoughtworks.xstream.core.util.CompositeClassLoader
1754:             5             80  com.thoughtworks.xstream.mapper.DefaultMapper
1755:             1             80  com.yintech.crm.web.controller.resource.CustomerTransferSetController$$EnhancerBySpringCGLIB$$dcbc9f2
1756:             2             80  java.io.BufferedInputStream
1757:             2             80  java.io.ExpiringCache
1758:             2             80  java.io.PrintWriter
1759:             5             80  java.util.Collections$SingletonSet
1760:             5             80  java.util.Hashtable$KeySet
1761:             2             80  java.util.Locale$Category
1762:             5             80  java.util.concurrent.ConcurrentSkipListSet
1763:             2             80  java.util.concurrent.LinkedBlockingDeque
1764:             5             80  java.util.concurrent.atomic.AtomicMarkableReference
1765:             1             80  org.apache.catalina.startup.Tomcat$1
1766:             1             80  org.apache.catalina.webresources.StandardRoot
1767:             2             80  org.apache.http.conn.routing.HttpRoute
1768:             1             80  org.apache.http.impl.conn.DefaultClientConnection
1769:             1             80  org.apache.http.impl.io.SocketInputBuffer
1770:             1             80  org.aspectj.weaver.ResolvedType$Missing
1771:             2             80  org.aspectj.weaver.patterns.EllipsisTypePattern
1772:             2             80  org.springframework.amqp.support.converter.Jackson2JsonMessageConverter
1773:             5             80  org.springframework.boot.autoconfigure.cache.CacheCondition
1774:             1             80  org.springframework.boot.autoconfigure.web.ServerProperties$Tomcat
1775:             2             80  org.springframework.cloud.autoconfigure.ConfigurationPropertiesRebinderAutoConfiguration$$EnhancerBySpringCGLIB$$d0931f8e
1776:             2             80  org.springframework.cloud.commons.util.InetUtilsProperties
1777:             2             80  org.springframework.cloud.context.properties.ConfigurationPropertiesBeans
1778:             1             80  org.springframework.cloud.sleuth.instrument.web.TraceFilter
1779:             1             80  org.springframework.data.redis.core.StringRedisTemplate
1780:             1             80  org.springframework.scheduling.concurrent.ThreadPoolTaskScheduler
1781:             2             80  org.springframework.web.cors.CorsConfiguration
1782:             1             80  org.springframework.web.servlet.handler.BeanNameUrlHandlerMapping
1783:             1             80  org.springframework.web.servlet.mvc.method.annotation.ExceptionHandlerExceptionResolver
1784:             1             80  redis.clients.jedis.Client
1785:             2             80  sun.management.MemoryManagerImpl
1786:             2             80  sun.misc.FloatingDecimal$BinaryToASCIIBuffer
1787:             5             80  sun.net.www.protocol.jar.Handler
1788:             5             80  sun.security.x509.RFC822Name
1789:             2             80  sun.util.calendar.Era
1790:             1             72  [Lcom.fasterxml.jackson.core.JsonToken;
1791:             3             72  [Lcom.fasterxml.jackson.databind.deser.SettableBeanProperty;
1792:             3             72  [Lcom.fasterxml.jackson.databind.ser.BeanPropertyWriter;
1793:             3             72  [Lcom.yintech.crm.domain.core.data.TaskSubTypeEnum;
1794:             1             72  [Ljava.lang.invoke.LambdaFormEditor$Transform$Kind;
1795:             3             72  [Ljava.net.InetAddress;
1796:             1             72  [Ljavax.management.openmbean.SimpleType;
1797:             2             72  [Lorg.aspectj.lang.reflect.Pointcut;
1798:             1             72  [Lorg.aspectj.weaver.Shadow$Kind;
1799:             2             72  [Lsun.security.jca.ProviderConfig;
1800:             1             72  ch.qos.logback.core.ConsoleAppender
1801:             3             72  ch.qos.logback.core.joran.action.PropertyAction
1802:             3             72  ch.qos.logback.core.rolling.helper.CompressionMode
1803:             3             72  ch.qos.logback.core.spi.FilterReply
1804:             3             72  ch.qos.logback.core.subst.Tokenizer$TokenizerState
1805:             3             72  com.alibaba.fastjson.parser.SymbolTable
1806:             3             72  com.alibaba.fastjson.parser.deserializer.ASMDeserializerFactory
1807:             3             72  com.fasterxml.jackson.annotation.JsonInclude$Value
1808:             1             72  com.fasterxml.jackson.core.util.InternCache
1809:             3             72  com.fasterxml.jackson.databind.cfg.SerializerFactoryConfig
1810:             3             72  com.fasterxml.jackson.databind.deser.BeanDeserializerFactory
1811:             1             72  com.fasterxml.jackson.databind.deser.impl.FieldProperty
1812:             3             72  com.fasterxml.jackson.databind.ser.std.NumberSerializer
1813:             3             72  com.google.common.base.CharMatcher$13
1814:             3             72  com.google.common.base.CharMatcher$RangesMatcher
1815:             3             72  com.google.inject.Stage
1816:             3             72  com.google.inject.internal.ConstructionContext
1817:             3             72  com.google.inject.internal.InjectorImpl$JitLimitation
1818:             3             72  com.google.inject.internal.InternalFactoryToProviderAdapter
1819:             3             72  com.google.inject.internal.InternalFlags$IncludeStackTraceOption
1820:             3             72  com.google.inject.internal.InternalFlags$NullableProvidesOption
1821:             3             72  com.google.inject.internal.ProviderToInternalFactoryAdapter
1822:             3             72  com.google.inject.internal.ProvisionListenerCallbackStore$KeyBinding
1823:             3             72  com.netflix.appinfo.DataCenterInfo$Name
1824:             3             72  com.netflix.appinfo.InstanceInfo$ActionType
1825:             3             72  com.netflix.servo.annotations.DataSourceLevel
1826:             3             72  com.sun.jersey.core.spi.component.ComponentScope
1827:             3             72  com.yintech.crm.web.CrmWebServer$$EnhancerBySpringCGLIB$$83f5c140$$FastClassBySpringCGLIB$$a0460e63
1828:             3             72  com.yintech.crm.web.CrmWebServer$$FastClassBySpringCGLIB$$18b760a
1829:             3             72  com.yintech.crm.web.config.RabbitmqConfig$$EnhancerBySpringCGLIB$$f3171171$$FastClassBySpringCGLIB$$7bc056b
1830:             3             72  com.yintech.crm.web.config.RabbitmqConfig$$FastClassBySpringCGLIB$$7eeb911b
1831:             1             72  com.yintech.crm.web.controller.customer.CustomerExtController$$EnhancerBySpringCGLIB$$e5cf2620
1832:             1             72  com.yintech.crm.web.controller.customer.CustomerPoolController$$EnhancerBySpringCGLIB$$2688f91f
1833:             1             72  com.yintech.crm.web.controller.customer.ExpressInfoController$$EnhancerBySpringCGLIB$$3a682651
1834:             1             72  com.yintech.crm.web.controller.global.GlobalDataController$$EnhancerBySpringCGLIB$$941bd3a9
1835:             1             72  com.yintech.crm.web.controller.personnel.EmployeeController
1836:             1             72  com.yintech.crm.web.controller.resource.GroupWorkExcelController$$EnhancerBySpringCGLIB$$87cc74cb
1837:             1             72  com.yintech.crm.web.controller.user.LoginController$$EnhancerBySpringCGLIB$$1f37a719
1838:             1             72  com.yintech.crm.web.controller.voice.CallingController
1839:             3             72  java.io.ByteArrayOutputStream
1840:             3             72  java.lang.annotation.RetentionPolicy
1841:             3             72  java.lang.reflect.ReflectPermission
1842:             3             72  java.net.Proxy$Type
1843:             3             72  java.security.CodeSigner
1844:             3             72  java.security.SecurityPermission
1845:             3             72  java.time.Instant
1846:             3             72  java.time.ZoneOffset
1847:             3             72  java.time.format.ResolverStyle
1848:             3             72  java.util.Base64$Encoder
1849:             1             72  java.util.ResourceBundle$RBClassLoader
1850:             1             72  java.util.logging.LogManager$RootLogger
1851:             3             72  javax.servlet.SessionTrackingMode
1852:             3             72  javax.validation.ConstraintTarget
1853:             3             72  okhttp3.ConnectionSpec
1854:             1             72  org.apache.catalina.core.StandardService
1855:             1             72  org.apache.catalina.webresources.JarResourceSet
1856:             1             72  org.apache.commons.pool2.impl.DefaultPooledObject
1857:             3             72  org.apache.http.HttpVersion
1858:             3             72  org.apache.http.conn.util.DomainType
1859:             3             72  org.apache.http.impl.cookie.RFC2109Spec
1860:             3             72  org.apache.http.impl.cookie.RFC2965Spec
1861:             3             72  org.apache.tomcat.util.net.AbstractEndpoint$BindState
1862:             3             72  org.aspectj.weaver.patterns.Pointcut$State
1863:             3             72  org.hibernate.validator.constraints.CompositionType
1864:             3             72  org.hibernate.validator.internal.engine.constraintvalidation.ConstraintValidatorManager
1865:             3             72  org.hibernate.validator.internal.engine.valuehandling.JavaFXPropertyValueUnwrapper
1866:             3             72  org.hibernate.validator.internal.engine.valuehandling.OptionalValueUnwrapper
1867:             3             72  org.hibernate.validator.internal.engine.valuehandling.UnwrapMode
1868:             3             72  org.hibernate.validator.internal.metadata.core.ConstraintHelper
1869:             1             72  org.hibernate.validator.internal.metadata.descriptor.ConstraintDescriptorImpl
1870:             3             72  org.hibernate.validator.internal.metadata.provider.ProgrammaticMetaDataProvider
1871:             3             72  org.hibernate.validator.internal.metadata.raw.ConfigurationSource
1872:             3             72  org.hibernate.validator.internal.util.ConcurrentReferenceHashMap$ReferenceType
1873:             3             72  org.joda.time.format.DateTimeFormat$StyleFormatter
1874:             3             72  org.mapstruct.CollectionMappingStrategy
1875:             3             72  org.mapstruct.ReportingPolicy
1876:             3             72  org.springframework.amqp.rabbit.support.DefaultMessagePropertiesConverter$CorrelationIdPolicy
1877:             3             72  org.springframework.aop.framework.JdkDynamicAopProxy
1878:             3             72  org.springframework.aop.scope.DefaultScopedObject
1879:             3             72  org.springframework.aop.support.DefaultIntroductionAdvisor
1880:             3             72  org.springframework.aop.support.DelegatingIntroductionInterceptor
1881:             3             72  org.springframework.beans.factory.annotation.Autowire
1882:             3             72  org.springframework.beans.factory.config.BeanDefinitionHolder
1883:             3             72  org.springframework.beans.factory.config.YamlProcessor$MatchStatus
1884:             3             72  org.springframework.beans.factory.config.YamlProcessor$ResolutionMethod
1885:             3             72  org.springframework.boot.Banner$Mode
1886:             1             72  org.springframework.boot.SpringApplication
1887:             3             72  org.springframework.boot.actuate.autoconfigure.EndpointWebMvcAutoConfiguration$$EnhancerBySpringCGLIB$$671ae8b7$$FastClassBySpringCGLIB$$4eeb5ad1
1888:             3             72  org.springframework.boot.actuate.autoconfigure.EndpointWebMvcAutoConfiguration$$FastClassBySpringCGLIB$$15f385a1
1889:             3             72  org.springframework.boot.actuate.autoconfigure.EndpointWebMvcAutoConfiguration$ManagementServerPort
1890:             3             72  org.springframework.boot.actuate.autoconfigure.OnEnabledInfoContributorCondition
1891:             3             72  org.springframework.boot.ansi.AnsiOutput$Enabled
1892:             1             72  org.springframework.boot.autoconfigure.amqp.RabbitProperties
1893:             3             72  org.springframework.boot.autoconfigure.web.ErrorMvcAutoConfiguration$$EnhancerBySpringCGLIB$$6a742685$$FastClassBySpringCGLIB$$bc67b1b3
1894:             3             72  org.springframework.boot.autoconfigure.web.ErrorMvcAutoConfiguration$$FastClassBySpringCGLIB$$40ef97af
1895:             3             72  org.springframework.boot.autoconfigure.web.ErrorProperties$IncludeStacktrace
1896:             3             72  org.springframework.boot.autoconfigure.web.WebMvcAutoConfiguration$WebMvcAutoConfigurationAdapter$$EnhancerBySpringCGLIB$$9f7c740d$$FastClassBySpringCGLIB$$9267b4c
1897:             3             72  org.springframework.boot.autoconfigure.web.WebMvcAutoConfiguration$WebMvcAutoConfigurationAdapter$$FastClassBySpringCGLIB$$bd80bc37
1898:             1             72  org.springframework.boot.autoconfigure.web.WebMvcAutoConfiguration$WelcomePageHandlerMapping
1899:             3             72  org.springframework.boot.bind.RelaxedPropertyResolver
1900:             1             72  org.springframework.boot.devtools.restart.Restarter
1901:             1             72  org.springframework.boot.jackson.JsonComponentModule
1902:             3             72  org.springframework.cloud.autoconfigure.RefreshAutoConfiguration$$EnhancerBySpringCGLIB$$719fe039$$FastClassBySpringCGLIB$$69ff21ee
1903:             3             72  org.springframework.cloud.autoconfigure.RefreshAutoConfiguration$$FastClassBySpringCGLIB$$86b64ee3
1904:             3             72  org.springframework.cloud.client.CommonsClientAutoConfiguration$DiscoveryLoadBalancerConfiguration$$EnhancerBySpringCGLIB$$38bfae6d$$FastClassBySpringCGLIB$$27b83f7d
1905:             3             72  org.springframework.cloud.client.CommonsClientAutoConfiguration$DiscoveryLoadBalancerConfiguration$$FastClassBySpringCGLIB$$23d30a97
1906:             3             72  org.springframework.cloud.netflix.rx.RxJavaAutoConfiguration$RxJavaReturnValueHandlerConfig$$EnhancerBySpringCGLIB$$12417fba$$FastClassBySpringCGLIB$$34829e61
1907:             3             72  org.springframework.cloud.netflix.rx.RxJavaAutoConfiguration$RxJavaReturnValueHandlerConfig$$FastClassBySpringCGLIB$$e58e1f44
1908:             3             72  org.springframework.cloud.sleuth.instrument.web.TraceHttpAutoConfiguration$$EnhancerBySpringCGLIB$$9af725e0$$FastClassBySpringCGLIB$$33770216
1909:             3             72  org.springframework.cloud.sleuth.instrument.web.TraceHttpAutoConfiguration$$FastClassBySpringCGLIB$$90e8e6aa
1910:             3             72  org.springframework.cloud.sleuth.instrument.web.TraceWebAutoConfiguration$$EnhancerBySpringCGLIB$$b1be9b5e$$FastClassBySpringCGLIB$$f8baa3c
1911:             3             72  org.springframework.cloud.sleuth.instrument.web.TraceWebAutoConfiguration$$FastClassBySpringCGLIB$$3a71ea68
1912:             3             72  org.springframework.cloud.sleuth.instrument.web.client.feign.TraceFeignClientAutoConfiguration$$EnhancerBySpringCGLIB$$ea6c9496$$FastClassBySpringCGLIB$$2ec9531a
1913:             3             72  org.springframework.cloud.sleuth.instrument.web.client.feign.TraceFeignClientAutoConfiguration$$FastClassBySpringCGLIB$$c6ccf4a0
1914:             3             72  org.springframework.cloud.sleuth.zipkin2.ZipkinAutoConfiguration$$EnhancerBySpringCGLIB$$278e8792$$FastClassBySpringCGLIB$$cbc1f127
1915:             3             72  org.springframework.cloud.sleuth.zipkin2.ZipkinAutoConfiguration$$FastClassBySpringCGLIB$$7f19041c
1916:             1             72  org.springframework.data.convert.ClassGeneratingEntityInstantiator$ObjectInstantiatorClassGenerator$ByteArrayClassLoader
1917:             1             72  org.springframework.data.redis.connection.jedis.JedisConnectionFactory
1918:             3             72  org.springframework.data.redis.core.RedisKeyValueAdapter$EnableKeyspaceEvents
1919:             3             72  org.springframework.data.repository.query.QueryLookupStrategy$Key
1920:             3             72  org.springframework.expression.spel.SpelCompilerMode
1921:             3             72  org.springframework.format.datetime.joda.JodaTimeFormatterRegistrar$Type
1922:             3             72  org.springframework.format.datetime.standard.DateTimeFormatterRegistrar$Type
1923:             3             72  org.springframework.util.comparator.InvertibleComparator
1924:             3             72  org.springframework.util.comparator.NullSafeComparator
1925:             3             72  org.springframework.validation.beanvalidation.LocalValidatorFactoryBean$1
1926:             1             72  org.springframework.web.client.RestTemplate$$EnhancerBySpringCGLIB$$1e464389
1927:             3             72  org.springframework.web.method.support.HandlerMethodArgumentResolverComposite
1928:             3             72  org.springframework.web.servlet.mvc.method.annotation.RequestAttributeMethodArgumentResolver
1929:             3             72  org.springframework.web.servlet.mvc.method.annotation.SessionAttributeMethodArgumentResolver
1930:             3             72  org.springframework.web.util.DefaultUriTemplateHandler
1931:             3             72  org.yaml.snakeyaml.DumperOptions$FlowStyle
1932:             3             72  org.yaml.snakeyaml.DumperOptions$LineBreak
1933:             3             72  org.yaml.snakeyaml.introspector.BeanAccess
1934:             3             72  springfox.documentation.spi.DocumentationType
1935:             3             72  sun.misc.FloatingDecimal$ExceptionalBinaryToASCIIBuffer
1936:             3             72  sun.net.www.protocol.http.HttpURLConnection$TunnelState
1937:             3             72  sun.nio.ch.PipeImpl
1938:             3             72  sun.nio.ch.WindowsSelectorImpl$FinishLock
1939:             3             72  sun.nio.ch.WindowsSelectorImpl$StartLock
1940:             3             72  sun.security.provider.DSAParameters
1941:             3             72  sun.security.provider.PolicyFile$PolicyEntry
1942:             1             72  sun.util.locale.provider.JRELocaleProviderAdapter
1943:             2             64  [Lcom.fasterxml.jackson.annotation.JsonCreator$Mode;
1944:             2             64  [Lcom.fasterxml.jackson.annotation.JsonProperty$Access;
1945:             1             64  [Lcom.fasterxml.jackson.core.JsonParser$Feature;
1946:             1             64  [Lcom.fasterxml.jackson.databind.node.IntNode;
1947:             3             64  [Lcom.fasterxml.jackson.databind.ser.Serializers;
1948:             2             64  [Lcom.google.common.collect.MapMakerInternalMap$Segment;
1949:             2             64  [Lcom.netflix.appinfo.InstanceInfo$ActionType;
1950:             2             64  [Lcom.netflix.servo.annotations.DataSourceLevel;
1951:             1             64  [Lcom.sun.jersey.api.uri.UriComponent$Type;
1952:             2             64  [Lcom.sun.org.apache.xerces.internal.impl.XMLEntityManager$CharacterBuffer;
1953:             2             64  [Lcom.sun.org.apache.xerces.internal.utils.XMLSecurityPropertyManager$State;
1954:             2             64  [Lcom.yintech.crm.domain.core.data.AnnualIncomeEnum;
1955:             2             64  [Lcom.yintech.crm.domain.core.data.EnterpriseNoStatusEnum;
1956:             2             64  [Lcom.yintech.crm.domain.core.data.NetAssetValueEnum;
1957:             2             64  [Lfeign.Logger$Level;
1958:             2             64  [Ljava.lang.annotation.RetentionPolicy;
1959:             2             64  [Ljava.lang.invoke.LambdaFormEditor$Transform;
1960:             2             64  [Ljavax.servlet.SessionTrackingMode;
1961:             2             64  [Ljavax.xml.bind.annotation.XmlAccessType;
1962:             1             64  [Lorg.apache.catalina.LifecycleState;
1963:             1             64  [Lorg.apache.tomcat.util.descriptor.web.FilterMap;
1964:             2             64  [Lorg.mapstruct.CollectionMappingStrategy;
1965:             2             64  [Lorg.mapstruct.ReportingPolicy;
1966:             2             64  [Lorg.springframework.beans.factory.annotation.Autowire;
1967:             1             64  [Lorg.springframework.boot.autoconfigure.cache.CacheType;
1968:             2             64  [Lorg.springframework.boot.autoconfigure.condition.ConditionalOnJava$JavaVersion;
1969:             2             64  [Lorg.springframework.boot.autoconfigure.condition.SearchStrategy;
1970:             2             64  [Lorg.springframework.context.annotation.ScopedProxyMode;
1971:             2             64  [Lorg.springframework.data.redis.core.RedisKeyValueAdapter$EnableKeyspaceEvents;
1972:             2             64  [Lorg.springframework.data.repository.query.QueryLookupStrategy$Key;
1973:             2             64  [Lorg.springframework.format.annotation.DateTimeFormat$ISO;
1974:             2             64  [Lorg.springframework.format.datetime.standard.DateTimeFormatterRegistrar$Type;
1975:             2             64  [Lorg.springframework.util.ConcurrentReferenceHashMap$TaskOption;
1976:             1             64  [Lorg.springframework.web.util.HierarchicalUriComponents$Type;
1977:             2             64  [Lorg.yaml.snakeyaml.nodes.NodeId;
1978:             1             64  [Lsun.reflect.annotation.TypeAnnotation$TypeAnnotationTarget;
1979:             2             64  ch.qos.logback.classic.joran.action.LevelAction
1980:             2             64  ch.qos.logback.classic.pattern.LevelConverter
1981:             2             64  ch.qos.logback.classic.pattern.LineSeparatorConverter
1982:             2             64  ch.qos.logback.classic.pattern.MessageConverter
1983:             2             64  ch.qos.logback.classic.pattern.ThreadConverter
1984:             2             64  ch.qos.logback.core.joran.spi.ConsoleTarget
1985:             1             64  ch.qos.logback.core.rolling.DefaultTimeBasedFileNamingAndTriggeringPolicy
1986:             2             64  ch.qos.logback.core.rolling.helper.FileNamePattern
1987:             1             64  ch.qos.logback.core.rolling.helper.TimeBasedArchiveRemover
1988:             4             64  com.alibaba.fastjson.parser.deserializer.JSONPDeserializer
1989:             2             64  com.fasterxml.jackson.databind.introspect.AnnotatedParameter
1990:             2             64  com.fasterxml.jackson.databind.ser.std.NumberSerializers$DoubleSerializer
1991:             2             64  com.fasterxml.jackson.databind.ser.std.NumberSerializers$IntegerSerializer
1992:             2             64  com.fasterxml.jackson.databind.ser.std.NumberSerializers$LongSerializer
1993:             4             64  com.google.common.base.Predicates$AndPredicate
1994:             1             64  com.google.common.cache.CacheStats
1995:             1             64  com.netflix.appinfo.ApplicationInfoManager$$EnhancerBySpringCGLIB$$50addb0d
1996:             1             64  com.netflix.config.DynamicURLConfiguration
1997:             2             64  com.netflix.discovery.converters.EurekaJacksonCodec
1998:             1             64  com.netflix.discovery.shared.resolver.AsyncResolver
1999:             2             64  com.netflix.discovery.shared.transport.EurekaHttpClients$1
2000:             2             64  com.netflix.discovery.shared.transport.decorator.RetryableEurekaHttpClient$1
2001:             2             64  com.netflix.discovery.shared.transport.jersey.ApacheHttpClientConnectionCleaner
2002:             2             64  com.netflix.servo.monitor.TimedStopwatch
2003:             4             64  com.sun.jersey.core.util.KeyComparatorHashMap$EntrySet
2004:             2             64  com.sun.org.apache.xerces.internal.impl.dtd.XMLElementDecl
2005:             2             64  com.sun.org.apache.xerces.internal.utils.XMLSecurityPropertyManager$Property
2006:             4             64  com.sun.proxy.$Proxy220
2007:             4             64  com.sun.proxy.$Proxy25
2008:             4             64  com.sun.proxy.$Proxy258
2009:             4             64  com.sun.proxy.$Proxy263
2010:             4             64  com.sun.proxy.$Proxy270
2011:             4             64  com.sun.proxy.$Proxy283
2012:             4             64  com.sun.proxy.$Proxy285
2013:             4             64  com.sun.proxy.$Proxy286
2014:             4             64  com.sun.proxy.$Proxy287
2015:             4             64  com.sun.proxy.$Proxy31
2016:             4             64  com.sun.proxy.$Proxy33
2017:             4             64  com.sun.proxy.$Proxy35
2018:             4             64  com.sun.proxy.$Proxy45
2019:             4             64  com.sun.proxy.$Proxy76
2020:             4             64  com.thoughtworks.xstream.converters.reflection.SerializationMethodInvoker
2021:             1             64  com.thoughtworks.xstream.mapper.AnnotationMapper
2022:             2             64  com.thoughtworks.xstream.mapper.ImplicitCollectionMapper$ImplicitCollectionMapperForClass
2023:             2             64  com.thoughtworks.xstream.mapper.ImplicitCollectionMapper$ImplicitCollectionMappingImpl
2024:             2             64  com.yintech.crm.domain.core.data.AccountEmailStateEnum
2025:             2             64  com.yintech.crm.domain.core.data.AccountTypeEnum
2026:             2             64  com.yintech.crm.domain.core.data.TaskSubTypeEnum
2027:             1             64  com.yintech.crm.web.controller.file.FileManageController$$EnhancerBySpringCGLIB$$cf37d05a
2028:             1             64  com.yintech.crm.web.controller.investorEdu.InvestorEduController$$EnhancerBySpringCGLIB$$aef91b4b
2029:             1             64  com.yintech.crm.web.controller.notice.UserNoticeController$$EnhancerBySpringCGLIB$$7ccee74c
2030:             1             64  com.yintech.crm.web.controller.personnel.EmployeeLevelController$$EnhancerBySpringCGLIB$$7ce32659
2031:             1             64  com.yintech.crm.web.controller.resource.GroupWorkExcelHandController$$EnhancerBySpringCGLIB$$5f549e98
2032:             1             64  com.yintech.crm.web.controller.user.UserController$$EnhancerBySpringCGLIB$$964e80cb
2033:             1             64  com.yintech.crm.web.controller.voice.CallingRecordController$$EnhancerBySpringCGLIB$$730668ac
2034:             2             64  java.io.PrintStream
2035:             2             64  java.lang.ClassValue$Entry
2036:             2             64  java.lang.VirtualMachineError
2037:             2             64  java.lang.ref.ReferenceQueue$Null
2038:             2             64  java.lang.reflect.WeakCache$CacheKey
2039:             2             64  java.time.format.DateTimeFormatterBuilder$TextPrinterParser
2040:             2             64  java.time.temporal.IsoFields$Unit
2041:             2             64  java.util.LinkedList$ListItr
2042:             4             64  java.util.concurrent.ConcurrentSkipListMap$KeySet
2043:             1             64  org.apache.catalina.core.ApplicationContext
2044:             1             64  org.apache.catalina.loader.WebappLoader
2045:             1             64  org.apache.catalina.mapper.Mapper$ContextVersion
2046:             1             64  org.apache.catalina.servlets.DefaultServlet
2047:             1             64  org.apache.catalina.webresources.DirResourceSet
2048:             2             64  org.apache.commons.pool2.impl.SecurityManagerCallStack
2049:             2             64  org.apache.http.HttpHost
2050:             2             64  org.apache.http.conn.scheme.Scheme
2051:             1             64  org.apache.http.impl.conn.tsccm.BasicPoolEntry
2052:             1             64  org.aspectj.weaver.WildcardedUnresolvedType
2053:             1             64  org.springframework.amqp.rabbit.annotation.RabbitListenerAnnotationBeanPostProcessor
2054:             2             64  org.springframework.amqp.rabbit.support.ValueExpression
2055:             2             64  org.springframework.amqp.support.converter.DefaultClassMapper
2056:             2             64  org.springframework.amqp.support.converter.DefaultJackson2JavaTypeMapper
2057:             2             64  org.springframework.boot.DefaultApplicationArguments$Source
2058:             4             64  org.springframework.boot.autoconfigure.condition.OnJavaCondition
2059:             1             64  org.springframework.boot.autoconfigure.template.TemplateAvailabilityProviders$1
2060:             2             64  org.springframework.boot.context.config.ConfigFileApplicationListener
2061:             2             64  org.springframework.boot.logging.LoggingApplicationListener
2062:             2             64  org.springframework.cglib.core.AbstractClassGenerator$ClassLoaderData
2063:             2             64  org.springframework.cloud.context.properties.ConfigurationPropertiesRebinder
2064:             1             64  org.springframework.cloud.netflix.eureka.CloudEurekaTransportConfig
2065:             2             64  org.springframework.context.annotation.ContextAnnotationAutowireCandidateResolver$1
2066:             2             64  org.springframework.core.task.SimpleAsyncTaskExecutor$ConcurrencyThrottleAdapter
2067:             1             64  org.springframework.data.geo.GeoModule
2068:             4             64  org.springframework.data.redis.connection.convert.ListConverter
2069:             1             64  org.springframework.data.redis.core.mapping.RedisMappingContext
2070:             2             64  org.springframework.data.web.SortHandlerMethodArgumentResolver
2071:             1             64  org.springframework.ldap.core.support.LdapContextSource
2072:             2             64  org.springframework.security.rsa.crypto.RsaAlgorithm
2073:             4             64  org.springframework.web.method.annotation.ModelMethodProcessor
2074:             1             64  org.springframework.web.servlet.view.AbstractCachingViewResolver$2
2075:             1             64  redis.clients.jedis.JedisShardInfo
2076:             4             64  springfox.documentation.spring.web.readers.parameter.ExpandedParameterBuilder$1
2077:             1             64  springfox.documentation.swagger2.configuration.Swagger2JacksonModule
2078:             1             64  sun.nio.cs.ext.DoubleByte$Encoder
2079:             4             64  sun.security.ec.ECParameters
2080:             2             64  sun.security.ssl.X509TrustManagerImpl
2081:             2             64  sun.security.x509.PolicyMappingsExtension
2082:             2             64  sun.security.x509.PrivateKeyUsageExtension
2083:             2             64  sun.util.locale.provider.LocaleResources
2084:             1             56  [Lcom.fasterxml.jackson.core.JsonGenerator$Feature;
2085:             1             56  [Lcom.fasterxml.jackson.databind.node.JsonNodeType;
2086:             1             56  [Ljava.lang.Runnable;
2087:             1             56  [Ljava.text.Format;
2088:             2             56  [Lokhttp3.Protocol;
2089:             1             56  [Lorg.apache.commons.pool2.PooledObjectState;
2090:             1             56  [Lorg.apache.http.HttpRequestInterceptor;
2091:             1             56  [Lorg.yaml.snakeyaml.events.Event$ID;
2092:             1             56  [Lsun.util.logging.PlatformLogger$Level;
2093:             1             56  com.fasterxml.jackson.databind.type.ArrayType
2094:             1             56  com.fasterxml.jackson.databind.util.StdDateFormat
2095:             1             56  com.google.common.collect.LinkedListMultimap
2096:             1             56  com.google.inject.internal.InheritingState
2097:             1             56  com.google.inject.internal.InjectorImpl
2098:             1             56  com.netflix.discovery.shared.Applications
2099:             1             56  com.rabbitmq.client.impl.AMQConnection$1
2100:             1             56  com.rabbitmq.client.impl.ChannelManager
2101:             1             56  com.sun.jersey.client.apache4.ApacheHttpClient4
2102:             1             56  com.sun.org.apache.xerces.internal.impl.XMLEntityScanner
2103:             1             56  com.sun.org.apache.xerces.internal.jaxp.SAXParserImpl
2104:             1             56  com.yintech.crm.web.controller.account.AccountActivenessController$$EnhancerBySpringCGLIB$$b3cd823c
2105:             1             56  com.yintech.crm.web.controller.account.AccountController$$EnhancerBySpringCGLIB$$82739aa5
2106:             1             56  com.yintech.crm.web.controller.account.MultiAccountManageController$$EnhancerBySpringCGLIB$$3927bc95
2107:             1             56  com.yintech.crm.web.controller.common.query.CommonQueryController$$EnhancerBySpringCGLIB$$5318a023
2108:             1             56  com.yintech.crm.web.controller.complaint.ComplaintLogsController$$EnhancerBySpringCGLIB$$2dc64be6
2109:             1             56  com.yintech.crm.web.controller.complaint.RiskReportController$$EnhancerBySpringCGLIB$$7a950399
2110:             1             56  com.yintech.crm.web.controller.complaint.RiskReportImportController$$EnhancerBySpringCGLIB$$dc4ee388
2111:             1             56  com.yintech.crm.web.controller.custFigure.CustLabelController$$EnhancerBySpringCGLIB$$69aeb725
2112:             1             56  com.yintech.crm.web.controller.customer.CustomerContactController$$EnhancerBySpringCGLIB$$c52c46bd
2113:             1             56  com.yintech.crm.web.controller.customer.CustomerController$$EnhancerBySpringCGLIB$$10c98b6b
2114:             1             56  com.yintech.crm.web.controller.customer.CustomerDetailController$$EnhancerBySpringCGLIB$$ad77ea5e
2115:             1             56  com.yintech.crm.web.controller.customer.CustomerGiftImportController$$EnhancerBySpringCGLIB$$d61fe44a
2116:             1             56  com.yintech.crm.web.controller.customer.CustomerListController$$EnhancerBySpringCGLIB$$d1a36465
2117:             1             56  com.yintech.crm.web.controller.customer.CustomerStatusController$$EnhancerBySpringCGLIB$$13d21621
2118:             1             56  com.yintech.crm.web.controller.customer.FavoriteController$$EnhancerBySpringCGLIB$$6f463ee5
2119:             1             56  com.yintech.crm.web.controller.customer.GmgCustomerController$$EnhancerBySpringCGLIB$$3b547834
2120:             1             56  com.yintech.crm.web.controller.customer.ShareController$$EnhancerBySpringCGLIB$$fd264454
2121:             1             56  com.yintech.crm.web.controller.personnel.DepartMentController$$EnhancerBySpringCGLIB$$eb9f7447
2122:             1             56  com.yintech.crm.web.controller.personnel.GroupController$$EnhancerBySpringCGLIB$$17ada854
2123:             1             56  com.yintech.crm.web.controller.personnel.RegionController$$EnhancerBySpringCGLIB$$d9c7230d
2124:             1             56  com.yintech.crm.web.controller.resource.CustomerAssignHistoryController$$EnhancerBySpringCGLIB$$eca9ec7c
2125:             1             56  com.yintech.crm.web.controller.resource.CustomerRefferController$$EnhancerBySpringCGLIB$$f893e85b
2126:             1             56  com.yintech.crm.web.controller.resource.GroupWorkAccountController$$EnhancerBySpringCGLIB$$75d3e6f8
2127:             1             56  com.yintech.crm.web.controller.resource.GroupWorkCustomizeRuleController$$EnhancerBySpringCGLIB$$5fa1300e
2128:             1             56  com.yintech.crm.web.controller.resource.GroupWorkRuleController$$EnhancerBySpringCGLIB$$ab816b8b
2129:             1             56  com.yintech.crm.web.controller.resource.ResourceActivityController$$EnhancerBySpringCGLIB$$336a0d18
2130:             1             56  com.yintech.crm.web.controller.resource.ResourceAssignGroupsetController$$EnhancerBySpringCGLIB$$27059401
2131:             1             56  com.yintech.crm.web.controller.resource.SpecialContentController$$EnhancerBySpringCGLIB$$acbe0fc1
2132:             1             56  com.yintech.crm.web.controller.resource.SpecialResourceHistoryController$$EnhancerBySpringCGLIB$$993f85a8
2133:             1             56  com.yintech.crm.web.controller.user.ReportStatisticController$$EnhancerBySpringCGLIB$$bb2bc72
2134:             1             56  com.yintech.crm.web.controller.user.SysPermissionController$$EnhancerBySpringCGLIB$$a6d144f2
2135:             1             56  com.yintech.crm.web.controller.voice.SmsAcceptCustomerController$$EnhancerBySpringCGLIB$$d058b6bf
2136:             1             56  java.util.logging.LogManager
2137:             1             56  org.apache.catalina.valves.ErrorReportValve
2138:             1             56  org.apache.catalina.webresources.Cache
2139:             1             56  org.apache.coyote.RequestGroupInfo
2140:             1             56  org.apache.http.client.config.RequestConfig
2141:             1             56  org.apache.http.impl.io.SocketOutputBuffer
2142:             1             56  org.apache.tomcat.util.net.NioSelectorPool
2143:             1             56  org.apache.tomcat.util.threads.TaskQueue
2144:             1             56  org.aspectj.weaver.patterns.ArgsPointcut
2145:             1             56  org.aspectj.weaver.patterns.NotPointcut
2146:             1             56  org.aspectj.weaver.patterns.WithinPointcut
2147:             1             56  org.springframework.boot.actuate.autoconfigure.EndpointAutoConfiguration$$EnhancerBySpringCGLIB$$c28256bd
2148:             1             56  org.springframework.boot.actuate.endpoint.mvc.HeapdumpMvcEndpoint
2149:             1             56  org.springframework.boot.actuate.trace.WebRequestTraceFilter
2150:             1             56  org.springframework.boot.autoconfigure.data.redis.RedisProperties
2151:             1             56  org.springframework.boot.autoconfigure.jackson.JacksonProperties
2152:             1             56  org.springframework.boot.autoconfigure.web.WebMvcAutoConfiguration$WebMvcAutoConfigurationAdapter$$EnhancerBySpringCGLIB$$9f7c740d
2153:             1             56  org.springframework.boot.autoconfigure.web.WebMvcProperties
2154:             1             56  org.springframework.boot.devtools.filewatch.FileSystemWatcher
2155:             1             56  org.springframework.boot.web.client.RestTemplateBuilder
2156:             1             56  org.springframework.boot.web.servlet.FilterRegistrationBean
2157:             1             56  org.springframework.cloud.config.client.ConfigClientProperties
2158:             1             56  org.springframework.cloud.context.scope.refresh.RefreshScope
2159:             1             56  org.springframework.cloud.netflix.feign.ribbon.LoadBalancerFeignClient$$EnhancerBySpringCGLIB$$b42bcc3c
2160:             1             56  org.springframework.cloud.sleuth.instrument.web.client.TraceWebAsyncClientAutoConfiguration$$EnhancerBySpringCGLIB$$99cf09f8
2161:             1             56  org.springframework.dao.annotation.PersistenceExceptionTranslationPostProcessor
2162:             1             56  org.springframework.validation.beanvalidation.LocalValidatorFactoryBean
2163:             1             56  org.springframework.validation.beanvalidation.MethodValidationPostProcessor
2164:             1             56  org.springframework.web.servlet.handler.HandlerExceptionResolverComposite$$EnhancerBySpringCGLIB$$794e7c03
2165:             1             56  org.springframework.web.servlet.view.ContentNegotiatingViewResolver
2166:             1             56  redis.clients.jedis.JedisFactory
2167:             1             56  springfox.documentation.service.Documentation
2168:             1             56  springfox.documentation.spring.web.plugins.DocumentationPluginsManager
2169:             1             56  zipkin2.reporter.AsyncReporter$BoundedAsyncReporter
2170:             2             48  [Lcom.netflix.appinfo.EurekaAccept;
2171:             1             48  [Lcom.netflix.config.DeploymentContext$ContextKey;
2172:             2             48  [Lcom.rabbitmq.client.Address;
2173:             1             48  [Lcom.sun.beans.util.Cache$CacheEntry;
2174:             1             48  [Lcom.sun.management.VMOption$Origin;
2175:             1             48  [Lcom.sun.org.apache.xerces.internal.utils.XMLSecurityManager$Limit;
2176:             1             48  [Lcom.thoughtworks.xstream.core.util.ThreadSafeSimpleDateFormat;
2177:             1             48  [Lcom.yintech.crm.domain.core.complaint.RiskReportStatus;
2178:             2             48  [Lcom.yintech.crm.domain.core.data.AccountEmailStateEnum;
2179:             2             48  [Lcom.yintech.crm.domain.core.data.AccountTypeEnum;
2180:             2             48  [Lio.swagger.annotations.Authorization;
2181:             2             48  [Lio.swagger.annotations.ExampleProperty;
2182:             1             48  [Ljava.beans.WeakIdentityMap$Entry;
2183:             3             48  [Ljava.lang.StackTraceElement;
2184:             1             48  [Ljava.lang.invoke.MethodHandleImpl$Intrinsic;
2185:             1             48  [Ljava.math.RoundingMode;
2186:             2             48  [Ljava.net.InetSocketAddress;
2187:             1             48  [Ljava.net.URL;
2188:             1             48  [Ljava.util.concurrent.TimeUnit;
2189:             2             48  [Ljavax.annotation.Resource$AuthenticationType;
2190:             1             48  [Ljavax.validation.ElementKind;
2191:             2             48  [Lorg.apache.catalina.WebResource;
2192:             3             48  [Lorg.apache.catalina.mapper.Mapper$MappedWrapper;
2193:             1             48  [Lorg.aspectj.bridge.IMessage$Kind;
2194:             2             48  [Lorg.hibernate.validator.internal.util.ConcurrentReferenceHashMap$Option;
2195:             2             48  [Lorg.mapstruct.MappingInheritanceStrategy;
2196:             2             48  [Lorg.mapstruct.NullValueCheckStrategy;
2197:             2             48  [Lorg.mapstruct.NullValueMappingStrategy;
2198:             2             48  [Lorg.springframework.boot.actuate.autoconfigure.MetricsFilterSubmission;
2199:             2             48  [Lorg.springframework.boot.autoconfigure.condition.ConditionalOnJava$Range;
2200:             1             48  [Lorg.springframework.boot.bind.RelaxedNames$Manipulation;
2201:             2             48  [Lorg.springframework.boot.context.ConfigurationWarningsApplicationContextInitializer$Check;
2202:             1             48  [Lorg.springframework.cglib.proxy.CallbackInfo;
2203:             2             48  [Lorg.springframework.context.annotation.AdviceMode;
2204:             1             48  [Lorg.springframework.data.redis.connection.RedisClusterNode$Flag;
2205:             2             48  [Lsun.security.ssl.EphemeralKeyManager$EphemeralKeyPair;
2206:             1             48  [Lsun.security.x509.NetscapeCertTypeExtension$MapEntry;
2207:             2             48  [Lsun.util.calendar.Era;
2208:             1             48  [[Ljava.lang.Object;
2209:             1             48  ch.qos.logback.core.joran.action.DefinePropertyAction
2210:             1             48  ch.qos.logback.core.joran.spi.InterpretationContext
2211:             1             48  ch.qos.logback.core.joran.spi.Interpreter
2212:             2             48  ch.qos.logback.core.pattern.FormatInfo
2213:             1             48  ch.qos.logback.core.recovery.ResilientFileOutputStream
2214:             3             48  ch.qos.logback.core.spi.LogbackLock
2215:             2             48  ch.qos.logback.core.subst.Node$Type
2216:             2             48  ch.qos.logback.core.util.FileSize
2217:             3             48  com.alibaba.fastjson.serializer.CharArrayCodec
2218:             1             48  com.alibaba.fastjson.support.jaxrs.FastJsonProvider
2219:             1             48  com.alibaba.fastjson.support.spring.FastJsonHttpMessageConverter
2220:             2             48  com.fasterxml.jackson.core.util.BufferRecycler
2221:             2             48  com.fasterxml.jackson.databind.deser.std.StdKeyDeserializer$StringKD
2222:             1             48  com.fasterxml.jackson.databind.jsontype.impl.AsPropertyTypeDeserializer
2223:             2             48  com.fasterxml.jackson.databind.module.SimpleDeserializers
2224:             2             48  com.fasterxml.jackson.databind.module.SimpleSerializers
2225:             1             48  com.fasterxml.jackson.databind.ser.BeanSerializer
2226:             3             48  com.fasterxml.jackson.databind.ser.BeanSerializerFactory
2227:             2             48  com.fasterxml.jackson.databind.ser.impl.PropertySerializerMap$Single
2228:             2             48  com.fasterxml.jackson.databind.ser.std.BooleanSerializer
2229:             2             48  com.fasterxml.jackson.databind.util.CompactStringObjectMap
2230:             3             48  com.google.common.base.Joiner
2231:             2             48  com.google.common.base.Joiner$MapJoiner
2232:             3             48  com.google.common.collect.ComparatorOrdering
2233:             1             48  com.google.common.collect.EmptyImmutableListMultimap
2234:             1             48  com.google.common.collect.LinkedHashMultimap
2235:             1             48  com.google.common.collect.LinkedHashMultimap$ValueEntry
2236:             1             48  com.google.common.collect.Multimaps$CustomListMultimap
2237:             1             48  com.google.common.collect.TreeMultimap
2238:             1             48  com.google.gson.Gson
2239:             2             48  com.google.gson.internal.bind.TypeAdapters$35
2240:             2             48  com.google.inject.internal.Annotations$AnnotationChecker
2241:             1             48  com.google.inject.internal.InstanceBindingImpl
2242:             2             48  com.google.inject.internal.InternalFlags$CustomClassLoadingOption
2243:             2             48  com.google.inject.internal.cglib.core.$AbstractClassGenerator$Source
2244:             2             48  com.google.inject.spi.ModuleSource
2245:             2             48  com.google.inject.spi.ScopeBinding
2246:             2             48  com.netflix.appinfo.EurekaAccept
2247:             2             48  com.netflix.appinfo.InstanceInfo$PortType
2248:             1             48  com.netflix.discovery.InstanceInfoReplicator
2249:             2             48  com.netflix.discovery.converters.EurekaJacksonCodec$ApplicationsDeserializer
2250:             2             48  com.netflix.discovery.converters.EurekaJacksonCodec$ApplicationsSerializer
2251:             2             48  com.netflix.discovery.converters.jackson.DataCenterTypeInfoResolver
2252:             2             48  com.netflix.discovery.shared.transport.decorator.RedirectingEurekaHttpClient$1
2253:             2             48  com.netflix.discovery.shared.transport.jersey.ApacheHttpClientConnectionCleaner$1
2254:             2             48  com.netflix.discovery.shared.transport.jersey.ApacheHttpClientConnectionCleaner$2
2255:             2             48  com.netflix.discovery.util.ThresholdLevelsMetric
2256:             2             48  com.rabbitmq.client.Address
2257:             1             48  com.rabbitmq.client.impl.HeartbeatSender
2258:             1             48  com.rabbitmq.client.impl.VariableLinkedBlockingQueue
2259:             1             48  com.rabbitmq.client.impl.nio.NioParams
2260:             1             48  com.sun.jersey.core.header.MediaTypes$4
2261:             1             48  com.sun.jersey.core.spi.factory.MessageBodyFactory
2262:             2             48  com.sun.jmx.mbeanserver.ClassLoaderRepositorySupport$LoaderEntry
2263:             1             48  com.sun.jmx.mbeanserver.DefaultMXBeanMappingFactory$Mappings
2264:             1             48  com.sun.jmx.mbeanserver.MBeanIntrospector$MBeanInfoMap
2265:             1             48  com.sun.jmx.mbeanserver.MBeanIntrospector$PerInterfaceMap
2266:             2             48  com.sun.jmx.mbeanserver.WeakIdentityHashMap
2267:             2             48  com.sun.org.apache.xerces.internal.impl.dtd.DTDGrammarBucket
2268:             2             48  com.sun.org.apache.xerces.internal.impl.dtd.XMLAttributeDecl
2269:             3             48  com.sun.org.apache.xerces.internal.impl.dv.dtd.ListDatatypeValidator
2270:             3             48  com.sun.proxy.$Proxy116
2271:             3             48  com.sun.proxy.$Proxy262
2272:             3             48  com.sun.proxy.$Proxy281
2273:             3             48  com.sun.proxy.$Proxy284
2274:             3             48  com.sun.proxy.$Proxy37
2275:             3             48  com.sun.proxy.$Proxy73
2276:             3             48  com.sun.proxy.$Proxy87
2277:             3             48  com.sun.proxy.$Proxy89
2278:             3             48  com.thoughtworks.xstream.converters.extended.JavaClassConverter
2279:             2             48  com.thoughtworks.xstream.converters.extended.TextAttributeConverter
2280:             2             48  com.thoughtworks.xstream.mapper.ImplicitCollectionMapper$NamedItemType
2281:             2             48  com.yintech.crm.web.config.WebMvcConfig$$EnhancerBySpringCGLIB$$b63e37d9$$FastClassBySpringCGLIB$$83c6fe75
2282:             2             48  com.yintech.crm.web.config.WebMvcConfig$$FastClassBySpringCGLIB$$f2e55283
2283:             1             48  com.yintech.crm.web.controller.account.CustomerTransferController$$EnhancerBySpringCGLIB$$5a366225
2284:             1             48  com.yintech.crm.web.controller.anchor.AuthorDetailController$$EnhancerBySpringCGLIB$$6c536780
2285:             1             48  com.yintech.crm.web.controller.anchor.AuthorHistoryController$$EnhancerBySpringCGLIB$$d176f4b7
2286:             1             48  com.yintech.crm.web.controller.anchor.AuthorLableController$$EnhancerBySpringCGLIB$$608fb3cd
2287:             1             48  com.yintech.crm.web.controller.anchor.AuthorListController$$EnhancerBySpringCGLIB$$be1fc207
2288:             1             48  com.yintech.crm.web.controller.anchor.AuthorRefactorController$$EnhancerBySpringCGLIB$$129702f3
2289:             1             48  com.yintech.crm.web.controller.anchor.AuthorUserNoticeController$$EnhancerBySpringCGLIB$$e2ebd56
2290:             1             48  com.yintech.crm.web.controller.anchor.SharedAuthorController$$EnhancerBySpringCGLIB$$633662bc
2291:             1             48  com.yintech.crm.web.controller.complaint.ComplaintAssistController$$EnhancerBySpringCGLIB$$e008fb94
2292:             1             48  com.yintech.crm.web.controller.complaint.HighRiskLevelCustController$$EnhancerBySpringCGLIB$$5457aa
2293:             1             48  com.yintech.crm.web.controller.complaint.RiskReportSignController$$EnhancerBySpringCGLIB$$c3fc010
2294:             1             48  com.yintech.crm.web.controller.complaint.RiskSignController$$EnhancerBySpringCGLIB$$96867754
2295:             1             48  com.yintech.crm.web.controller.customer.BlackListApplyController$$EnhancerBySpringCGLIB$$e09c5b44
2296:             1             48  com.yintech.crm.web.controller.customer.BusinessTypeChangeHistoryController$$EnhancerBySpringCGLIB$$a19ee035
2297:             1             48  com.yintech.crm.web.controller.customer.CusNewBusiNessApplyController$$EnhancerBySpringCGLIB$$c4374fa4
2298:             1             48  com.yintech.crm.web.controller.customer.CustomerCallingController$$EnhancerBySpringCGLIB$$7d3c1429
2299:             1             48  com.yintech.crm.web.controller.customer.CustomerDataController$$EnhancerBySpringCGLIB$$122f6c09
2300:             1             48  com.yintech.crm.web.controller.customer.CustomerHistoryController$$EnhancerBySpringCGLIB$$b4e2cd99
2301:             1             48  com.yintech.crm.web.controller.customer.CustomerLabelController$$EnhancerBySpringCGLIB$$8e2972f9
2302:             1             48  com.yintech.crm.web.controller.customer.CustomerMergeController$$EnhancerBySpringCGLIB$$39c5de45
2303:             1             48  com.yintech.crm.web.controller.customer.HelpPageController$$EnhancerBySpringCGLIB$$3c0873e1
2304:             1             48  com.yintech.crm.web.controller.customer.MyIntentCustomerController$$EnhancerBySpringCGLIB$$fddeb803
2305:             1             48  com.yintech.crm.web.controller.customer.MyNewCustomerController$$EnhancerBySpringCGLIB$$cc910b4d
2306:             1             48  com.yintech.crm.web.controller.customer.RecommendController$$EnhancerBySpringCGLIB$$8ea73ecb
2307:             1             48  com.yintech.crm.web.controller.customer.TipOffController$$EnhancerBySpringCGLIB$$f75ff2cd
2308:             1             48  com.yintech.crm.web.controller.future.FutureResourceController$$EnhancerBySpringCGLIB$$8615d0d5
2309:             1             48  com.yintech.crm.web.controller.notice.MessageCenterController$$EnhancerBySpringCGLIB$$ce2b34b9
2310:             1             48  com.yintech.crm.web.controller.personnel.CrmEmpPhonePermitController$$EnhancerBySpringCGLIB$$e9f63c94
2311:             1             48  com.yintech.crm.web.controller.personnel.EmployeeUseController$$EnhancerBySpringCGLIB$$ff55ed42
2312:             1             48  com.yintech.crm.web.controller.resource.AssignResourceHistoryController$$EnhancerBySpringCGLIB$$2fa9ad6c
2313:             1             48  com.yintech.crm.web.controller.resource.CustomerTransferSetController
2314:             1             48  com.yintech.crm.web.controller.resource.ResourceAssignEmpsetController$$EnhancerBySpringCGLIB$$8b3f2c66
2315:             1             48  com.yintech.crm.web.controller.resource.WechatResourceController$$EnhancerBySpringCGLIB$$7146e4bd
2316:             1             48  com.yintech.crm.web.controller.statistic.EnterpriseStatisticController$$EnhancerBySpringCGLIB$$b28f1f4
2317:             1             48  com.yintech.crm.web.controller.task.UserTaskController$$EnhancerBySpringCGLIB$$d739a66c
2318:             1             48  com.yintech.crm.web.controller.voice.CallingSummaryController$$EnhancerBySpringCGLIB$$da6e3e01
2319:             1             48  com.yintech.crm.web.controller.voice.CommunicateRecordController$$EnhancerBySpringCGLIB$$774cf059
2320:             1             48  com.yintech.crm.web.controller.voice.CustomerSmsHistoryController$$EnhancerBySpringCGLIB$$c8f2246
2321:             1             48  com.yintech.crm.web.controller.voice.EmailController$$EnhancerBySpringCGLIB$$5b033c01
2322:             1             48  com.yintech.crm.web.controller.voice.SatisfactionController$$EnhancerBySpringCGLIB$$c1ca4b5f
2323:             1             48  com.yintech.crm.web.controller.voice.SmsTemplateController$$EnhancerBySpringCGLIB$$e6761966
2324:             1             48  com.yintech.crm.web.controller.voice.TrainVoiceController$$EnhancerBySpringCGLIB$$236ce5d9
2325:             1             48  com.yintech.crm.web.filter.SecurityFilter
2326:             1             48  com.yintech.crm.web.model.BaseSysParametersData
2327:             1             48  com.yintech.crm.web.service.bigData.impl.CustLabelClientImpl$1
2328:             2             48  java.io.File$PathStatus
2329:             1             48  java.lang.ProcessEnvironment
2330:             2             48  java.lang.StringBuffer
2331:             2             48  java.lang.invoke.MethodHandles$Lookup
2332:             2             48  java.net.InetAddress
2333:             2             48  java.net.InetAddress$Cache
2334:             2             48  java.net.InetAddress$Cache$Type
2335:             2             48  java.net.InetAddress$CacheEntry
2336:             2             48  java.net.StandardProtocolFamily
2337:             3             48  java.nio.channels.spi.AbstractSelector$1
2338:             2             48  java.nio.charset.CoderResult
2339:             3             48  java.nio.charset.CodingErrorAction
2340:             3             48  java.text.AttributedCharacterIterator$Attribute
2341:             1             48  java.text.RuleBasedCollator
2342:             2             48  java.time.LocalDate
2343:             2             48  java.time.LocalDateTime
2344:             2             48  java.time.OffsetDateTime
2345:             2             48  java.time.format.DateTimeFormatterBuilder$1
2346:             2             48  java.time.format.DateTimeFormatterBuilder$ZoneIdPrinterParser
2347:             2             48  java.time.format.DateTimeTextProvider$LocaleStore
2348:             3             48  java.util.Base64$Decoder
2349:             2             48  java.util.Collections$SynchronizedCollection
2350:             2             48  java.util.Collections$SynchronizedRandomAccessList
2351:             2             48  java.util.Currency
2352:             3             48  java.util.Hashtable$EntrySet
2353:             3             48  java.util.IdentityHashMap$Values
2354:             3             48  java.util.TreeMap$EntrySet
2355:             3             48  java.util.TreeMap$Values
2356:             3             48  java.util.WeakHashMap$KeySet
2357:             3             48  java.util.concurrent.CountDownLatch
2358:             2             48  java.util.logging.Logger$LoggerBundle
2359:             2             48  java.util.regex.Pattern$Category
2360:             2             48  javax.annotation.Resource$AuthenticationType
2361:             2             48  javax.el.ExpressionFactory$CacheValue
2362:             2             48  javax.naming.ldap.Rdn$RdnEntry
2363:             2             48  javax.validation.constraintvalidation.ValidationTarget
2364:             2             48  javax.validation.metadata.MethodType
2365:             2             48  okhttp3.CertificatePinner
2366:             1             48  org.apache.catalina.core.DefaultInstanceManager
2367:             1             48  org.apache.catalina.core.StandardContextValve
2368:             1             48  org.apache.catalina.core.StandardEngineValve
2369:             1             48  org.apache.catalina.core.StandardHostValve
2370:             2             48  org.apache.catalina.core.StandardWrapperFacade
2371:             1             48  org.apache.catalina.mapper.MapperListener
2372:             3             48  org.apache.catalina.realm.RealmBase$AllRolesMode
2373:             1             48  org.apache.catalina.startup.Tomcat
2374:             1             48  org.apache.catalina.util.StandardSessionIdGenerator
2375:             2             48  org.apache.catalina.util.URLEncoder
2376:             1             48  org.apache.commons.configuration.EnvironmentConfiguration
2377:             1             48  org.apache.commons.configuration.SystemConfiguration
2378:             2             48  org.apache.commons.pool2.impl.LinkedBlockingDeque$Node
2379:             3             48  org.apache.el.ExpressionFactoryImpl
2380:             2             48  org.apache.http.config.MessageConstraints
2381:             2             48  org.apache.http.conn.routing.RouteInfo$LayerType
2382:             2             48  org.apache.http.conn.routing.RouteInfo$TunnelType
2383:             2             48  org.apache.http.impl.client.DefaultHttpRequestRetryHandler
2384:             2             48  org.apache.http.impl.client.ProxyAuthenticationStrategy
2385:             2             48  org.apache.http.impl.client.TargetAuthenticationStrategy
2386:             1             48  org.apache.http.impl.conn.DefaultHttpResponseParser
2387:             3             48  org.apache.http.impl.cookie.BasicDomainHandler
2388:             2             48  org.apache.http.impl.cookie.BestMatchSpec
2389:             2             48  org.apache.http.impl.cookie.BrowserCompatSpecFactory$SecurityLevel
2390:             3             48  org.apache.http.impl.cookie.NetscapeDraftSpec
2391:             3             48  org.apache.http.impl.cookie.RFC2109DomainHandler
2392:             3             48  org.apache.http.impl.cookie.RFC2109VersionHandler
2393:             3             48  org.apache.http.impl.cookie.RFC2965CommentUrlAttributeHandler
2394:             3             48  org.apache.http.impl.cookie.RFC2965DiscardAttributeHandler
2395:             3             48  org.apache.http.impl.cookie.RFC2965DomainAttributeHandler
2396:             3             48  org.apache.http.impl.cookie.RFC2965PortAttributeHandler
2397:             3             48  org.apache.http.impl.cookie.RFC2965VersionAttributeHandler
2398:             2             48  org.apache.http.impl.io.HttpTransportMetricsImpl
2399:             2             48  org.apache.http.util.ByteArrayBuffer
2400:             2             48  org.apache.http.util.CharArrayBuffer
2401:             1             48  org.apache.tomcat.util.digester.CallMethodRule
2402:             2             48  org.aspectj.bridge.MessageWriter
2403:             1             48  org.aspectj.weaver.patterns.Pointcut$MatchesNothingPointcut
2404:             1             48  org.aspectj.weaver.patterns.TypeCategoryTypePattern
2405:             2             48  org.aspectj.weaver.tools.Jdk14Trace
2406:             3             48  org.hibernate.validator.internal.engine.DefaultParameterNameProvider
2407:             3             48  org.hibernate.validator.internal.engine.MethodValidationConfiguration
2408:             3             48  org.hibernate.validator.internal.engine.resolver.DefaultTraversableResolver
2409:             3             48  org.hibernate.validator.internal.metadata.core.ConstraintHelper$ValidatorClassMap
2410:             2             48  org.hibernate.validator.internal.metadata.core.ConstraintOrigin
2411:             2             48  org.hibernate.validator.internal.metadata.descriptor.ConstraintDescriptorImpl$ConstraintType
2412:             3             48  org.hibernate.validator.internal.util.ExecutableHelper
2413:             3             48  org.hibernate.validator.internal.util.TypeResolutionHelper
2414:             1             48  org.hibernate.validator.internal.xml.BootstrapConfigurationImpl
2415:             2             48  org.mapstruct.MappingInheritanceStrategy
2416:             2             48  org.mapstruct.NullValueCheckStrategy
2417:             2             48  org.mapstruct.NullValueMappingStrategy
2418:             2             48  org.springframework.amqp.rabbit.annotation.RabbitBootstrapConfiguration$$EnhancerBySpringCGLIB$$7ae4dabf$$FastClassBySpringCGLIB$$723accaa
2419:             2             48  org.springframework.amqp.rabbit.annotation.RabbitBootstrapConfiguration$$FastClassBySpringCGLIB$$16863ea9
2420:             2             48  org.springframework.amqp.rabbit.connection.CachingConnectionFactory$CacheMode
2421:             1             48  org.springframework.amqp.rabbit.core.RabbitAdmin
2422:             2             48  org.springframework.amqp.rabbit.support.DefaultMessagePropertiesConverter
2423:             2             48  org.springframework.amqp.support.converter.Jackson2JavaTypeMapper$TypePrecedence
2424:             2             48  org.springframework.aop.framework.InterceptorAndDynamicMethodMatcher
2425:             2             48  org.springframework.aop.support.annotation.AnnotationClassFilter
2426:             2             48  org.springframework.aop.support.annotation.AnnotationMatchingPointcut
2427:             3             48  org.springframework.beans.factory.support.BeanDefinitionResource
2428:             2             48  org.springframework.boot.DefaultApplicationArguments
2429:             1             48  org.springframework.boot.actuate.autoconfigure.EndpointWebMvcManagementContextConfiguration$$EnhancerBySpringCGLIB$$924d2e86
2430:             2             48  org.springframework.boot.actuate.autoconfigure.HealthIndicatorAutoConfiguration$DiskSpaceHealthIndicatorConfiguration$$EnhancerBySpringCGLIB$$59a2881d$$FastClassBySpringCGLIB$$b4b9cb3a
2431:             2             48  org.springframework.boot.actuate.autoconfigure.HealthIndicatorAutoConfiguration$DiskSpaceHealthIndicatorConfiguration$$FastClassBySpringCGLIB$$cf225e47
2432:             2             48  org.springframework.boot.actuate.autoconfigure.InfoContributorAutoConfiguration$$EnhancerBySpringCGLIB$$5ddfe73b$$FastClassBySpringCGLIB$$5bbf4ac6
2433:             2             48  org.springframework.boot.actuate.autoconfigure.InfoContributorAutoConfiguration$$FastClassBySpringCGLIB$$d991b7a5
2434:             1             48  org.springframework.boot.actuate.autoconfigure.MetricExportAutoConfiguration$$EnhancerBySpringCGLIB$$fc625d4e
2435:             1             48  org.springframework.boot.actuate.autoconfigure.MetricFilterAutoConfiguration$$EnhancerBySpringCGLIB$$d0c9718a
2436:             1             48  org.springframework.boot.actuate.autoconfigure.MetricsFilter
2437:             2             48  org.springframework.boot.actuate.autoconfigure.MetricsFilterSubmission
2438:             2             48  org.springframework.boot.actuate.autoconfigure.PublicMetricsAutoConfiguration$$EnhancerBySpringCGLIB$$7674822e$$FastClassBySpringCGLIB$$965d3aea
2439:             2             48  org.springframework.boot.actuate.autoconfigure.PublicMetricsAutoConfiguration$$FastClassBySpringCGLIB$$5fb3c738
2440:             1             48  org.springframework.boot.actuate.autoconfigure.TraceWebFilterAutoConfiguration$$EnhancerBySpringCGLIB$$ace1466b
2441:             1             48  org.springframework.boot.actuate.endpoint.HealthEndpoint
2442:             1             48  org.springframework.boot.actuate.endpoint.RequestMappingEndpoint
2443:             2             48  org.springframework.boot.actuate.health.CompositeHealthIndicator
2444:             2             48  org.springframework.boot.actuate.info.InfoPropertiesInfoContributor$Mode
2445:             1             48  org.springframework.boot.actuate.metrics.export.MetricExportProperties
2446:             1             48  org.springframework.boot.autoconfigure.amqp.RabbitAnnotationDrivenConfiguration$$EnhancerBySpringCGLIB$$2cd92708
2447:             2             48  org.springframework.boot.autoconfigure.amqp.RabbitAnnotationDrivenConfiguration$$EnhancerBySpringCGLIB$$2cd92708$$FastClassBySpringCGLIB$$a5e8de3a
2448:             2             48  org.springframework.boot.autoconfigure.amqp.RabbitAnnotationDrivenConfiguration$$FastClassBySpringCGLIB$$3754ead2
2449:             1             48  org.springframework.boot.autoconfigure.amqp.RabbitProperties$AmqpContainer
2450:             1             48  org.springframework.boot.autoconfigure.amqp.RabbitProperties$ListenerRetry
2451:             1             48  org.springframework.boot.autoconfigure.amqp.RabbitProperties$Retry
2452:             2             48  org.springframework.boot.autoconfigure.condition.ConditionalOnJava$Range
2453:             2             48  org.springframework.boot.autoconfigure.condition.OnResourceCondition
2454:             1             48  org.springframework.boot.autoconfigure.data.AbstractRepositoryConfigurationSourceSupport$1
2455:             2             48  org.springframework.boot.autoconfigure.data.redis.RedisAutoConfiguration$RedisConfiguration$$EnhancerBySpringCGLIB$$fa1ba21e$$FastClassBySpringCGLIB$$d0732062
2456:             2             48  org.springframework.boot.autoconfigure.data.redis.RedisAutoConfiguration$RedisConfiguration$$FastClassBySpringCGLIB$$27ecd928
2457:             1             48  org.springframework.boot.autoconfigure.data.redis.RedisAutoConfiguration$RedisConnectionConfiguration$$EnhancerBySpringCGLIB$$487343a0
2458:             2             48  org.springframework.boot.autoconfigure.logging.AutoConfigurationReportLoggingInitializer
2459:             1             48  org.springframework.boot.autoconfigure.web.DefaultErrorAttributes$$EnhancerBySpringCGLIB$$43c17d25
2460:             1             48  org.springframework.boot.autoconfigure.web.DispatcherServletAutoConfiguration$DispatcherServletRegistrationConfiguration$$EnhancerBySpringCGLIB$$d5ce5b0a
2461:             2             48  org.springframework.boot.autoconfigure.web.ErrorMvcAutoConfiguration$WhitelabelErrorViewConfiguration$$EnhancerBySpringCGLIB$$fac08dff$$FastClassBySpringCGLIB$$b7a9e284
2462:             2             48  org.springframework.boot.autoconfigure.web.ErrorMvcAutoConfiguration$WhitelabelErrorViewConfiguration$$FastClassBySpringCGLIB$$7b26c9e9
2463:             2             48  org.springframework.boot.autoconfigure.web.HttpEncodingAutoConfiguration$$EnhancerBySpringCGLIB$$8b65833c$$FastClassBySpringCGLIB$$703a8e27
2464:             2             48  org.springframework.boot.autoconfigure.web.HttpEncodingAutoConfiguration$$FastClassBySpringCGLIB$$2f9a7486
2465:             2             48  org.springframework.boot.autoconfigure.web.HttpEncodingProperties$Type
2466:             1             48  org.springframework.boot.autoconfigure.web.HttpMessageConverters$$EnhancerBySpringCGLIB$$3ba87c15
2467:             1             48  org.springframework.boot.autoconfigure.web.ServerProperties$Undertow
2468:             2             48  org.springframework.boot.autoconfigure.web.ServerPropertiesAutoConfiguration$$EnhancerBySpringCGLIB$$6ace9861$$FastClassBySpringCGLIB$$fc57cbb5
2469:             2             48  org.springframework.boot.autoconfigure.web.ServerPropertiesAutoConfiguration$$FastClassBySpringCGLIB$$7fef2a0b
2470:             2             48  org.springframework.boot.autoconfigure.web.WebMvcAutoConfiguration$$EnhancerBySpringCGLIB$$23b605d1$$FastClassBySpringCGLIB$$de7faac5
2471:             2             48  org.springframework.boot.autoconfigure.web.WebMvcAutoConfiguration$$FastClassBySpringCGLIB$$251c597b
2472:             2             48  org.springframework.boot.autoconfigure.web.WebMvcAutoConfiguration$WebMvcAutoConfigurationAdapter$FaviconConfiguration$$EnhancerBySpringCGLIB$$ec964885$$FastClassBySpringCGLIB$$81d693a6
2473:             2             48  org.springframework.boot.autoconfigure.web.WebMvcAutoConfiguration$WebMvcAutoConfigurationAdapter$FaviconConfiguration$$FastClassBySpringCGLIB$$6a2f79af
2474:             2             48  org.springframework.boot.autoconfigure.web.WebMvcProperties$LocaleResolver
2475:             2             48  org.springframework.boot.builder.ParentContextCloserApplicationListener
2476:             2             48  org.springframework.boot.context.config.DelegatingApplicationListener
2477:             2             48  org.springframework.boot.context.config.RandomValuePropertySource
2478:             1             48  org.springframework.boot.context.embedded.tomcat.LazySessionIdGenerator
2479:             2             48  org.springframework.boot.context.properties.ConfigurationBeanFactoryMetaData
2480:             1             48  org.springframework.boot.devtools.autoconfigure.DevToolsProperties$Restart
2481:             2             48  org.springframework.boot.devtools.autoconfigure.LocalDevToolsAutoConfiguration$LiveReloadConfiguration$$EnhancerBySpringCGLIB$$7f620903$$FastClassBySpringCGLIB$$5e34dfc3
2482:             2             48  org.springframework.boot.devtools.autoconfigure.LocalDevToolsAutoConfiguration$LiveReloadConfiguration$$FastClassBySpringCGLIB$$605e686d
2483:             1             48  org.springframework.boot.devtools.filewatch.FileSystemWatcher$Watcher
2484:             2             48  org.springframework.boot.devtools.restart.ClassLoaderFilesResourcePatternResolver
2485:             3             48  org.springframework.boot.logging.DeferredLog
2486:             2             48  org.springframework.boot.type.classreading.ConcurrentReferenceCachingMetadataReaderFactory
2487:             1             48  org.springframework.boot.web.filter.OrderedCharacterEncodingFilter
2488:             1             48  org.springframework.boot.web.filter.OrderedHiddenHttpMethodFilter
2489:             1             48  org.springframework.boot.web.filter.OrderedHttpPutFormContentFilter
2490:             1             48  org.springframework.boot.web.filter.OrderedRequestContextFilter
2491:             1             48  org.springframework.boot.web.servlet.ServletRegistrationBean
2492:             2             48  org.springframework.boot.yaml.SpringProfileDocumentMatcher$ProfileType
2493:             3             48  org.springframework.cglib.core.AbstractClassGenerator$Source
2494:             2             48  org.springframework.cglib.core.internal.LoadingCache
2495:             2             48  org.springframework.cloud.autoconfigure.ConfigurationPropertiesRebinderAutoConfiguration$$EnhancerBySpringCGLIB$$d0931f8e$$FastClassBySpringCGLIB$$f5594449
2496:             2             48  org.springframework.cloud.autoconfigure.ConfigurationPropertiesRebinderAutoConfiguration$$FastClassBySpringCGLIB$$72b81898
2497:             2             48  org.springframework.cloud.autoconfigure.LifecycleMvcEndpointAutoConfiguration$$EnhancerBySpringCGLIB$$65198b01$$FastClassBySpringCGLIB$$fefe8140
2498:             2             48  org.springframework.cloud.autoconfigure.LifecycleMvcEndpointAutoConfiguration$$FastClassBySpringCGLIB$$37b268ab
2499:             1             48  org.springframework.cloud.client.discovery.simple.SimpleDiscoveryClientAutoConfiguration$$EnhancerBySpringCGLIB$$c997e2ef
2500:             2             48  org.springframework.cloud.client.discovery.simple.SimpleDiscoveryClientAutoConfiguration$$EnhancerBySpringCGLIB$$c997e2ef$$FastClassBySpringCGLIB$$adf4e422
2501:             2             48  org.springframework.cloud.client.discovery.simple.SimpleDiscoveryClientAutoConfiguration$$FastClassBySpringCGLIB$$dbde70d9
2502:             2             48  org.springframework.cloud.client.loadbalancer.AsyncLoadBalancerAutoConfiguration$LoadBalancerInterceptorConfig$$EnhancerBySpringCGLIB$$ca36cc1b$$FastClassBySpringCGLIB$$aee5f9c6
2503:             2             48  org.springframework.cloud.client.loadbalancer.AsyncLoadBalancerAutoConfiguration$LoadBalancerInterceptorConfig$$FastClassBySpringCGLIB$$5fbce085
2504:             2             48  org.springframework.cloud.client.loadbalancer.LoadBalancerAutoConfiguration$$EnhancerBySpringCGLIB$$92443cd2$$FastClassBySpringCGLIB$$82d5e014
2505:             2             48  org.springframework.cloud.client.loadbalancer.LoadBalancerAutoConfiguration$$FastClassBySpringCGLIB$$c295515c
2506:             2             48  org.springframework.cloud.client.loadbalancer.LoadBalancerAutoConfiguration$RetryInterceptorAutoConfiguration$$EnhancerBySpringCGLIB$$c4427778$$FastClassBySpringCGLIB$$9d22f3e7
2507:             2             48  org.springframework.cloud.client.loadbalancer.LoadBalancerAutoConfiguration$RetryInterceptorAutoConfiguration$$FastClassBySpringCGLIB$$a88a9d42
2508:             2             48  org.springframework.cloud.commons.httpclient.HttpClientConfiguration$ApacheHttpClientConfiguration$$EnhancerBySpringCGLIB$$9d7001d5$$FastClassBySpringCGLIB$$c6603e90
2509:             2             48  org.springframework.cloud.commons.httpclient.HttpClientConfiguration$ApacheHttpClientConfiguration$$FastClassBySpringCGLIB$$df7d58ff
2510:             2             48  org.springframework.cloud.commons.httpclient.HttpClientConfiguration$OkHttpClientConfiguration$$EnhancerBySpringCGLIB$$d1341ac7$$FastClassBySpringCGLIB$$f7a1cf9a
2511:             2             48  org.springframework.cloud.commons.httpclient.HttpClientConfiguration$OkHttpClientConfiguration$$FastClassBySpringCGLIB$$cb0285b1
2512:             2             48  org.springframework.cloud.commons.util.InetUtils
2513:             2             48  org.springframework.cloud.commons.util.UtilAutoConfiguration$$EnhancerBySpringCGLIB$$7c26e615$$FastClassBySpringCGLIB$$35ea0b7f
2514:             2             48  org.springframework.cloud.commons.util.UtilAutoConfiguration$$FastClassBySpringCGLIB$$9b63f53f
2515:             2             48  org.springframework.cloud.config.client.ConfigClientAutoConfiguration$$EnhancerBySpringCGLIB$$7e619df9$$FastClassBySpringCGLIB$$5fe67edd
2516:             2             48  org.springframework.cloud.config.client.ConfigClientAutoConfiguration$$FastClassBySpringCGLIB$$991614a3
2517:             2             48  org.springframework.cloud.config.client.ConfigServiceBootstrapConfiguration$$EnhancerBySpringCGLIB$$c61cb71a$$FastClassBySpringCGLIB$$1a8e727f
2518:             2             48  org.springframework.cloud.config.client.ConfigServiceBootstrapConfiguration$$FastClassBySpringCGLIB$$5b95caa4
2519:             2             48  org.springframework.cloud.context.restart.RestartListener
2520:             1             48  org.springframework.cloud.netflix.archaius.ArchaiusAutoConfiguration$$EnhancerBySpringCGLIB$$b01b5dab
2521:             1             48  org.springframework.cloud.netflix.archaius.ConfigurableEnvironmentConfiguration
2522:             1             48  org.springframework.cloud.netflix.eureka.EurekaClientAutoConfiguration$$EnhancerBySpringCGLIB$$666e6860
2523:             2             48  org.springframework.cloud.netflix.eureka.EurekaClientAutoConfiguration$RefreshableEurekaClientConfiguration$$EnhancerBySpringCGLIB$$d7fc18ad$$FastClassBySpringCGLIB$$2fa2271c
2524:             2             48  org.springframework.cloud.netflix.eureka.EurekaClientAutoConfiguration$RefreshableEurekaClientConfiguration$$FastClassBySpringCGLIB$$24d46cd7
2525:             1             48  org.springframework.cloud.netflix.eureka.EurekaHealthCheckHandler$1
2526:             1             48  org.springframework.cloud.netflix.eureka.MutableDiscoveryClientOptionalArgs
2527:             2             48  org.springframework.cloud.netflix.feign.FeignAutoConfiguration$$EnhancerBySpringCGLIB$$2bef82e5$$FastClassBySpringCGLIB$$f7d2c985
2528:             2             48  org.springframework.cloud.netflix.feign.FeignAutoConfiguration$$FastClassBySpringCGLIB$$89d7c80f
2529:             2             48  org.springframework.cloud.netflix.feign.ribbon.FeignRibbonClientAutoConfiguration$$EnhancerBySpringCGLIB$$66b77c8a$$FastClassBySpringCGLIB$$643d3c2f
2530:             2             48  org.springframework.cloud.netflix.feign.ribbon.FeignRibbonClientAutoConfiguration$$FastClassBySpringCGLIB$$ac635214
2531:             2             48  org.springframework.cloud.netflix.feign.ribbon.OkHttpFeignLoadBalancedConfiguration$OkHttpFeignConfiguration$$EnhancerBySpringCGLIB$$d9798d49$$FastClassBySpringCGLIB$$62bee1ce
2532:             2             48  org.springframework.cloud.netflix.feign.ribbon.OkHttpFeignLoadBalancedConfiguration$OkHttpFeignConfiguration$$FastClassBySpringCGLIB$$cd169f3
2533:             1             48  org.springframework.cloud.netflix.feign.support.FeignHttpClientProperties
2534:             2             48  org.springframework.cloud.netflix.metrics.MetricsInterceptorConfiguration$MetricsRestTemplateConfiguration$$EnhancerBySpringCGLIB$$e6a5c2d2$$FastClassBySpringCGLIB$$dd09c2bf
2535:             2             48  org.springframework.cloud.netflix.metrics.MetricsInterceptorConfiguration$MetricsRestTemplateConfiguration$$FastClassBySpringCGLIB$$7c0c175c
2536:             2             48  org.springframework.cloud.netflix.ribbon.RibbonClientSpecification
2537:             1             48  org.springframework.cloud.sleuth.TraceKeys$Http
2538:             2             48  org.springframework.cloud.sleuth.instrument.async.AsyncDefaultAutoConfiguration$$EnhancerBySpringCGLIB$$9c5cc8b0$$FastClassBySpringCGLIB$$5e49e9a
2539:             2             48  org.springframework.cloud.sleuth.instrument.async.AsyncDefaultAutoConfiguration$$FastClassBySpringCGLIB$$fa1eff7a
2540:             2             48  org.springframework.cloud.sleuth.instrument.messaging.TraceSpanMessagingAutoConfiguration$$EnhancerBySpringCGLIB$$544b79c8$$FastClassBySpringCGLIB$$db829a8b
2541:             2             48  org.springframework.cloud.sleuth.instrument.messaging.TraceSpanMessagingAutoConfiguration$$FastClassBySpringCGLIB$$3e07a592
2542:             2             48  org.springframework.cloud.sleuth.instrument.web.client.TraceWebClientAutoConfiguration$$EnhancerBySpringCGLIB$$610be810$$FastClassBySpringCGLIB$$19b56e1e
2543:             2             48  org.springframework.cloud.sleuth.instrument.web.client.TraceWebClientAutoConfiguration$$FastClassBySpringCGLIB$$3b6592da
2544:             1             48  org.springframework.cloud.sleuth.instrument.web.client.feign.TraceFeignContext
2545:             1             48  org.springframework.cloud.sleuth.zipkin2.ZipkinAutoConfiguration$DefaultEndpointLocatorConfiguration$$EnhancerBySpringCGLIB$$737cf24
2546:             2             48  org.springframework.context.annotation.AdviceMode
2547:             2             48  org.springframework.context.annotation.ConfigurationCondition$ConfigurationPhase
2548:             2             48  org.springframework.core.ResolvableType$WildcardBounds$Kind
2549:             2             48  org.springframework.core.convert.converter.ConvertingComparator
2550:             2             48  org.springframework.core.env.CommandLineArgs
2551:             2             48  org.springframework.core.env.PropertySource$StubPropertySource
2552:             1             48  org.springframework.data.redis.core.RedisKeyValueAdapter
2553:             1             48  org.springframework.data.redis.core.convert.CustomConversions
2554:             1             48  org.springframework.data.redis.core.convert.MappingRedisConverter
2555:             2             48  org.springframework.data.repository.support.Repositories
2556:             1             48  org.springframework.data.web.PageableHandlerMethodArgumentResolver
2557:             2             48  org.springframework.data.web.config.SpringDataWebConfiguration$$EnhancerBySpringCGLIB$$15dd4ae4$$FastClassBySpringCGLIB$$96be824b
2558:             2             48  org.springframework.data.web.config.SpringDataWebConfiguration$$FastClassBySpringCGLIB$$16b9ef2e
2559:             2             48  org.springframework.objenesis.SpringObjenesis
2560:             1             48  org.springframework.scheduling.annotation.ScheduledAnnotationBeanPostProcessor
2561:             1             48  org.springframework.scheduling.config.ScheduledTaskRegistrar
2562:             2             48  org.springframework.util.ConcurrentReferenceHashMap$ReferenceType
2563:             2             48  org.springframework.util.ConcurrentReferenceHashMap$Restructure
2564:             2             48  org.springframework.util.LinkedCaseInsensitiveMap
2565:             3             48  org.springframework.util.comparator.ComparableComparator
2566:             3             48  org.springframework.validation.beanvalidation.LocaleContextMessageInterpolator
2567:             3             48  org.springframework.validation.beanvalidation.SpringConstraintValidatorFactory
2568:             3             48  org.springframework.web.client.DefaultResponseErrorHandler
2569:             3             48  org.springframework.web.client.RestTemplate$HeadersExtractor
2570:             1             48  org.springframework.web.filter.CorsFilter
2571:             2             48  org.springframework.web.method.annotation.ExpressionValueMethodArgumentResolver
2572:             3             48  org.springframework.web.method.annotation.MapMethodProcessor
2573:             2             48  org.springframework.web.method.support.HandlerMethodReturnValueHandlerComposite
2574:             2             48  org.springframework.web.servlet.mvc.condition.ConsumesRequestCondition$ConsumeMediaTypeExpression
2575:             3             48  org.springframework.web.servlet.mvc.method.RequestMappingInfoHandlerMethodMappingNamingStrategy
2576:             2             48  org.springframework.web.servlet.mvc.method.annotation.MatrixVariableMethodArgumentResolver
2577:             2             48  org.springframework.web.servlet.mvc.method.annotation.PathVariableMethodArgumentResolver
2578:             2             48  org.springframework.web.servlet.mvc.method.annotation.ServletModelAttributeMethodProcessor
2579:             3             48  org.springframework.web.servlet.mvc.method.annotation.ServletRequestMethodArgumentResolver
2580:             3             48  org.springframework.web.servlet.mvc.method.annotation.ServletResponseMethodArgumentResolver
2581:             1             48  springfox.documentation.schema.property.OptimizedModelPropertiesProvider
2582:             2             48  springfox.documentation.spi.service.contexts.ApiSelector
2583:             1             48  springfox.documentation.spring.web.plugins.DocumentationPluginsBootstrapper
2584:             2             48  springfox.documentation.swagger2.configuration.Swagger2DocumentationConfiguration$$EnhancerBySpringCGLIB$$b2289578$$FastClassBySpringCGLIB$$3c646f8a
2585:             2             48  springfox.documentation.swagger2.configuration.Swagger2DocumentationConfiguration$$FastClassBySpringCGLIB$$9e8afb42
2586:             2             48  sun.management.ManagementFactoryHelper$1
2587:             2             48  sun.misc.NativeSignalHandler
2588:             2             48  sun.misc.Signal
2589:             1             48  sun.net.www.http.KeepAliveCache
2590:             3             48  sun.nio.ch.Util$2
2591:             2             48  sun.nio.cs.ext.EUC_KR
2592:             2             48  sun.nio.cs.ext.JIS_X_0208_MS5022X
2593:             2             48  sun.nio.cs.ext.JIS_X_0212_MS5022X
2594:             2             48  sun.security.jca.ProviderList
2595:             2             48  sun.security.jca.ProviderList$3
2596:             2             48  sun.security.ssl.SSLAlgorithmConstraints
2597:             2             48  sun.security.x509.CertificatePolicyMap
2598:             1             48  sun.text.normalizer.IntTrie
2599:             3             48  sun.text.normalizer.NormalizerBase$QuickCheckResult
2600:             1             48  sun.text.resources.FormatData
2601:             1             48  sun.text.resources.en.FormatData_en
2602:             1             48  sun.text.resources.en.FormatData_en_US
2603:             1             48  sun.text.resources.zh.FormatData_zh
2604:             1             48  sun.text.resources.zh.FormatData_zh_CN
2605:             1             48  sun.util.resources.CalendarData
2606:             1             48  sun.util.resources.CurrencyNames
2607:             1             48  sun.util.resources.TimeZoneNames
2608:             1             48  sun.util.resources.en.CalendarData_en
2609:             1             48  sun.util.resources.en.CurrencyNames_en_US
2610:             1             48  sun.util.resources.en.TimeZoneNames_en
2611:             1             48  sun.util.resources.zh.CalendarData_zh
2612:             1             48  sun.util.resources.zh.CurrencyNames_zh_CN
2613:             1             48  sun.util.resources.zh.TimeZoneNames_zh_CN
2614:             1             48  zipkin2.reporter.BufferNextMessage
2615:             1             48  zipkin2.reporter.ByteBoundedQueue
2616:             1             48  zipkin2.reporter.amqp.AutoValue_RabbitMQSender
2617:             2             40  [Lch.qos.logback.core.Appender;
2618:             1             40  [Lch.qos.logback.core.pattern.parser.TokenStream$TokenizerState;
2619:             1             40  [Lch.qos.logback.core.subst.Token$Type;
2620:             1             40  [Lch.qos.logback.core.util.AggregationType;
2621:             1             40  [Lcom.fasterxml.jackson.core.JsonEncoding;
2622:             1             40  [Lcom.fasterxml.jackson.core.JsonParser$NumberType;
2623:             1             40  [Lcom.google.gson.FieldNamingPolicy;
2624:             2             40  [Lcom.google.inject.internal.asm.$Type;
2625:             1             40  [Lcom.netflix.appinfo.InstanceInfo$InstanceStatus;
2626:             1             40  [Lcom.sun.jersey.core.header.reader.HttpHeaderReader$Event;
2627:             2             40  [Lcom.sun.jmx.mbeanserver.ClassLoaderRepositorySupport$LoaderEntry;
2628:             1             40  [Lcom.sun.org.apache.xerces.internal.util.Status;
2629:             2             40  [Ljava.beans.PropertyChangeListener;
2630:             1             40  [Ljava.lang.management.MemoryPoolMXBean;
2631:             1             40  [Ljava.time.format.SignStyle;
2632:             1             40  [Ljava.time.format.TextStyle;
2633:             1             40  [Ljavax.ws.rs.core.Response$Status$Family;
2634:             1             40  [Lokhttp3.TlsVersion;
2635:             1             40  [Lorg.apache.http.auth.AuthProtocolState;
2636:             1             40  [Lorg.aspectj.lang.reflect.PerClauseKind;
2637:             2             40  [Lorg.aspectj.weaver.UnresolvedType;
2638:             1             40  [Lorg.jboss.logging.Logger$Level;
2639:             1             40  [Lorg.springframework.aop.aspectj.annotation.AbstractAspectJAdvisorFactory$AspectJAnnotationType;
2640:             1             40  [Lorg.springframework.boot.ansi.AnsiStyle;
2641:             1             40  [Lorg.springframework.http.HttpStatus$Series;
2642:             1             40  [Lorg.yaml.snakeyaml.DumperOptions$ScalarStyle;
2643:             1             40  [Lsun.nio.fs.WindowsPathType;
2644:             1             40  [Lsun.security.jca.ServiceId;
2645:             1             40  [Lsun.security.util.DisabledAlgorithmConstraints$KeySizeConstraint$Operator;
2646:             1             40  [Lsun.util.locale.provider.LocaleProviderAdapter$Type;
2647:             1             40  [[Ljava.lang.invoke.LambdaForm$Name;
2648:             1             40  ch.qos.logback.core.BasicStatusManager
2649:             1             40  ch.qos.logback.core.joran.action.StatusListenerAction
2650:             1             40  ch.qos.logback.core.joran.spi.ConfigurationWatchList
2651:             1             40  com.fasterxml.jackson.annotation.JsonFormat$Value
2652:             1             40  com.fasterxml.jackson.databind.deser.impl.BeanPropertyMap
2653:             1             40  com.fasterxml.jackson.databind.deser.std.UntypedObjectDeserializer
2654:             1             40  com.google.common.collect.AbstractMapBasedMultimap$AsMap
2655:             1             40  com.google.common.collect.Multimaps$AsMap
2656:             1             40  com.google.gson.internal.Excluder
2657:             1             40  com.netflix.discovery.DiscoveryClient$EurekaTransport
2658:             1             40  com.netflix.discovery.shared.MonitoredConnectionManager
2659:             1             40  com.netflix.discovery.shared.transport.jersey.SSLSocketFactoryAdapter
2660:             1             40  com.netflix.hystrix.strategy.HystrixPlugins
2661:             1             40  com.rabbitmq.client.impl.ConsumerDispatcher
2662:             1             40  com.sun.beans.finder.MethodFinder$1
2663:             1             40  com.sun.jersey.core.impl.provider.entity.XMLJAXBElementProvider$App
2664:             1             40  com.sun.jersey.core.impl.provider.entity.XMLJAXBElementProvider$General
2665:             1             40  com.sun.jersey.core.impl.provider.entity.XMLJAXBElementProvider$Text
2666:             1             40  com.sun.jersey.core.impl.provider.entity.XMLListElementProvider$App
2667:             1             40  com.sun.jersey.core.impl.provider.entity.XMLListElementProvider$General
2668:             1             40  com.sun.jersey.core.impl.provider.entity.XMLListElementProvider$Text
2669:             1             40  com.sun.jersey.core.impl.provider.entity.XMLRootElementProvider$App
2670:             1             40  com.sun.jersey.core.impl.provider.entity.XMLRootElementProvider$General
2671:             1             40  com.sun.jersey.core.impl.provider.entity.XMLRootElementProvider$Text
2672:             1             40  com.sun.jersey.core.impl.provider.entity.XMLRootObjectProvider$App
2673:             1             40  com.sun.jersey.core.impl.provider.entity.XMLRootObjectProvider$General
2674:             1             40  com.sun.jersey.core.impl.provider.entity.XMLRootObjectProvider$Text
2675:             1             40  com.sun.jmx.interceptor.DefaultMBeanServerInterceptor
2676:             1             40  com.sun.jmx.mbeanserver.JmxMBeanServer
2677:             1             40  com.sun.jmx.mbeanserver.MBeanServerDelegateImpl
2678:             1             40  com.sun.org.apache.xerces.internal.impl.XMLEntityManager$CharacterBufferPool
2679:             1             40  com.sun.org.apache.xerces.internal.impl.XMLErrorReporter
2680:             1             40  com.sun.org.apache.xerces.internal.impl.XMLVersionDetector
2681:             1             40  com.sun.org.apache.xerces.internal.util.XMLAttributesImpl
2682:             1             40  com.sun.org.apache.xerces.internal.utils.XMLSecurityManager
2683:             1             40  com.sun.xml.internal.stream.XMLEntityStorage
2684:             1             40  com.thoughtworks.xstream.converters.extended.LookAndFeelConverter
2685:             1             40  com.thoughtworks.xstream.converters.reflection.LambdaConverter
2686:             1             40  com.thoughtworks.xstream.converters.reflection.ReflectionConverter
2687:             1             40  com.thoughtworks.xstream.converters.reflection.SerializableConverter
2688:             1             40  com.thoughtworks.xstream.mapper.AttributeMapper
2689:             1             40  com.yintech.crm.web.config.RabbitmqConfig$$EnhancerBySpringCGLIB$$f3171171
2690:             1             40  com.yintech.crm.web.config.WebMvcConfig$$EnhancerBySpringCGLIB$$b63e37d9
2691:             1             40  com.yintech.crm.web.controller.customer.CustomerExtController
2692:             1             40  com.yintech.crm.web.controller.customer.CustomerPoolController
2693:             1             40  com.yintech.crm.web.controller.customer.ExpressInfoController
2694:             1             40  com.yintech.crm.web.controller.global.GlobalDataController
2695:             1             40  com.yintech.crm.web.controller.resource.GroupWorkExcelController
2696:             1             40  com.yintech.crm.web.controller.user.LoginController
2697:             1             40  com.yintech.crm.web.support.LoginSupport
2698:             1             40  java.beans.WeakIdentityMap$Entry
2699:             1             40  java.lang.invoke.BoundMethodHandle$Species_L4
2700:             1             40  java.net.SocketTimeoutException
2701:             1             40  java.text.MessageFormat
2702:             1             40  java.text.RBCollationTables
2703:             1             40  java.time.format.DateTimeFormatterBuilder
2704:             1             40  java.util.ResourceBundle$1
2705:             1             40  java.util.regex.Pattern$LazyLoop
2706:             1             40  javax.servlet.MultipartConfigElement
2707:             1             40  okhttp3.ConnectionPool
2708:             1             40  okhttp3.Dispatcher
2709:             1             40  org.apache.catalina.core.ApplicationSessionCookieConfig
2710:             1             40  org.apache.catalina.mbeans.ConnectorMBean
2711:             1             40  org.apache.catalina.mbeans.ServiceMBean
2712:             1             40  org.apache.catalina.realm.MessageDigestCredentialHandler
2713:             1             40  org.apache.commons.pool2.impl.LinkedBlockingDeque
2714:             1             40  org.apache.coyote.AbstractProtocol$RecycledProcessors
2715:             1             40  org.apache.http.conn.routing.RouteTracker
2716:             1             40  org.apache.http.impl.HttpConnectionMetricsImpl
2717:             1             40  org.apache.http.impl.conn.tsccm.RouteSpecificPool
2718:             1             40  org.apache.tomcat.util.modeler.Registry
2719:             1             40  org.aspectj.weaver.patterns.AnyTypePattern
2720:             1             40  org.aspectj.weaver.patterns.NoTypePattern
2721:             1             40  org.slf4j.bridge.SLF4JBridgeHandler
2722:             1             40  org.springframework.amqp.rabbit.connection.CachingConnectionFactory$CachedChannelInvocationHandler
2723:             1             40  org.springframework.amqp.rabbit.core.RabbitMessagingTemplate
2724:             1             40  org.springframework.amqp.rabbit.listener.RabbitListenerEndpointRegistrar
2725:             1             40  org.springframework.aop.aspectj.annotation.AnnotationAwareAspectJAutoProxyCreator$BeanFactoryAspectJAdvisorsBuilderAdapter
2726:             1             40  org.springframework.boot.actuate.autoconfigure.AuditAutoConfiguration$$EnhancerBySpringCGLIB$$57c4126d
2727:             1             40  org.springframework.boot.actuate.autoconfigure.EndpointCorsProperties
2728:             1             40  org.springframework.boot.actuate.autoconfigure.EndpointWebMvcAutoConfiguration$$EnhancerBySpringCGLIB$$671ae8b7
2729:             1             40  org.springframework.boot.actuate.autoconfigure.HealthIndicatorAutoConfiguration$$EnhancerBySpringCGLIB$$73374175
2730:             1             40  org.springframework.boot.actuate.autoconfigure.HealthIndicatorAutoConfiguration$RabbitHealthIndicatorConfiguration$$EnhancerBySpringCGLIB$$3f577258
2731:             1             40  org.springframework.boot.actuate.autoconfigure.HealthIndicatorAutoConfiguration$RedisHealthIndicatorConfiguration$$EnhancerBySpringCGLIB$$e3835eef
2732:             1             40  org.springframework.boot.actuate.autoconfigure.InfoContributorAutoConfiguration$$EnhancerBySpringCGLIB$$5ddfe73b
2733:             1             40  org.springframework.boot.actuate.autoconfigure.ManagementServerProperties
2734:             1             40  org.springframework.boot.actuate.autoconfigure.MetricExportAutoConfiguration$MetricExportPropertiesConfiguration$$EnhancerBySpringCGLIB$$a4733f49
2735:             1             40  org.springframework.boot.actuate.autoconfigure.PublicMetricsAutoConfiguration$$EnhancerBySpringCGLIB$$7674822e
2736:             1             40  org.springframework.boot.actuate.endpoint.AutoConfigurationReportEndpoint
2737:             1             40  org.springframework.boot.actuate.endpoint.BeansEndpoint
2738:             1             40  org.springframework.boot.actuate.endpoint.ConfigurationPropertiesReportEndpoint
2739:             1             40  org.springframework.boot.actuate.endpoint.EnvironmentEndpoint
2740:             1             40  org.springframework.boot.actuate.endpoint.InfoEndpoint
2741:             1             40  org.springframework.boot.actuate.endpoint.LoggersEndpoint
2742:             1             40  org.springframework.boot.actuate.endpoint.MetricsEndpoint
2743:             1             40  org.springframework.boot.actuate.endpoint.ShutdownEndpoint
2744:             1             40  org.springframework.boot.actuate.endpoint.TraceEndpoint
2745:             1             40  org.springframework.boot.actuate.endpoint.mvc.AuditEventsMvcEndpoint
2746:             1             40  org.springframework.boot.actuate.endpoint.mvc.HealthMvcEndpoint
2747:             1             40  org.springframework.boot.autoconfigure.amqp.RabbitAutoConfiguration$RabbitTemplateConfiguration$$EnhancerBySpringCGLIB$$6ff72aa
2748:             1             40  org.springframework.boot.autoconfigure.amqp.RabbitProperties$Ssl
2749:             1             40  org.springframework.boot.autoconfigure.info.ProjectInfoAutoConfiguration$$EnhancerBySpringCGLIB$$f07329aa
2750:             1             40  org.springframework.boot.autoconfigure.jackson.JacksonAutoConfiguration$JacksonObjectMapperBuilderConfiguration$$EnhancerBySpringCGLIB$$c2595e3b
2751:             1             40  org.springframework.boot.autoconfigure.ldap.LdapAutoConfiguration$$EnhancerBySpringCGLIB$$7827a69b
2752:             1             40  org.springframework.boot.autoconfigure.web.DispatcherServletAutoConfiguration$DispatcherServletConfiguration$$EnhancerBySpringCGLIB$$5adecbe3
2753:             1             40  org.springframework.boot.autoconfigure.web.ErrorMvcAutoConfiguration$$EnhancerBySpringCGLIB$$6a742685
2754:             1             40  org.springframework.boot.autoconfigure.web.ErrorMvcAutoConfiguration$DefaultErrorViewResolverConfiguration$$EnhancerBySpringCGLIB$$77112fe5
2755:             1             40  org.springframework.boot.autoconfigure.web.ErrorMvcAutoConfiguration$WhitelabelErrorViewConfiguration$$EnhancerBySpringCGLIB$$fac08dff
2756:             1             40  org.springframework.boot.autoconfigure.web.HttpEncodingAutoConfiguration$$EnhancerBySpringCGLIB$$8b65833c
2757:             1             40  org.springframework.boot.autoconfigure.web.HttpMessageConvertersAutoConfiguration$$EnhancerBySpringCGLIB$$45313af1
2758:             1             40  org.springframework.boot.autoconfigure.web.HttpMessageConvertersAutoConfiguration$StringHttpMessageConverterConfiguration$$EnhancerBySpringCGLIB$$1a74591
2759:             1             40  org.springframework.boot.autoconfigure.web.MultipartAutoConfiguration$$EnhancerBySpringCGLIB$$6f26cfd7
2760:             1             40  org.springframework.boot.autoconfigure.web.ServerProperties$Session$Cookie
2761:             1             40  org.springframework.boot.autoconfigure.web.ServerProperties$Tomcat$Accesslog
2762:             1             40  org.springframework.boot.autoconfigure.web.ServerProperties$Undertow$Accesslog
2763:             1             40  org.springframework.boot.autoconfigure.web.WebClientAutoConfiguration$RestTemplateConfiguration$$EnhancerBySpringCGLIB$$bba893a8
2764:             1             40  org.springframework.boot.autoconfigure.web.WebMvcAutoConfiguration$WebMvcAutoConfigurationAdapter$FaviconConfiguration$$EnhancerBySpringCGLIB$$ec964885
2765:             1             40  org.springframework.boot.devtools.autoconfigure.LocalDevToolsAutoConfiguration$LiveReloadConfiguration$$EnhancerBySpringCGLIB$$7f620903
2766:             1             40  org.springframework.boot.devtools.autoconfigure.LocalDevToolsAutoConfiguration$RestartConfiguration$$EnhancerBySpringCGLIB$$1b0c3de1
2767:             1             40  org.springframework.boot.devtools.autoconfigure.RemoteDevToolsProperties
2768:             1             40  org.springframework.boot.devtools.livereload.LiveReloadServer
2769:             1             40  org.springframework.boot.logging.logback.SpringBootJoranConfigurator
2770:             1             40  org.springframework.boot.logging.logback.SpringProfileAction
2771:             1             40  org.springframework.boot.web.filter.ApplicationContextHeaderFilter
2772:             1             40  org.springframework.cloud.bootstrap.config.PropertySourceBootstrapConfiguration$$EnhancerBySpringCGLIB$$64263afa
2773:             1             40  org.springframework.cloud.bootstrap.encrypt.EncryptionBootstrapConfiguration$$EnhancerBySpringCGLIB$$c0e27dea
2774:             1             40  org.springframework.cloud.client.CommonsClientAutoConfiguration$ActuatorConfiguration$$EnhancerBySpringCGLIB$$966aec26
2775:             1             40  org.springframework.cloud.client.actuator.FeaturesEndpoint
2776:             1             40  org.springframework.cloud.client.discovery.simple.SimpleDiscoveryProperties$SimpleServiceInstance
2777:             1             40  org.springframework.cloud.client.loadbalancer.AsyncLoadBalancerAutoConfiguration$AsyncRestTemplateCustomizerConfig$$EnhancerBySpringCGLIB$$d565a1eb
2778:             1             40  org.springframework.cloud.client.loadbalancer.LoadBalancerAutoConfiguration$$EnhancerBySpringCGLIB$$92443cd2
2779:             1             40  org.springframework.cloud.client.loadbalancer.RetryLoadBalancerInterceptor
2780:             1             40  org.springframework.cloud.client.serviceregistry.AutoServiceRegistrationAutoConfiguration$$EnhancerBySpringCGLIB$$148785bd
2781:             1             40  org.springframework.cloud.config.client.ConfigServerHealthIndicator
2782:             1             40  org.springframework.cloud.config.client.ConfigServiceBootstrapConfiguration$$EnhancerBySpringCGLIB$$c61cb71a
2783:             1             40  org.springframework.cloud.endpoint.RefreshEndpoint
2784:             1             40  org.springframework.cloud.netflix.archaius.ArchaiusAutoConfiguration$PropagateEventsConfiguration$$EnhancerBySpringCGLIB$$14030219
2785:             1             40  org.springframework.cloud.netflix.eureka.EurekaClientAutoConfiguration$RefreshableEurekaClientConfiguration$$EnhancerBySpringCGLIB$$d7fc18ad
2786:             1             40  org.springframework.cloud.netflix.eureka.EurekaDiscoveryClientConfiguration$EurekaClientConfigurationRefresher$$EnhancerBySpringCGLIB$$7a021143
2787:             1             40  org.springframework.cloud.netflix.eureka.EurekaDiscoveryClientConfiguration$EurekaHealthCheckHandlerConfiguration$$EnhancerBySpringCGLIB$$56b7305e
2788:             1             40  org.springframework.cloud.netflix.eureka.serviceregistry.EurekaAutoServiceRegistration
2789:             1             40  org.springframework.cloud.netflix.feign.FeignAutoConfiguration$$EnhancerBySpringCGLIB$$2bef82e5
2790:             1             40  org.springframework.cloud.netflix.feign.FeignClientProperties$FeignClientConfiguration
2791:             1             40  org.springframework.cloud.netflix.feign.FeignContext
2792:             1             40  org.springframework.cloud.netflix.feign.ribbon.OkHttpFeignLoadBalancedConfiguration$OkHttpFeignConfiguration$$EnhancerBySpringCGLIB$$d9798d49
2793:             1             40  org.springframework.cloud.netflix.metrics.MetricsInterceptorConfiguration$MetricsRestTemplateConfiguration$$EnhancerBySpringCGLIB$$e6a5c2d2
2794:             1             40  org.springframework.cloud.netflix.metrics.servo.ServoMetricServices
2795:             1             40  org.springframework.cloud.netflix.ribbon.RibbonAutoConfiguration$$EnhancerBySpringCGLIB$$b1c57c6b
2796:             1             40  org.springframework.cloud.netflix.ribbon.SpringClientFactory
2797:             1             40  org.springframework.cloud.sleuth.autoconfig.TraceAutoConfiguration$$EnhancerBySpringCGLIB$$ed7639a4
2798:             1             40  org.springframework.cloud.sleuth.instrument.async.AsyncDefaultAutoConfiguration$$EnhancerBySpringCGLIB$$9c5cc8b0
2799:             1             40  org.springframework.cloud.sleuth.instrument.async.AsyncDefaultAutoConfiguration$DefaultAsyncConfigurerSupport$$EnhancerBySpringCGLIB$$f1baba54
2800:             1             40  org.springframework.cloud.sleuth.instrument.web.TraceWebMvcConfigurer$$EnhancerBySpringCGLIB$$f64862fd
2801:             1             40  org.springframework.cloud.sleuth.instrument.web.client.TraceAsyncRestTemplate
2802:             1             40  org.springframework.cloud.sleuth.instrument.web.client.TraceWebClientAutoConfiguration$TraceInterceptorConfiguration$$EnhancerBySpringCGLIB$$5ee92e42
2803:             1             40  org.springframework.cloud.sleuth.trace.DefaultTracer
2804:             1             40  org.springframework.cloud.sleuth.zipkin2.DefaultEndpointLocator
2805:             1             40  org.springframework.cloud.sleuth.zipkin2.ZipkinAutoConfiguration$$EnhancerBySpringCGLIB$$278e8792
2806:             1             40  org.springframework.cloud.sleuth.zipkin2.ZipkinProperties
2807:             1             40  org.springframework.cloud.sleuth.zipkin2.sender.ZipkinRabbitSenderConfiguration$$EnhancerBySpringCGLIB$$695e4bf1
2808:             1             40  org.springframework.data.projection.SpelAwareProxyProjectionFactory
2809:             1             40  org.springframework.data.redis.core.RedisKeyValueTemplate
2810:             1             40  org.springframework.data.redis.listener.RedisMessageListenerContainer$SubscriptionTask
2811:             1             40  org.springframework.data.web.config.SpringDataWebConfiguration$$EnhancerBySpringCGLIB$$15dd4ae4
2812:             1             40  org.springframework.expression.spel.standard.SpelExpression
2813:             1             40  org.springframework.ldap.core.LdapTemplate
2814:             1             40  org.springframework.retry.support.RetryTemplate
2815:             1             40  org.springframework.ui.context.support.ResourceBundleThemeSource
2816:             1             40  org.springframework.web.accept.ContentNegotiationManagerFactoryBean
2817:             1             40  org.springframework.web.bind.support.ConfigurableWebBindingInitializer
2818:             1             40  org.springframework.web.method.ControllerAdviceBean
2819:             1             40  org.springframework.web.servlet.mvc.annotation.ResponseStatusExceptionResolver
2820:             1             40  org.springframework.web.servlet.mvc.support.DefaultHandlerExceptionResolver
2821:             1             40  springfox.documentation.spi.service.contexts.Defaults
2822:             1             40  sun.management.DiagnosticCommandImpl
2823:             1             40  sun.misc.Cleaner
2824:             1             40  sun.nio.cs.StandardCharsets$Aliases
2825:             1             40  sun.nio.cs.StandardCharsets$Cache
2826:             1             40  sun.nio.cs.StandardCharsets$Classes
2827:             1             40  sun.nio.cs.ext.ExtendedCharsets
2828:             1             40  sun.text.IntHashtable
2829:             1             40  sun.text.UCompactIntArray
2830:             1             40  sun.text.resources.CollationData
2831:             1             40  sun.text.resources.zh.CollationData_zh
2832:             1             40  sun.util.logging.resources.logging
2833:             1             40  sun.util.logging.resources.logging_zh_CN
2834:             2             32  [Lch.qos.logback.core.filter.Filter;
2835:             1             32  [Lch.qos.logback.core.rolling.helper.CompressionMode;
2836:             1             32  [Lch.qos.logback.core.spi.FilterReply;
2837:             1             32  [Lch.qos.logback.core.subst.Tokenizer$TokenizerState;
2838:             1             32  [Lcom.fasterxml.classmate.AnnotationInclusion;
2839:             1             32  [Lcom.fasterxml.jackson.core.JsonFactory$Feature;
2840:             1             32  [Lcom.fasterxml.jackson.databind.Module;
2841:             1             32  [Lcom.google.common.base.AbstractIterator$State;
2842:             1             32  [Lcom.google.common.base.Predicates$ObjectPredicate;
2843:             1             32  [Lcom.google.common.cache.LocalCache$Strength;
2844:             1             32  [Lcom.google.common.collect.AbstractIterator$State;
2845:             1             32  [Lcom.google.common.collect.MapMakerInternalMap$Strength;
2846:             1             32  [Lcom.google.inject.Stage;
2847:             1             32  [Lcom.google.inject.internal.InjectorImpl$JitLimitation;
2848:             1             32  [Lcom.google.inject.internal.InternalFlags$IncludeStackTraceOption;
2849:             1             32  [Lcom.google.inject.internal.InternalFlags$NullableProvidesOption;
2850:             1             32  [Lcom.rabbitmq.client.BuiltinExchangeType;
2851:             1             32  [Lcom.rabbitmq.client.impl.CommandAssembler$CAState;
2852:             1             32  [Lcom.sun.beans.util.Cache$Kind;
2853:             1             32  [Lcom.sun.org.apache.xerces.internal.utils.XMLSecurityManager$NameMap;
2854:             1             32  [Lcom.thoughtworks.xstream.core.util.FastField;
2855:             2             32  [Ljava.lang.Enum;
2856:             1             32  [Ljava.lang.OutOfMemoryError;
2857:             1             32  [Ljava.lang.ThreadGroup;
2858:             1             32  [Ljava.lang.management.MemoryManagerMXBean;
2859:             1             32  [Ljava.net.Proxy$Type;
2860:             1             32  [Ljava.text.Normalizer$Form;
2861:             1             32  [Ljava.time.format.DateTimeFormatterBuilder$SettingsParser;
2862:             1             32  [Ljava.time.format.FormatStyle;
2863:             1             32  [Ljava.time.format.ResolverStyle;
2864:             1             32  [Ljava.time.temporal.IsoFields$Field;
2865:             2             32  [Ljava.util.Map$Entry;
2866:             1             32  [Ljavax.validation.ConstraintTarget;
2867:             1             32  [Lorg.apache.catalina.WebResourceRoot$ResourceSetType;
2868:             1             32  [Lorg.apache.http.conn.util.DomainType;
2869:             1             32  [Lorg.apache.tomcat.util.net.AbstractEndpoint$Acceptor$AcceptorState;
2870:             1             32  [Lorg.apache.tomcat.util.net.AbstractEndpoint$BindState;
2871:             2             32  [Lorg.aspectj.apache.bcel.classfile.Attribute;
2872:             2             32  [Lorg.aspectj.apache.bcel.classfile.Field;
2873:             2             32  [Lorg.aspectj.apache.bcel.classfile.Method;
2874:             1             32  [Lorg.hibernate.validator.constraints.CompositionType;
2875:             1             32  [Lorg.hibernate.validator.internal.engine.valuehandling.UnwrapMode;
2876:             1             32  [Lorg.hibernate.validator.internal.metadata.raw.ConfigurationSource;
2877:             1             32  [Lorg.hibernate.validator.internal.util.ConcurrentReferenceHashMap$ReferenceType;
2878:             1             32  [Lorg.springframework.amqp.rabbit.support.DefaultMessagePropertiesConverter$CorrelationIdPolicy;
2879:             1             32  [Lorg.springframework.beans.factory.config.YamlProcessor$MatchStatus;
2880:             1             32  [Lorg.springframework.beans.factory.config.YamlProcessor$ResolutionMethod;
2881:             1             32  [Lorg.springframework.boot.Banner$Mode;
2882:             1             32  [Lorg.springframework.boot.actuate.autoconfigure.EndpointWebMvcAutoConfiguration$ManagementServerPort;
2883:             1             32  [Lorg.springframework.boot.actuate.autoconfigure.ManagementServerProperties$SessionCreationPolicy;
2884:             1             32  [Lorg.springframework.boot.ansi.AnsiOutput$Enabled;
2885:             1             32  [Lorg.springframework.boot.autoconfigure.web.ErrorProperties$IncludeStacktrace;
2886:             1             32  [Lorg.springframework.boot.bind.RelaxedNames$Variation;
2887:             1             32  [Lorg.springframework.boot.web.servlet.ServletContextInitializer;
2888:             1             32  [Lorg.springframework.cglib.proxy.Callback;
2889:             1             32  [Lorg.springframework.data.geo.Metrics;
2890:             1             32  [Lorg.springframework.expression.spel.SpelCompilerMode;
2891:             1             32  [Lorg.springframework.format.datetime.joda.JodaTimeFormatterRegistrar$Type;
2892:             1             32  [Lorg.yaml.snakeyaml.DumperOptions$FlowStyle;
2893:             1             32  [Lorg.yaml.snakeyaml.DumperOptions$LineBreak;
2894:             1             32  [Lorg.yaml.snakeyaml.introspector.BeanAccess;
2895:             1             32  [Lsun.net.www.protocol.http.HttpURLConnection$TunnelState;
2896:             2             32  [Lsun.reflect.annotation.TypeAnnotation;
2897:             1             32  [Lsun.text.normalizer.NormalizerBase$Mode;
2898:             1             32  [[Lcom.google.common.collect.MapMakerInternalMap$EntryFactory;
2899:             2             32  [[Lorg.aspectj.weaver.ResolvedType;
2900:             1             32  ch.qos.logback.classic.joran.action.ConfigurationAction
2901:             1             32  ch.qos.logback.classic.joran.action.EvaluatorAction
2902:             1             32  ch.qos.logback.classic.joran.action.LoggerAction
2903:             1             32  ch.qos.logback.classic.joran.action.LoggerContextListenerAction
2904:             1             32  ch.qos.logback.classic.joran.action.ReceiverAction
2905:             1             32  ch.qos.logback.classic.joran.action.RootLoggerAction
2906:             1             32  ch.qos.logback.classic.jul.LevelChangePropagator
2907:             2             32  ch.qos.logback.classic.pattern.EnsureExceptionHandling
2908:             2             32  ch.qos.logback.classic.pattern.TargetLengthBasedClassNameAbbreviator
2909:             1             32  ch.qos.logback.classic.sift.SiftAction
2910:             1             32  ch.qos.logback.classic.spi.LoggerContextVO
2911:             1             32  ch.qos.logback.core.helpers.CyclicBuffer
2912:             1             32  ch.qos.logback.core.joran.action.AppenderAction
2913:             1             32  ch.qos.logback.core.joran.action.ConversionRuleAction
2914:             1             32  ch.qos.logback.core.joran.action.IncludeAction
2915:             1             32  ch.qos.logback.core.joran.action.NestedBasicPropertyIA
2916:             1             32  ch.qos.logback.core.joran.action.NestedComplexPropertyIA
2917:             1             32  ch.qos.logback.core.joran.action.NewRuleAction
2918:             1             32  ch.qos.logback.core.joran.action.ParamAction
2919:             1             32  ch.qos.logback.core.joran.action.ShutdownHookAction
2920:             1             32  ch.qos.logback.core.joran.action.TimestampAction
2921:             1             32  ch.qos.logback.core.joran.conditional.ElseAction
2922:             1             32  ch.qos.logback.core.joran.conditional.IfAction
2923:             1             32  ch.qos.logback.core.joran.conditional.ThenAction
2924:             1             32  ch.qos.logback.core.joran.spi.SimpleRuleStore
2925:             1             32  ch.qos.logback.core.joran.util.beans.BeanDescriptionCache
2926:             1             32  ch.qos.logback.core.rolling.helper.Compressor
2927:             2             32  ch.qos.logback.core.spi.FilterAttachableImpl
2928:             2             32  com.alibaba.fastjson.parser.deserializer.SqlDateDeserializer
2929:             2             32  com.alibaba.fastjson.serializer.MiscCodec
2930:             1             32  com.alibaba.fastjson.serializer.SerializeConfig
2931:             1             32  com.fasterxml.classmate.MemberResolver
2932:             1             32  com.fasterxml.jackson.core.util.ByteArrayBuilder
2933:             1             32  com.fasterxml.jackson.databind.ObjectWriter$GeneratorSettings
2934:             1             32  com.fasterxml.jackson.databind.deser.impl.PropertyBasedCreator
2935:             1             32  com.fasterxml.jackson.databind.deser.std.EnumDeserializer
2936:             1             32  com.fasterxml.jackson.databind.introspect.VisibilityChecker$Std
2937:             2             32  com.fasterxml.jackson.databind.node.JsonNodeFactory
2938:             2             32  com.fasterxml.jackson.databind.ser.impl.PropertySerializerMap$Empty
2939:             1             32  com.fasterxml.jackson.databind.ser.std.NumberSerializers$FloatSerializer
2940:             1             32  com.fasterxml.jackson.databind.ser.std.NumberSerializers$IntLikeSerializer
2941:             1             32  com.fasterxml.jackson.databind.ser.std.NumberSerializers$ShortSerializer
2942:             1             32  com.fasterxml.jackson.databind.type.TypeFactory
2943:             1             32  com.github.tobato.fastdfs.FdfsClientConfig$$EnhancerBySpringCGLIB$$5fe0782
2944:             1             32  com.github.tobato.fastdfs.conn.PooledConnectionFactory
2945:             1             32  com.github.tobato.fastdfs.domain.CircularList
2946:             1             32  com.github.tobato.fastdfs.domain.TrackerAddressHolder
2947:             1             32  com.github.tobato.fastdfs.domain.TrackerLocator
2948:             2             32  com.google.common.base.Predicates$NotPredicate
2949:             1             32  com.google.common.base.Splitter
2950:             2             32  com.google.common.collect.CompoundOrdering
2951:             1             32  com.google.common.collect.EmptyImmutableBiMap
2952:             2             32  com.google.common.collect.Interners$WeakInterner
2953:             2             32  com.google.common.collect.Maps$Values
2954:             1             32  com.google.gson.internal.bind.ReflectiveTypeAdapterFactory
2955:             2             32  com.google.inject.internal.Annotations$AnnotationChecker$1
2956:             2             32  com.google.inject.internal.FailableCache$1
2957:             1             32  com.google.inject.internal.cglib.core.$ClassNameReader$EarlyExitException
2958:             1             32  com.netflix.appinfo.ApplicationInfoManager
2959:             2             32  com.netflix.config.ConcurrentCompositeConfiguration$1
2960:             1             32  com.netflix.discovery.PropertyBasedAzToRegionMapper
2961:             2             32  com.netflix.discovery.converters.EurekaJacksonCodec$ApplicationDeserializer
2962:             2             32  com.netflix.discovery.converters.EurekaJacksonCodec$ApplicationSerializer
2963:             2             32  com.netflix.discovery.converters.EurekaJacksonCodec$DataCenterInfoDeserializer
2964:             2             32  com.netflix.discovery.converters.EurekaJacksonCodec$DataCenterInfoSerializer
2965:             2             32  com.netflix.discovery.converters.EurekaJacksonCodec$InstanceInfoDeserializer
2966:             2             32  com.netflix.discovery.converters.EurekaJacksonCodec$InstanceInfoSerializer
2967:             2             32  com.netflix.discovery.converters.EurekaJacksonCodec$LeaseInfoDeserializer
2968:             1             32  com.netflix.discovery.provider.DiscoveryJerseyProvider
2969:             2             32  com.netflix.discovery.shared.dns.DnsServiceImpl
2970:             1             32  com.netflix.discovery.shared.transport.jersey.EurekaJerseyClientImpl$EurekaJerseyClientBuilder$MyDefaultApacheHttpClient4Config
2971:             1             32  com.netflix.discovery.shared.transport.jersey.JerseyEurekaHttpClientFactory
2972:             1             32  com.netflix.discovery.util.RateLimiter
2973:             1             32  com.netflix.servo.monitor.Datapoint
2974:             1             32  com.netflix.servo.util.ClockWithOffset
2975:             2             32  com.rabbitmq.client.DefaultSaslConfig
2976:             2             32  com.rabbitmq.client.impl.AMQCommand
2977:             1             32  com.rabbitmq.client.impl.ConsumerWorkService
2978:             1             32  com.rabbitmq.client.impl.SocketFrameHandler
2979:             1             32  com.rabbitmq.client.impl.WorkPool
2980:             1             32  com.rabbitmq.utility.IntAllocator
2981:             2             32  com.sun.beans.WeakCache
2982:             1             32  com.sun.beans.finder.BeanInfoFinder
2983:             1             32  com.sun.jersey.client.apache4.ApacheHttpClient4Handler
2984:             1             32  com.sun.jersey.core.header.AcceptableMediaType
2985:             1             32  com.sun.jersey.core.header.QualitySourceMediaType
2986:             1             32  com.sun.jersey.core.spi.component.ProviderServices
2987:             1             32  com.sun.jmx.mbeanserver.Repository
2988:             2             32  com.sun.org.apache.xerces.internal.impl.XMLDocumentScannerImpl$PrologDriver
2989:             2             32  com.sun.org.apache.xerces.internal.impl.XMLDocumentScannerImpl$TrailingMiscDriver
2990:             2             32  com.sun.org.apache.xerces.internal.impl.XMLDocumentScannerImpl$XMLDeclDriver
2991:             1             32  com.sun.org.apache.xerces.internal.impl.XMLEntityScanner$1
2992:             1             32  com.sun.org.apache.xerces.internal.impl.XMLNSDocumentScannerImpl$NSContentDriver
2993:             2             32  com.sun.org.apache.xerces.internal.impl.dv.dtd.ENTITYDatatypeValidator
2994:             1             32  com.sun.org.apache.xerces.internal.jaxp.SAXParserFactoryImpl
2995:             1             32  com.sun.org.apache.xerces.internal.util.NamespaceSupport
2996:             2             32  com.sun.proxy.$Proxy112
2997:             2             32  com.sun.proxy.$Proxy113
2998:             2             32  com.sun.proxy.$Proxy117
2999:             2             32  com.sun.proxy.$Proxy125
3000:             2             32  com.sun.proxy.$Proxy15
3001:             2             32  com.sun.proxy.$Proxy160
3002:             2             32  com.sun.proxy.$Proxy168
3003:             2             32  com.sun.proxy.$Proxy269
3004:             2             32  com.sun.proxy.$Proxy271
3005:             2             32  com.sun.proxy.$Proxy288
3006:             2             32  com.sun.proxy.$Proxy39
3007:             2             32  com.sun.proxy.$Proxy52
3008:             2             32  com.sun.proxy.$Proxy54
3009:             2             32  com.sun.proxy.$Proxy56
3010:             2             32  com.sun.proxy.$Proxy59
3011:             2             32  com.sun.proxy.$Proxy65
3012:             2             32  com.sun.proxy.$Proxy69
3013:             2             32  com.sun.proxy.$Proxy70
3014:             2             32  com.sun.proxy.$Proxy78
3015:             2             32  com.sun.proxy.$Proxy88
3016:             2             32  com.thoughtworks.xstream.converters.basic.ByteConverter
3017:             2             32  com.thoughtworks.xstream.converters.reflection.SerializableConverter$UnserializableParentsReflectionProvider
3018:             1             32  com.thoughtworks.xstream.io.xml.XmlFriendlyNameCoder
3019:             1             32  com.thoughtworks.xstream.mapper.ClassAliasingMapper
3020:             1             32  com.thoughtworks.xstream.mapper.FieldAliasingMapper
3021:             1             32  com.yintech.common.consumer.config.ConsumerAutoConfig$$EnhancerBySpringCGLIB$$cc3871cd
3022:             1             32  com.yintech.crm.common.util.ServiceInfoUtil$$EnhancerBySpringCGLIB$$9da162db
3023:             1             32  com.yintech.crm.web.CrmWebServer$$EnhancerBySpringCGLIB$$83f5c140
3024:             1             32  com.yintech.crm.web.config.CorsConfig$$EnhancerBySpringCGLIB$$93109300
3025:             1             32  com.yintech.crm.web.config.FeignClientConfig$$EnhancerBySpringCGLIB$$c4f9e1f9
3026:             1             32  com.yintech.crm.web.config.RedisConfig$$EnhancerBySpringCGLIB$$6f7d97b8
3027:             1             32  com.yintech.crm.web.config.Swagger2Config$$EnhancerBySpringCGLIB$$ed020ddb
3028:             1             32  com.yintech.crm.web.config.VoiceCallConfig
3029:             1             32  com.yintech.crm.web.controller.file.FileManageController
3030:             1             32  com.yintech.crm.web.controller.investorEdu.InvestorEduController
3031:             1             32  com.yintech.crm.web.controller.notice.UserNoticeController
3032:             1             32  com.yintech.crm.web.controller.personnel.EmployeeLevelController
3033:             1             32  com.yintech.crm.web.controller.resource.GroupWorkExcelHandController
3034:             1             32  com.yintech.crm.web.controller.user.UserController
3035:             1             32  com.yintech.crm.web.controller.voice.CallingRecordController
3036:             1             32  com.yintech.crm.web.service.impl.FileReadServiceImpl
3037:             1             32  com.yintech.crm.web.support.MonitorSupport
3038:             1             32  io.jmnarloch.spring.cloud.ribbon.support.RibbonDiscoveryRuleAutoConfiguration$$EnhancerBySpringCGLIB$$ad4567f6
3039:             1             32  java.beans.ThreadGroupContext
3040:             1             32  java.beans.ThreadGroupContext$1
3041:             1             32  java.io.DataInputStream
3042:             1             32  java.io.DataOutputStream
3043:             1             32  java.io.FileInputStream
3044:             1             32  java.io.WinNTFileSystem
3045:             1             32  java.lang.ArithmeticException
3046:             1             32  java.lang.ArrayIndexOutOfBoundsException
3047:             1             32  java.lang.ClassCastException
3048:             1             32  java.lang.NullPointerException
3049:             2             32  java.lang.Shutdown$Lock
3050:             1             32  java.lang.reflect.WeakCache
3051:             2             32  java.nio.ByteOrder
3052:             2             32  java.security.AllPermission
3053:             1             32  java.text.DontCareFieldPosition
3054:             1             32  java.time.format.DateTimeFormatterBuilder$FractionPrinterParser
3055:             2             32  java.time.format.DateTimeFormatterBuilder$StringLiteralPrinterParser
3056:             2             32  java.util.concurrent.Executors$FinalizableDelegatedExecutorService
3057:             1             32  java.util.concurrent.Semaphore$NonfairSync
3058:             1             32  java.util.concurrent.ThreadLocalRandom
3059:             2             32  java.util.concurrent.ThreadPoolExecutor$AbortPolicy
3060:             1             32  java.util.concurrent.atomic.AtomicReferenceFieldUpdater$AtomicReferenceFieldUpdaterImpl
3061:             1             32  java.util.logging.LogManager$SystemLoggerContext
3062:             2             32  javax.naming.ldap.Rdn
3063:             1             32  okhttp3.RequestBody$2
3064:             1             32  okhttp3.ResponseBody$1
3065:             1             32  org.apache.catalina.mapper.Mapper
3066:             1             32  org.apache.catalina.mapper.Mapper$MappedHost
3067:             2             32  org.apache.commons.pool2.impl.DefaultEvictionPolicy
3068:             1             32  org.apache.commons.pool2.impl.LinkedBlockingDeque$DescendingItr
3069:             2             32  org.apache.commons.pool2.impl.SecurityManagerCallStack$PrivateSecurityManager
3070:             1             32  org.apache.coyote.AbstractProtocol$ConnectionHandler
3071:             2             32  org.apache.http.conn.ssl.AllowAllHostnameVerifier
3072:             2             32  org.apache.http.conn.ssl.BrowserCompatHostnameVerifier
3073:             1             32  org.apache.http.conn.ssl.SSLConnectionSocketFactory
3074:             2             32  org.apache.http.conn.ssl.StrictHostnameVerifier
3075:             2             32  org.apache.http.impl.DefaultConnectionReuseStrategy
3076:             2             32  org.apache.http.impl.client.DefaultConnectionKeepAliveStrategy
3077:             2             32  org.apache.http.impl.client.DefaultRedirectStrategy
3078:             2             32  org.apache.http.impl.client.DefaultUserTokenHandler
3079:             2             32  org.apache.http.impl.conn.SystemDefaultDnsResolver
3080:             2             32  org.apache.http.impl.cookie.BestMatchSpecFactory
3081:             2             32  org.apache.http.impl.entity.LaxContentLengthStrategy
3082:             2             32  org.apache.http.impl.entity.StrictContentLengthStrategy
3083:             2             32  org.apache.http.message.BasicHeaderValueParser
3084:             2             32  org.apache.http.message.BasicLineFormatter
3085:             2             32  org.apache.http.message.BasicLineParser
3086:             1             32  org.apache.pdfbox.encoding.PDFDocEncodingCharset
3087:             1             32  org.apache.tomcat.util.collections.ManagedConcurrentWeakHashMap
3088:             1             32  org.apache.tomcat.util.descriptor.web.LoginConfig
3089:             1             32  org.apache.tomcat.util.digester.RulesBase
3090:             1             32  org.apache.tomcat.util.threads.LimitLatch
3091:             1             32  org.apache.tomcat.util.threads.LimitLatch$Sync
3092:             1             32  org.apache.tomcat.util.threads.TaskThreadFactory
3093:             1             32  org.apache.tomcat.websocket.server.WsWriteTimeout
3094:             2             32  org.aspectj.weaver.ast.Literal
3095:             1             32  org.aspectj.weaver.patterns.AnyAnnotationTypePattern
3096:             1             32  org.aspectj.weaver.patterns.BasicToken
3097:             1             32  org.aspectj.weaver.patterns.EllipsisAnnotationTypePattern
3098:             1             32  org.aspectj.weaver.patterns.ThrowsPattern
3099:             2             32  org.aspectj.weaver.patterns.TypePattern$MatchKind
3100:             1             32  org.springframework.amqp.rabbit.annotation.RabbitBootstrapConfiguration$$EnhancerBySpringCGLIB$$7ae4dabf
3101:             2             32  org.springframework.amqp.rabbit.core.RabbitTemplate$1
3102:             1             32  org.springframework.amqp.rabbit.listener.RabbitListenerEndpointRegistry
3103:             1             32  org.springframework.amqp.support.converter.SimpleMessageConverter
3104:             2             32  org.springframework.aop.framework.CglibAopProxy$DynamicUnadvisedInterceptor
3105:             2             32  org.springframework.boot.ClearCachesApplicationListener
3106:             1             32  org.springframework.boot.actuate.autoconfigure.EndpointAutoConfiguration$RequestMappingEndpointConfiguration$$EnhancerBySpringCGLIB$$7dbcf19b
3107:             1             32  org.springframework.boot.actuate.autoconfigure.EndpointWebMvcAutoConfiguration$2
3108:             1             32  org.springframework.boot.actuate.autoconfigure.EndpointWebMvcAutoConfiguration$ApplicationContextFilterConfiguration$$EnhancerBySpringCGLIB$$906ea32
3109:             1             32  org.springframework.boot.actuate.autoconfigure.EndpointWebMvcAutoConfiguration$EndpointWebMvcConfiguration$$EnhancerBySpringCGLIB$$9c7d0d2e
3110:             1             32  org.springframework.boot.actuate.autoconfigure.HealthIndicatorAutoConfiguration$DiskSpaceHealthIndicatorConfiguration$$EnhancerBySpringCGLIB$$59a2881d
3111:             1             32  org.springframework.boot.actuate.autoconfigure.ManagementServerPropertiesAutoConfiguration$$EnhancerBySpringCGLIB$$9d336dd9
3112:             1             32  org.springframework.boot.actuate.autoconfigure.MetricExportAutoConfiguration$StatsdConfiguration$$EnhancerBySpringCGLIB$$fa22f07b
3113:             1             32  org.springframework.boot.actuate.autoconfigure.MetricRepositoryAutoConfiguration$$EnhancerBySpringCGLIB$$c4772d38
3114:             1             32  org.springframework.boot.actuate.autoconfigure.PublicMetricsAutoConfiguration$TomcatMetricsConfiguration$$EnhancerBySpringCGLIB$$d26d16b9
3115:             1             32  org.springframework.boot.actuate.autoconfigure.TraceRepositoryAutoConfiguration$$EnhancerBySpringCGLIB$$9c60219
3116:             1             32  org.springframework.boot.actuate.endpoint.DumpEndpoint
3117:             2             32  org.springframework.boot.actuate.endpoint.MetricReaderPublicMetrics
3118:             2             32  org.springframework.boot.actuate.endpoint.Sanitizer
3119:             1             32  org.springframework.boot.actuate.metrics.export.MetricExporters
3120:             2             32  org.springframework.boot.actuate.metrics.reader.CompositeMetricReader
3121:             2             32  org.springframework.boot.autoconfigure.BackgroundPreinitializer
3122:             2             32  org.springframework.boot.autoconfigure.SharedMetadataReaderFactoryContextInitializer$CachingMetadataReaderFactoryPostProcessor
3123:             2             32  org.springframework.boot.autoconfigure.SharedMetadataReaderFactoryContextInitializer$SharedMetadataReaderFactoryBean
3124:             1             32  org.springframework.boot.autoconfigure.amqp.RabbitAutoConfiguration$$EnhancerBySpringCGLIB$$c61cbe0c
3125:             1             32  org.springframework.boot.autoconfigure.amqp.RabbitAutoConfiguration$MessagingTemplateConfiguration$$EnhancerBySpringCGLIB$$473a79dc
3126:             1             32  org.springframework.boot.autoconfigure.amqp.RabbitAutoConfiguration$RabbitConnectionFactoryCreator$$EnhancerBySpringCGLIB$$3d63929e
3127:             1             32  org.springframework.boot.autoconfigure.amqp.RabbitProperties$Template
3128:             1             32  org.springframework.boot.autoconfigure.aop.AopAutoConfiguration$$EnhancerBySpringCGLIB$$ffcf9b53
3129:             1             32  org.springframework.boot.autoconfigure.aop.AopAutoConfiguration$CglibAutoProxyConfiguration$$EnhancerBySpringCGLIB$$f0959bc7
3130:             1             32  org.springframework.boot.autoconfigure.context.ConfigurationPropertiesAutoConfiguration$$EnhancerBySpringCGLIB$$a402a7df
3131:             1             32  org.springframework.boot.autoconfigure.data.ldap.LdapDataAutoConfiguration$$EnhancerBySpringCGLIB$$cb726e7d
3132:             1             32  org.springframework.boot.autoconfigure.data.ldap.LdapRepositoriesAutoConfiguration$$EnhancerBySpringCGLIB$$ff8d4cbf
3133:             1             32  org.springframework.boot.autoconfigure.data.redis.RedisAutoConfiguration$$EnhancerBySpringCGLIB$$aa1047cd
3134:             1             32  org.springframework.boot.autoconfigure.data.redis.RedisAutoConfiguration$RedisConfiguration$$EnhancerBySpringCGLIB$$fa1ba21e
3135:             1             32  org.springframework.boot.autoconfigure.data.redis.RedisRepositoriesAutoConfiguration$$EnhancerBySpringCGLIB$$393e3245
3136:             1             32  org.springframework.boot.autoconfigure.data.web.SpringDataWebAutoConfiguration$$EnhancerBySpringCGLIB$$a00fd2b2
3137:             2             32  org.springframework.boot.autoconfigure.domain.EntityScanPackages
3138:             1             32  org.springframework.boot.autoconfigure.gson.GsonAutoConfiguration$$EnhancerBySpringCGLIB$$f334301b
3139:             1             32  org.springframework.boot.autoconfigure.jackson.JacksonAutoConfiguration$$EnhancerBySpringCGLIB$$f21839b1
3140:             1             32  org.springframework.boot.autoconfigure.jackson.JacksonAutoConfiguration$Jackson2ObjectMapperBuilderCustomizerConfiguration$$EnhancerBySpringCGLIB$$7d70442a
3141:             1             32  org.springframework.boot.autoconfigure.jackson.JacksonAutoConfiguration$JacksonObjectMapperConfiguration$$EnhancerBySpringCGLIB$$100c9c22
3142:             1             32  org.springframework.boot.autoconfigure.ldap.LdapProperties
3143:             2             32  org.springframework.boot.autoconfigure.logging.AutoConfigurationReportLoggingInitializer$AutoConfigurationReportListener
3144:             1             32  org.springframework.boot.autoconfigure.transaction.TransactionAutoConfiguration$$EnhancerBySpringCGLIB$$48ed179b
3145:             1             32  org.springframework.boot.autoconfigure.validation.ValidationAutoConfiguration$$EnhancerBySpringCGLIB$$2578ad1b
3146:             1             32  org.springframework.boot.autoconfigure.web.DefaultErrorViewResolver
3147:             1             32  org.springframework.boot.autoconfigure.web.DispatcherServletAutoConfiguration$$EnhancerBySpringCGLIB$$a9ed5ee5
3148:             1             32  org.springframework.boot.autoconfigure.web.EmbeddedServletContainerAutoConfiguration$$EnhancerBySpringCGLIB$$20e5ecd1
3149:             1             32  org.springframework.boot.autoconfigure.web.EmbeddedServletContainerAutoConfiguration$EmbeddedTomcat$$EnhancerBySpringCGLIB$$67fc5fad
3150:             1             32  org.springframework.boot.autoconfigure.web.GsonHttpMessageConvertersConfiguration$$EnhancerBySpringCGLIB$$8fae85cb
3151:             1             32  org.springframework.boot.autoconfigure.web.HttpEncodingProperties
3152:             1             32  org.springframework.boot.autoconfigure.web.JacksonHttpMessageConvertersConfiguration$$EnhancerBySpringCGLIB$$22a30807
3153:             1             32  org.springframework.boot.autoconfigure.web.JacksonHttpMessageConvertersConfiguration$MappingJackson2HttpMessageConverterConfiguration$$EnhancerBySpringCGLIB$$8fb56f91
3154:             1             32  org.springframework.boot.autoconfigure.web.MultipartProperties
3155:             1             32  org.springframework.boot.autoconfigure.web.NonRecursivePropertyPlaceholderHelper
3156:             1             32  org.springframework.boot.autoconfigure.web.ResourceProperties
3157:             1             32  org.springframework.boot.autoconfigure.web.ServerProperties$Session
3158:             1             32  org.springframework.boot.autoconfigure.web.ServerPropertiesAutoConfiguration$$EnhancerBySpringCGLIB$$6ace9861
3159:             1             32  org.springframework.boot.autoconfigure.web.WebClientAutoConfiguration$$EnhancerBySpringCGLIB$$c5184144
3160:             1             32  org.springframework.boot.autoconfigure.web.WebMvcAutoConfiguration$$EnhancerBySpringCGLIB$$23b605d1
3161:             1             32  org.springframework.boot.autoconfigure.websocket.WebSocketAutoConfiguration$$EnhancerBySpringCGLIB$$c729b0e9
3162:             1             32  org.springframework.boot.autoconfigure.websocket.WebSocketAutoConfiguration$TomcatWebSocketConfiguration$$EnhancerBySpringCGLIB$$e34b9cba
3163:             2             32  org.springframework.boot.context.ConfigurationWarningsApplicationContextInitializer$ComponentScanPackageCheck
3164:             2             32  org.springframework.boot.context.ConfigurationWarningsApplicationContextInitializer$ConfigurationWarningsPostProcessor
3165:             2             32  org.springframework.boot.context.FileEncodingApplicationListener
3166:             2             32  org.springframework.boot.context.config.AnsiOutputApplicationListener
3167:             1             32  org.springframework.boot.context.embedded.Compression
3168:             1             32  org.springframework.boot.context.embedded.EmbeddedServletContainerInitializedEvent
3169:             2             32  org.springframework.boot.context.embedded.MimeMappings
3170:             2             32  org.springframework.boot.context.embedded.ServerPortInfoApplicationContextInitializer
3171:             2             32  org.springframework.boot.context.embedded.ServerPortInfoApplicationContextInitializer$1
3172:             1             32  org.springframework.boot.context.embedded.tomcat.SkipPatternJarScanner
3173:             1             32  org.springframework.boot.context.embedded.tomcat.TomcatEmbeddedServletContainer
3174:             1             32  org.springframework.boot.context.event.ApplicationPreparedEvent
3175:             2             32  org.springframework.boot.context.properties.ConfigurationPropertiesBindingPostProcessor$FlatPropertySources
3176:             1             32  org.springframework.boot.devtools.autoconfigure.LocalDevToolsAutoConfiguration$$EnhancerBySpringCGLIB$$fb81a5d6
3177:             1             32  org.springframework.boot.devtools.classpath.ClassPathFileSystemWatcher
3178:             2             32  org.springframework.boot.devtools.restart.RestartApplicationListener
3179:             2             32  org.springframework.boot.devtools.restart.RestartScopeInitializer$RestartScope
3180:             2             32  org.springframework.boot.devtools.restart.classloader.ClassLoaderFiles
3181:             2             32  org.springframework.boot.liquibase.LiquibaseServiceLocatorApplicationListener
3182:             2             32  org.springframework.boot.logging.ClasspathLoggingApplicationListener
3183:             2             32  org.springframework.boot.logging.logback.LogbackLoggingSystem
3184:             1             32  org.springframework.boot.logging.logback.LogbackLoggingSystem$1
3185:             1             32  org.springframework.boot.logging.logback.SpringPropertyAction
3186:             2             32  org.springframework.cglib.core.AbstractClassGenerator$ClassLoaderData$1
3187:             2             32  org.springframework.cglib.core.AbstractClassGenerator$ClassLoaderData$3
3188:             1             32  org.springframework.cglib.core.ClassNameReader$EarlyExitException
3189:             2             32  org.springframework.cglib.proxy.DispatcherGenerator
3190:             1             32  org.springframework.cloud.autoconfigure.LifecycleMvcEndpointAutoConfiguration$$EnhancerBySpringCGLIB$$65198b01
3191:             1             32  org.springframework.cloud.autoconfigure.RefreshAutoConfiguration$$EnhancerBySpringCGLIB$$719fe039
3192:             1             32  org.springframework.cloud.autoconfigure.RefreshEndpointAutoConfiguration$$EnhancerBySpringCGLIB$$79f22184
3193:             1             32  org.springframework.cloud.autoconfigure.RefreshEndpointAutoConfiguration$RefreshEndpointConfiguration$$EnhancerBySpringCGLIB$$3cc4b3f2
3194:             2             32  org.springframework.cloud.bootstrap.BootstrapApplicationListener
3195:             1             32  org.springframework.cloud.bootstrap.BootstrapApplicationListener$ExtendedDefaultPropertySource
3196:             2             32  org.springframework.cloud.bootstrap.LoggingSystemShutdownListener
3197:             1             32  org.springframework.cloud.bootstrap.encrypt.KeyProperties
3198:             1             32  org.springframework.cloud.bootstrap.encrypt.KeyProperties$KeyStore
3199:             1             32  org.springframework.cloud.client.CommonsClientAutoConfiguration$$EnhancerBySpringCGLIB$$d40fff8d
3200:             1             32  org.springframework.cloud.client.CommonsClientAutoConfiguration$DiscoveryLoadBalancerConfiguration$$EnhancerBySpringCGLIB$$38bfae6d
3201:             1             32  org.springframework.cloud.client.discovery.composite.CompositeDiscoveryClientAutoConfiguration$$EnhancerBySpringCGLIB$$fd694a21
3202:             1             32  org.springframework.cloud.client.discovery.health.DiscoveryClientHealthIndicator
3203:             2             32  org.springframework.cloud.client.discovery.health.DiscoveryCompositeHealthIndicator$Holder
3204:             1             32  org.springframework.cloud.client.loadbalancer.AsyncLoadBalancerAutoConfiguration$$EnhancerBySpringCGLIB$$c2d21b74
3205:             1             32  org.springframework.cloud.client.loadbalancer.AsyncLoadBalancerAutoConfiguration$LoadBalancerInterceptorConfig$$EnhancerBySpringCGLIB$$ca36cc1b
3206:             1             32  org.springframework.cloud.client.loadbalancer.LoadBalancerAutoConfiguration$RetryAutoConfiguration$$EnhancerBySpringCGLIB$$be4863fd
3207:             1             32  org.springframework.cloud.client.loadbalancer.LoadBalancerAutoConfiguration$RetryInterceptorAutoConfiguration$$EnhancerBySpringCGLIB$$c4427778
3208:             1             32  org.springframework.cloud.client.serviceregistry.AutoServiceRegistrationConfiguration$$EnhancerBySpringCGLIB$$cb5c4a0c
3209:             1             32  org.springframework.cloud.client.serviceregistry.ServiceRegistryAutoConfiguration$$EnhancerBySpringCGLIB$$db59a98a
3210:             1             32  org.springframework.cloud.commons.httpclient.HttpClientConfiguration$$EnhancerBySpringCGLIB$$d2e406e4
3211:             1             32  org.springframework.cloud.commons.httpclient.HttpClientConfiguration$ApacheHttpClientConfiguration$$EnhancerBySpringCGLIB$$9d7001d5
3212:             1             32  org.springframework.cloud.commons.httpclient.HttpClientConfiguration$OkHttpClientConfiguration$$EnhancerBySpringCGLIB$$d1341ac7
3213:             2             32  org.springframework.cloud.commons.util.InetUtils$1
3214:             1             32  org.springframework.cloud.commons.util.UtilAutoConfiguration$$EnhancerBySpringCGLIB$$7c26e615
3215:             1             32  org.springframework.cloud.config.client.ConfigClientAutoConfiguration$$EnhancerBySpringCGLIB$$7e619df9
3216:             1             32  org.springframework.cloud.config.client.ConfigClientAutoConfiguration$ConfigServerHealthIndicatorConfiguration$$EnhancerBySpringCGLIB$$a7a61b7f
3217:             1             32  org.springframework.cloud.netflix.archaius.ArchaiusAutoConfiguration$ArchaiusEndpointConfiguration$$EnhancerBySpringCGLIB$$eeeff8ec
3218:             1             32  org.springframework.cloud.netflix.archaius.ArchaiusEndpoint
3219:             1             32  org.springframework.cloud.netflix.eureka.EurekaClientAutoConfiguration$EurekaHealthIndicatorConfiguration$$EnhancerBySpringCGLIB$$39ff174c
3220:             1             32  org.springframework.cloud.netflix.eureka.EurekaDiscoveryClientConfiguration$$EnhancerBySpringCGLIB$$d20b0a43
3221:             1             32  org.springframework.cloud.netflix.eureka.config.DiscoveryClientOptionalArgsConfiguration$$EnhancerBySpringCGLIB$$79998ae7
3222:             1             32  org.springframework.cloud.netflix.eureka.serviceregistry.EurekaRegistration
3223:             1             32  org.springframework.cloud.netflix.feign.FeignAutoConfiguration$HystrixFeignTargeterConfiguration$$EnhancerBySpringCGLIB$$df563dd7
3224:             1             32  org.springframework.cloud.netflix.feign.ribbon.CachingSpringLoadBalancerFactory
3225:             1             32  org.springframework.cloud.netflix.feign.ribbon.DefaultFeignLoadBalancedConfiguration$$EnhancerBySpringCGLIB$$e2d4d1af
3226:             1             32  org.springframework.cloud.netflix.feign.ribbon.FeignRibbonClientAutoConfiguration$$EnhancerBySpringCGLIB$$66b77c8a
3227:             1             32  org.springframework.cloud.netflix.feign.ribbon.OkHttpFeignLoadBalancedConfiguration$$EnhancerBySpringCGLIB$$f55efaf0
3228:             1             32  org.springframework.cloud.netflix.hystrix.HystrixAutoConfiguration$$EnhancerBySpringCGLIB$$63e77e29
3229:             1             32  org.springframework.cloud.netflix.metrics.MetricsHandlerInterceptor
3230:             1             32  org.springframework.cloud.netflix.metrics.MetricsInterceptorConfiguration$$EnhancerBySpringCGLIB$$a613eec3
3231:             1             32  org.springframework.cloud.netflix.metrics.MetricsInterceptorConfiguration$MetricsRestTemplateAspectConfiguration$$EnhancerBySpringCGLIB$$e5b5a1da
3232:             1             32  org.springframework.cloud.netflix.metrics.MetricsInterceptorConfiguration$MetricsWebResourceConfiguration$$EnhancerBySpringCGLIB$$7dd0f1d6
3233:             1             32  org.springframework.cloud.netflix.metrics.servo.ServoMetricsAutoConfiguration$$EnhancerBySpringCGLIB$$aafa2b37
3234:             1             32  org.springframework.cloud.netflix.metrics.servo.ServoMetricsAutoConfiguration$MetricsTagConfiguration$$EnhancerBySpringCGLIB$$97a4ba32
3235:             1             32  org.springframework.cloud.netflix.ribbon.eureka.RibbonEurekaAutoConfiguration$$EnhancerBySpringCGLIB$$87836935
3236:             1             32  org.springframework.cloud.netflix.rx.RxJavaAutoConfiguration$$EnhancerBySpringCGLIB$$831f7329
3237:             1             32  org.springframework.cloud.netflix.rx.RxJavaAutoConfiguration$RxJavaReturnValueHandlerConfig$$EnhancerBySpringCGLIB$$12417fba
3238:             1             32  org.springframework.cloud.sleuth.TraceKeys
3239:             1             32  org.springframework.cloud.sleuth.TraceKeys$Async
3240:             1             32  org.springframework.cloud.sleuth.TraceKeys$Hystrix
3241:             1             32  org.springframework.cloud.sleuth.annotation.SleuthAdvisorConfig
3242:             1             32  org.springframework.cloud.sleuth.annotation.SleuthAnnotationAutoConfiguration$$EnhancerBySpringCGLIB$$b6de62c3
3243:             1             32  org.springframework.cloud.sleuth.annotation.SleuthInterceptor
3244:             1             32  org.springframework.cloud.sleuth.instrument.async.TraceAsyncAspect
3245:             1             32  org.springframework.cloud.sleuth.instrument.hystrix.SleuthHystrixAutoConfiguration$$EnhancerBySpringCGLIB$$ffa93340
3246:             1             32  org.springframework.cloud.sleuth.instrument.messaging.TraceSpanMessagingAutoConfiguration$$EnhancerBySpringCGLIB$$544b79c8
3247:             1             32  org.springframework.cloud.sleuth.instrument.rxjava.RxJavaAutoConfiguration$$EnhancerBySpringCGLIB$$a432bf25
3248:             1             32  org.springframework.cloud.sleuth.instrument.rxjava.SleuthRxJavaSchedulersHook
3249:             1             32  org.springframework.cloud.sleuth.instrument.scheduling.TraceSchedulingAutoConfiguration$$EnhancerBySpringCGLIB$$bd9f70e8
3250:             1             32  org.springframework.cloud.sleuth.instrument.web.TraceHandlerInterceptor
3251:             1             32  org.springframework.cloud.sleuth.instrument.web.TraceHttpAutoConfiguration$$EnhancerBySpringCGLIB$$9af725e0
3252:             1             32  org.springframework.cloud.sleuth.instrument.web.TraceWebAspect
3253:             1             32  org.springframework.cloud.sleuth.instrument.web.TraceWebAutoConfiguration$$EnhancerBySpringCGLIB$$b1be9b5e
3254:             1             32  org.springframework.cloud.sleuth.instrument.web.TraceWebAutoConfiguration$SkipPatternProviderConfig$$EnhancerBySpringCGLIB$$348b599e
3255:             1             32  org.springframework.cloud.sleuth.instrument.web.TraceWebAutoConfiguration$TraceWebMvcAutoConfiguration$$EnhancerBySpringCGLIB$$fd89950e
3256:             2             32  org.springframework.cloud.sleuth.instrument.web.ZipkinHttpSpanMapper
3257:             2             32  org.springframework.cloud.sleuth.instrument.web.client.$Proxy127
3258:             1             32  org.springframework.cloud.sleuth.instrument.web.client.TraceAsyncClientHttpRequestFactoryWrapper
3259:             1             32  org.springframework.cloud.sleuth.instrument.web.client.TraceRestTemplateInterceptor
3260:             1             32  org.springframework.cloud.sleuth.instrument.web.client.TraceWebClientAutoConfiguration$$EnhancerBySpringCGLIB$$610be810
3261:             1             32  org.springframework.cloud.sleuth.instrument.web.client.feign.TraceFeignClientAutoConfiguration$$EnhancerBySpringCGLIB$$ea6c9496
3262:             1             32  org.springframework.cloud.sleuth.instrument.web.client.feign.TraceFeignClientAutoConfiguration$FeignBeanPostProcessorConfiguration$$EnhancerBySpringCGLIB$$f40af557
3263:             1             32  org.springframework.cloud.sleuth.instrument.web.client.feign.TraceFeignClientAutoConfiguration$OkHttpClientFeignBeanPostProcessorConfiguration$$EnhancerBySpringCGLIB$$44b5d088
3264:             1             32  org.springframework.cloud.sleuth.log.SleuthLogAutoConfiguration$$EnhancerBySpringCGLIB$$6753cd1
3265:             1             32  org.springframework.cloud.sleuth.log.SleuthLogAutoConfiguration$Slf4jConfiguration$$EnhancerBySpringCGLIB$$3ae14372
3266:             1             32  org.springframework.cloud.sleuth.metric.TraceMetricsAutoConfiguration$$EnhancerBySpringCGLIB$$db032872
3267:             1             32  org.springframework.cloud.sleuth.metric.TraceMetricsAutoConfiguration$CounterServiceSpanReporterConfig$$EnhancerBySpringCGLIB$$66a4f4e4
3268:             1             32  org.springframework.cloud.sleuth.zipkin2.ZipkinAutoConfiguration$RefreshScopedPercentageBasedSamplerConfiguration$$EnhancerBySpringCGLIB$$5c8d6d7a
3269:             1             32  org.springframework.cloud.sleuth.zipkin2.ZipkinSpanReporter
3270:             2             32  org.springframework.cloud.sleuth.zipkin2.sender.ZipkinSenderCondition
3271:             1             32  org.springframework.cloud.starter.eureka.EurekaStarterDeprecationWarningAutoConfiguration$$EnhancerBySpringCGLIB$$fe8b5fb5
3272:             2             32  org.springframework.core.annotation.AnnotationAwareOrderComparator
3273:             2             32  org.springframework.core.convert.support.GenericConversionService$NoOpConverter
3274:             2             32  org.springframework.data.mapping.model.SimpleTypeHolder
3275:             2             32  org.springframework.data.redis.connection.convert.SetConverter
3276:             2             32  org.springframework.data.redis.core.convert.BinaryConverters$StringToBytesConverter
3277:             1             32  org.springframework.data.redis.core.convert.PathIndexResolver
3278:             1             32  org.springframework.data.redis.core.mapping.RedisMappingContext$ConfigAwareTimeToLiveAccessor
3279:             1             32  org.springframework.data.repository.support.DomainClassConverter
3280:             1             32  org.springframework.data.web.ProxyingHandlerMethodArgumentResolver
3281:             1             32  org.springframework.expression.spel.ast.NullLiteral
3282:             2             32  org.springframework.http.client.support.InterceptingHttpAccessor$$FastClassBySpringCGLIB$$658e4db2
3283:             2             32  org.springframework.objenesis.strategy.StdInstantiatorStrategy
3284:             1             32  org.springframework.scheduling.annotation.SchedulingConfiguration$$EnhancerBySpringCGLIB$$55c7d30c
3285:             1             32  org.springframework.scheduling.concurrent.ConcurrentTaskScheduler
3286:             1             32  org.springframework.util.backoff.FixedBackOff
3287:             2             32  org.springframework.web.client.RestTemplate$$EnhancerBySpringCGLIB$$1e464389$$FastClassBySpringCGLIB$$c18f61ff
3288:             2             32  org.springframework.web.context.request.SessionScope
3289:             1             32  org.springframework.web.context.support.StandardServletEnvironment
3290:             2             32  org.springframework.web.method.annotation.RequestParamMapMethodArgumentResolver
3291:             1             32  org.springframework.web.servlet.config.annotation.PathMatchConfigurer
3292:             2             32  org.springframework.web.servlet.mvc.method.annotation.JsonViewResponseBodyAdvice
3293:             2             32  org.springframework.web.servlet.mvc.method.annotation.MatrixVariableMapMethodArgumentResolver
3294:             2             32  org.springframework.web.servlet.mvc.method.annotation.ModelAndViewMethodReturnValueHandler
3295:             2             32  org.springframework.web.servlet.mvc.method.annotation.PathVariableMapMethodArgumentResolver
3296:             2             32  org.springframework.web.servlet.mvc.method.annotation.RedirectAttributesMethodArgumentResolver
3297:             1             32  org.springframework.web.servlet.mvc.method.annotation.RequestPartMethodArgumentResolver
3298:             1             32  org.springframework.web.servlet.mvc.method.annotation.ServletCookieValueMethodArgumentResolver
3299:             2             32  org.springframework.web.servlet.mvc.method.annotation.ViewMethodReturnValueHandler
3300:             2             32  org.springframework.web.servlet.mvc.method.annotation.ViewNameMethodReturnValueHandler
3301:             1             32  org.springframework.web.servlet.resource.ResourceUrlProvider
3302:             2             32  org.springframework.web.servlet.resource.ResourceUrlProviderExposingInterceptor
3303:             1             32  org.springframework.web.servlet.view.BeanNameViewResolver
3304:             1             32  redis.clients.jedis.Jedis
3305:             1             32  redis.clients.util.RedisInputStream
3306:             1             32  rx.plugins.RxJavaPlugins
3307:             1             32  springfox.documentation.schema.DefaultModelProvider
3308:             1             32  springfox.documentation.schema.configuration.ModelsConfiguration$$EnhancerBySpringCGLIB$$513a8edd
3309:             1             32  springfox.documentation.service.ResourceListing
3310:             1             32  springfox.documentation.spring.web.SpringfoxWebMvcConfiguration$$EnhancerBySpringCGLIB$$bededb7f
3311:             1             32  springfox.documentation.swagger.configuration.SwaggerCommonConfiguration$$EnhancerBySpringCGLIB$$879b21f3
3312:             1             32  springfox.documentation.swagger.web.InMemorySwaggerResourcesProvider
3313:             1             32  springfox.documentation.swagger2.configuration.Swagger2DocumentationConfiguration$$EnhancerBySpringCGLIB$$b2289578
3314:             1             32  springfox.documentation.swagger2.mappers.ServiceModelToSwagger2MapperImpl
3315:             1             32  springfox.documentation.swagger2.web.Swagger2Controller
3316:             1             32  sun.management.MemoryImpl
3317:             2             32  sun.net.www.protocol.file.Handler
3318:             1             32  sun.nio.ch.ServerSocketAdaptor
3319:             2             32  sun.nio.ch.SocketDispatcher
3320:             1             32  sun.nio.cs.StandardCharsets
3321:             1             32  sun.nio.fs.WindowsFileSystem
3322:             1             32  sun.reflect.annotation.AnnotatedTypeFactory$AnnotatedTypeBaseImpl
3323:             1             32  sun.security.provider.PolicyFile
3324:             1             32  sun.security.provider.PolicyFile$PolicyInfo
3325:             2             32  sun.security.ssl.EphemeralKeyManager
3326:             2             32  sun.security.ssl.SSLSocketFactoryImpl
3327:             2             32  sun.security.util.DisabledAlgorithmConstraints$KeySizeConstraints
3328:             1             32  sun.security.x509.IssuerAlternativeNameExtension
3329:             2             32  sun.text.normalizer.CharTrie$FriendAgent
3330:             1             24  [Lch.qos.logback.core.joran.spi.ConsoleTarget;
3331:             1             24  [Lch.qos.logback.core.subst.Node$Type;
3332:             1             24  [Lcom.fasterxml.jackson.databind.deser.KeyDeserializers;
3333:             1             24  [Lcom.google.common.base.Functions$IdentityFunction;
3334:             1             24  [Lcom.google.common.cache.CacheBuilder$NullListener;
3335:             1             24  [Lcom.google.common.cache.CacheBuilder$OneWeigher;
3336:             1             24  [Lcom.google.common.cache.LocalCache$NullEntry;
3337:             1             24  [Lcom.google.common.collect.GenericMapMaker$NullListener;
3338:             1             24  [Lcom.google.common.collect.Interners$WeakInterner$Dummy;
3339:             1             24  [Lcom.google.common.collect.Maps$EntryFunction;
3340:             1             24  [Lcom.google.gson.LongSerializationPolicy;
3341:             1             24  [Lcom.google.inject.Key$NullAnnotationStrategy;
3342:             1             24  [Lcom.google.inject.internal.BytecodeGen$Visibility;
3343:             1             24  [Lcom.google.inject.internal.InternalFlags$CustomClassLoadingOption;
3344:             1             24  [Lcom.netflix.appinfo.InstanceInfo$PortType;
3345:             1             24  [Lcom.netflix.servo.util.ClockWithOffset;
3346:             1             24  [Lcom.sun.org.apache.xerces.internal.utils.XMLSecurityPropertyManager$Property;
3347:             1             24  [Lio.swagger.annotations.AuthorizationScope;
3348:             1             24  [Lio.swagger.annotations.Extension;
3349:             1             24  [Lio.swagger.annotations.ExtensionProperty;
3350:             1             24  [Lio.swagger.annotations.ResponseHeader;
3351:             1             24  [Ljava.io.File$PathStatus;
3352:             1             24  [Ljava.lang.ClassValue$Entry;
3353:             1             24  [Ljava.net.InetAddress$Cache$Type;
3354:             1             24  [Ljava.net.StandardProtocolFamily;
3355:             1             24  [Ljava.time.temporal.IsoFields$Unit;
3356:             1             24  [Ljava.util.Locale$Category;
3357:             1             24  [Ljava.util.concurrent.ConcurrentHashMap$CounterCell;
3358:             1             24  [Ljavax.validation.constraintvalidation.ValidationTarget;
3359:             1             24  [Ljavax.validation.metadata.MethodType;
3360:             1             24  [Lokhttp3.ConnectionSpec;
3361:             1             24  [Lorg.apache.catalina.Service;
3362:             1             24  [Lorg.apache.catalina.connector.Connector;
3363:             1             24  [Lorg.apache.catalina.mapper.Mapper$ContextVersion;
3364:             1             24  [Lorg.apache.catalina.mapper.Mapper$MappedContext;
3365:             1             24  [Lorg.apache.catalina.mapper.Mapper$MappedHost;
3366:             1             24  [Lorg.apache.http.HttpResponseInterceptor;
3367:             1             24  [Lorg.apache.http.conn.routing.RouteInfo$LayerType;
3368:             1             24  [Lorg.apache.http.conn.routing.RouteInfo$TunnelType;
3369:             1             24  [Lorg.apache.http.impl.cookie.BrowserCompatSpecFactory$SecurityLevel;
3370:             1             24  [Lorg.apache.tomcat.util.IntrospectionUtils$PropertySource;
3371:             1             24  [Lorg.apache.tomcat.util.net.AbstractEndpoint$Acceptor;
3372:             1             24  [Lorg.apache.tomcat.util.net.NioEndpoint$Poller;
3373:             1             24  [Lorg.hibernate.validator.internal.metadata.core.ConstraintOrigin;
3374:             1             24  [Lorg.hibernate.validator.internal.metadata.descriptor.ConstraintDescriptorImpl$ConstraintType;
3375:             1             24  [Lorg.springframework.amqp.rabbit.connection.CachingConnectionFactory$CacheMode;
3376:             1             24  [Lorg.springframework.amqp.support.converter.Jackson2JavaTypeMapper$TypePrecedence;
3377:             1             24  [Lorg.springframework.boot.actuate.info.InfoPropertiesInfoContributor$Mode;
3378:             1             24  [Lorg.springframework.boot.autoconfigure.condition.ConditionMessage$Style;
3379:             1             24  [Lorg.springframework.boot.autoconfigure.condition.OnClassCondition$MatchType;
3380:             1             24  [Lorg.springframework.boot.autoconfigure.web.HttpEncodingProperties$Type;
3381:             1             24  [Lorg.springframework.boot.autoconfigure.web.WebMvcProperties$LocaleResolver;
3382:             1             24  [Lorg.springframework.boot.cloud.CloudPlatform;
3383:             1             24  [Lorg.springframework.boot.yaml.SpringProfileDocumentMatcher$ProfileType;
3384:             1             24  [Lorg.springframework.context.annotation.ConfigurationCondition$ConfigurationPhase;
3385:             1             24  [Lorg.springframework.core.ResolvableType$WildcardBounds$Kind;
3386:             1             24  [Lorg.springframework.data.geo.format.DistanceFormatter;
3387:             1             24  [Lorg.springframework.data.geo.format.PointFormatter;
3388:             1             24  [Lorg.springframework.data.keyvalue.core.DefaultIdentifierGenerator;
3389:             1             24  [Lorg.springframework.data.projection.ProxyProjectionFactory$MapAccessingMethodInterceptorFactory;
3390:             1             24  [Lorg.springframework.data.projection.ProxyProjectionFactory$PropertyAccessingMethodInvokerFactory;
3391:             1             24  [Lorg.springframework.data.redis.connection.convert.MapToPropertiesConverter;
3392:             1             24  [Lorg.springframework.data.redis.core.convert.MappingRedisConverter$NaturalOrderingKeyComparator;
3393:             1             24  [Lorg.springframework.data.repository.support.Repositories$EmptyRepositoryFactoryInformation;
3394:             1             24  [Lorg.springframework.security.rsa.crypto.RsaAlgorithm;
3395:             1             24  [Lorg.springframework.util.ConcurrentReferenceHashMap$ReferenceType;
3396:             1             24  [Lorg.springframework.util.ConcurrentReferenceHashMap$Restructure;
3397:             1             24  [Lorg.springframework.validation.DefaultMessageCodesResolver$Format;
3398:             1             24  [Lsun.launcher.LauncherHelper;
3399:             1             24  [Lsun.misc.JavaSecurityProtectionDomainAccess$ProtectionDomainCache;
3400:             1             24  [Lzipkin2.codec.Encoding;
3401:             1             24  [Lzipkin2.codec.SpanBytesEncoder;
3402:             1             24  [Lzipkin2.reporter.BytesMessageEncoder;
3403:             1             24  ch.qos.logback.classic.joran.action.ConsolePluginAction
3404:             1             24  ch.qos.logback.classic.joran.action.ContextNameAction
3405:             1             24  ch.qos.logback.classic.joran.action.InsertFromJNDIAction
3406:             1             24  ch.qos.logback.classic.joran.action.JMXConfiguratorAction
3407:             1             24  ch.qos.logback.classic.spi.TurboFilterList
3408:             1             24  ch.qos.logback.classic.util.ContextSelectorStaticBinder
3409:             1             24  ch.qos.logback.classic.util.LogbackMDCAdapter
3410:             1             24  ch.qos.logback.core.joran.action.ContextPropertyAction
3411:             1             24  ch.qos.logback.core.joran.spi.CAI_WithLocatorSupport
3412:             1             24  ch.qos.logback.core.joran.spi.EventPlayer
3413:             1             24  ch.qos.logback.core.joran.util.beans.BeanDescriptionFactory
3414:             1             24  ch.qos.logback.core.rolling.helper.RenameUtil
3415:             1             24  com.alibaba.fastjson.serializer.ASMSerializerFactory
3416:             1             24  com.fasterxml.classmate.AnnotationConfiguration$StdConfiguration
3417:             1             24  com.fasterxml.jackson.annotation.JsonFormat$Features
3418:             1             24  com.fasterxml.jackson.annotation.JsonIgnoreProperties$Value
3419:             1             24  com.fasterxml.jackson.core.io.JsonStringEncoder
3420:             1             24  com.fasterxml.jackson.databind.cfg.ContextAttributes$Impl
3421:             1             24  com.fasterxml.jackson.databind.deser.impl.FailingDeserializer
3422:             1             24  com.fasterxml.jackson.databind.deser.impl.TypeWrappedDeserializer
3423:             1             24  com.fasterxml.jackson.databind.deser.std.StringArrayDeserializer
3424:             1             24  com.fasterxml.jackson.databind.introspect.JacksonAnnotationIntrospector
3425:             1             24  com.fasterxml.jackson.databind.jsontype.impl.AsPropertyTypeSerializer
3426:             1             24  com.fasterxml.jackson.databind.ser.impl.FailingSerializer
3427:             1             24  com.fasterxml.jackson.databind.ser.impl.TypeWrappedSerializer
3428:             1             24  com.fasterxml.jackson.databind.ser.std.CalendarSerializer
3429:             1             24  com.fasterxml.jackson.databind.ser.std.DateSerializer
3430:             1             24  com.fasterxml.jackson.databind.ser.std.StdKeySerializers$Dynamic
3431:             1             24  com.github.tobato.fastdfs.conn.TrackerConnectionManager
3432:             1             24  com.github.tobato.fastdfs.domain.DefaultThumbImageConfig
3433:             1             24  com.github.tobato.fastdfs.service.DefaultAppendFileStorageClient
3434:             1             24  com.github.tobato.fastdfs.service.DefaultFastFileStorageClient
3435:             1             24  com.github.tobato.fastdfs.service.DefaultGenerateStorageClient
3436:             1             24  com.google.common.base.CharMatcher$Or
3437:             1             24  com.google.common.base.Functions$IdentityFunction
3438:             1             24  com.google.common.base.Joiner$1
3439:             1             24  com.google.common.base.Predicates$ObjectPredicate$1
3440:             1             24  com.google.common.base.Predicates$ObjectPredicate$2
3441:             1             24  com.google.common.base.Predicates$ObjectPredicate$3
3442:             1             24  com.google.common.base.Predicates$ObjectPredicate$4
3443:             1             24  com.google.common.cache.CacheBuilder$NullListener
3444:             1             24  com.google.common.cache.CacheBuilder$OneWeigher
3445:             1             24  com.google.common.cache.LocalCache$EntryFactory$1
3446:             1             24  com.google.common.cache.LocalCache$EntryFactory$2
3447:             1             24  com.google.common.cache.LocalCache$EntryFactory$3
3448:             1             24  com.google.common.cache.LocalCache$EntryFactory$4
3449:             1             24  com.google.common.cache.LocalCache$EntryFactory$5
3450:             1             24  com.google.common.cache.LocalCache$EntryFactory$6
3451:             1             24  com.google.common.cache.LocalCache$EntryFactory$7
3452:             1             24  com.google.common.cache.LocalCache$EntryFactory$8
3453:             1             24  com.google.common.cache.LocalCache$NullEntry
3454:             1             24  com.google.common.cache.LocalCache$Strength$1
3455:             1             24  com.google.common.cache.LocalCache$Strength$2
3456:             1             24  com.google.common.cache.LocalCache$Strength$3
3457:             1             24  com.google.common.collect.EmptyImmutableSortedSet
3458:             1             24  com.google.common.collect.GenericMapMaker$NullListener
3459:             1             24  com.google.common.collect.Interners$WeakInterner$Dummy
3460:             1             24  com.google.common.collect.LinkedListMultimap$4
3461:             1             24  com.google.common.collect.MapMakerInternalMap$EntryFactory$1
3462:             1             24  com.google.common.collect.MapMakerInternalMap$EntryFactory$2
3463:             1             24  com.google.common.collect.MapMakerInternalMap$EntryFactory$3
3464:             1             24  com.google.common.collect.MapMakerInternalMap$EntryFactory$4
3465:             1             24  com.google.common.collect.MapMakerInternalMap$EntryFactory$5
3466:             1             24  com.google.common.collect.MapMakerInternalMap$EntryFactory$6
3467:             1             24  com.google.common.collect.MapMakerInternalMap$EntryFactory$7
3468:             1             24  com.google.common.collect.MapMakerInternalMap$EntryFactory$8
3469:             1             24  com.google.common.collect.MapMakerInternalMap$Strength$1
3470:             1             24  com.google.common.collect.MapMakerInternalMap$Strength$2
3471:             1             24  com.google.common.collect.MapMakerInternalMap$Strength$3
3472:             1             24  com.google.common.collect.Maps$EntryFunction$1
3473:             1             24  com.google.common.collect.Maps$EntryFunction$2
3474:             1             24  com.google.gson.FieldNamingPolicy$1
3475:             1             24  com.google.gson.FieldNamingPolicy$2
3476:             1             24  com.google.gson.FieldNamingPolicy$3
3477:             1             24  com.google.gson.FieldNamingPolicy$4
3478:             1             24  com.google.gson.FieldNamingPolicy$5
3479:             1             24  com.google.gson.LongSerializationPolicy$1
3480:             1             24  com.google.gson.LongSerializationPolicy$2
3481:             1             24  com.google.gson.internal.bind.MapTypeAdapterFactory
3482:             1             24  com.google.gson.internal.bind.TypeAdapters$34
3483:             1             24  com.google.gson.reflect.TypeToken
3484:             1             24  com.google.inject.Key$NullAnnotationStrategy
3485:             1             24  com.google.inject.internal.BytecodeGen$Visibility$1
3486:             1             24  com.google.inject.internal.BytecodeGen$Visibility$2
3487:             1             24  com.google.inject.internal.ConstructorInjectorStore
3488:             1             24  com.google.inject.internal.ConstructorInjectorStore$1
3489:             1             24  com.google.inject.internal.InjectorImpl$InjectorOptions
3490:             1             24  com.google.inject.internal.MembersInjectorStore
3491:             1             24  com.google.inject.internal.MembersInjectorStore$1
3492:             1             24  com.google.inject.internal.ProvisionListenerCallbackStore
3493:             1             24  com.google.inject.internal.ProvisionListenerStackCallback
3494:             1             24  com.google.inject.internal.WeakKeySet
3495:             1             24  com.google.inject.internal.cglib.core.$EmitUtils$ArrayDelimiters
3496:             1             24  com.google.inject.internal.cglib.core.$MethodWrapper$MethodWrapperKey$$$KeyFactoryByCGLIB$$e23ecb5d
3497:             1             24  com.google.inject.internal.util.SourceProvider
3498:             1             24  com.netflix.appinfo.EurekaClientIdentity
3499:             1             24  com.netflix.config.ConfigurationBasedDeploymentContext
3500:             1             24  com.netflix.discovery.DiscoveryClient$1
3501:             1             24  com.netflix.discovery.DiscoveryManager
3502:             1             24  com.netflix.discovery.EurekaIdentityHeaderFilter
3503:             1             24  com.netflix.discovery.InstanceRegionChecker
3504:             1             24  com.netflix.discovery.shared.resolver.aws.ConfigClusterResolver
3505:             1             24  com.netflix.discovery.shared.resolver.aws.ZoneAffinityClusterResolver
3506:             1             24  com.netflix.discovery.shared.transport.decorator.MetricsCollectingEurekaHttpClient$2
3507:             1             24  com.netflix.discovery.shared.transport.jersey.EurekaJerseyClientImpl
3508:             1             24  com.netflix.discovery.shared.transport.jersey.Jersey1TransportClientFactories$2
3509:             1             24  com.netflix.discovery.util.ExceptionsMetric
3510:             1             24  com.netflix.discovery.util.StringCache
3511:             1             24  com.netflix.discovery.util.ThresholdLevelsMetric$NoOpThresholdLevelMetric
3512:             1             24  com.netflix.hystrix.strategy.metrics.HystrixMetricsPublisherFactory
3513:             1             24  com.rabbitmq.client.impl.HeartbeatSender$HeartbeatRunnable
3514:             1             24  com.rabbitmq.client.impl.SetQueue
3515:             1             24  com.rabbitmq.client.impl.VariableLinkedBlockingQueue$Node
3516:             1             24  com.rabbitmq.client.impl.Version
3517:             1             24  com.rabbitmq.utility.BlockingCell
3518:             1             24  com.sun.beans.util.Cache$Kind$1
3519:             1             24  com.sun.beans.util.Cache$Kind$2
3520:             1             24  com.sun.beans.util.Cache$Kind$3
3521:             1             24  com.sun.jersey.api.client.Client$2
3522:             1             24  com.sun.jersey.api.client.Client$3
3523:             1             24  com.sun.jersey.api.client.Client$4
3524:             1             24  com.sun.jersey.api.client.filter.GZIPContentEncodingFilter
3525:             1             24  com.sun.jersey.client.impl.CopyOnWriteHashMap
3526:             1             24  com.sun.jersey.core.impl.provider.entity.DocumentProvider
3527:             1             24  com.sun.jersey.core.impl.provider.entity.Inflector
3528:             1             24  com.sun.jersey.core.impl.provider.entity.SourceProvider$SourceWriter
3529:             1             24  com.sun.jersey.core.impl.provider.xml.DocumentBuilderFactoryProvider
3530:             1             24  com.sun.jersey.core.impl.provider.xml.SAXParserContextProvider
3531:             1             24  com.sun.jersey.core.impl.provider.xml.TransformerFactoryProvider
3532:             1             24  com.sun.jersey.core.impl.provider.xml.XMLStreamReaderContextProvider
3533:             1             24  com.sun.jersey.core.spi.component.ProviderFactory
3534:             1             24  com.sun.jersey.core.spi.factory.ContextResolverFactory
3535:             1             24  com.sun.jmx.mbeanserver.ClassLoaderRepositorySupport
3536:             1             24  com.sun.jmx.mbeanserver.MXBeanLookup
3537:             1             24  com.sun.jmx.remote.util.ClassLogger
3538:             1             24  com.sun.org.apache.xerces.internal.impl.Constants$ArrayEnumeration
3539:             1             24  com.sun.org.apache.xerces.internal.impl.XMLDocumentScannerImpl$ContentDriver
3540:             1             24  com.sun.org.apache.xerces.internal.impl.msg.XMLMessageFormatter
3541:             1             24  com.sun.org.apache.xerces.internal.impl.validation.ValidationManager
3542:             1             24  com.sun.org.apache.xerces.internal.parsers.AbstractSAXParser$LocatorProxy
3543:             1             24  com.sun.org.apache.xerces.internal.util.SymbolTable
3544:             1             24  com.sun.org.apache.xerces.internal.utils.XMLSecurityPropertyManager
3545:             1             24  com.sun.ws.rs.ext.RuntimeDelegateImpl
3546:             1             24  com.thoughtworks.xstream.converters.basic.DateConverter
3547:             1             24  com.thoughtworks.xstream.converters.basic.StringConverter
3548:             1             24  com.thoughtworks.xstream.converters.collections.CollectionConverter
3549:             1             24  com.thoughtworks.xstream.converters.collections.MapConverter
3550:             1             24  com.thoughtworks.xstream.converters.collections.SingletonCollectionConverter
3551:             1             24  com.thoughtworks.xstream.converters.collections.SingletonMapConverter
3552:             1             24  com.thoughtworks.xstream.converters.collections.TreeMapConverter
3553:             1             24  com.thoughtworks.xstream.converters.collections.TreeSetConverter
3554:             1             24  com.thoughtworks.xstream.converters.collections.TreeSetConverter$1
3555:             1             24  com.thoughtworks.xstream.converters.enums.EnumMapConverter
3556:             1             24  com.thoughtworks.xstream.converters.extended.DynamicProxyConverter
3557:             1             24  com.thoughtworks.xstream.converters.extended.FontConverter
3558:             1             24  com.thoughtworks.xstream.converters.extended.JavaFieldConverter
3559:             1             24  com.thoughtworks.xstream.converters.extended.ThrowableConverter
3560:             1             24  com.thoughtworks.xstream.converters.reflection.ExternalizableConverter
3561:             1             24  com.thoughtworks.xstream.converters.reflection.FieldDictionary
3562:             1             24  com.thoughtworks.xstream.converters.reflection.FieldDictionary$DictionaryEntry
3563:             1             24  com.thoughtworks.xstream.converters.reflection.SunUnsafeReflectionProvider
3564:             1             24  com.thoughtworks.xstream.core.DefaultConverterLookup
3565:             1             24  com.thoughtworks.xstream.core.util.PrioritizedList
3566:             1             24  com.thoughtworks.xstream.core.util.SelfStreamingInstanceChecker
3567:             1             24  com.thoughtworks.xstream.core.util.WeakCache
3568:             1             24  com.thoughtworks.xstream.io.xml.DomDriver
3569:             1             24  com.thoughtworks.xstream.mapper.AttributeAliasingMapper
3570:             1             24  com.thoughtworks.xstream.mapper.CachingMapper
3571:             1             24  com.thoughtworks.xstream.mapper.DefaultImplementationsMapper
3572:             1             24  com.thoughtworks.xstream.mapper.DynamicProxyMapper
3573:             1             24  com.thoughtworks.xstream.mapper.EnumMapper
3574:             1             24  com.thoughtworks.xstream.mapper.ImmutableTypesMapper
3575:             1             24  com.thoughtworks.xstream.mapper.ImplicitCollectionMapper
3576:             1             24  com.thoughtworks.xstream.mapper.LocalConversionMapper
3577:             1             24  com.thoughtworks.xstream.mapper.OuterClassMapper
3578:             1             24  com.thoughtworks.xstream.mapper.PackageAliasingMapper
3579:             1             24  com.thoughtworks.xstream.mapper.SecurityMapper
3580:             1             24  com.thoughtworks.xstream.mapper.SystemAttributeAliasingMapper
3581:             1             24  com.yintech.common.consumer.refresher.LoggerLevelRefresher
3582:             1             24  com.yintech.crm.web.aspect.LogAop
3583:             1             24  com.yintech.crm.web.config.CorsConfig$$EnhancerBySpringCGLIB$$93109300$$FastClassBySpringCGLIB$$c674ba82
3584:             1             24  com.yintech.crm.web.config.CorsConfig$$FastClassBySpringCGLIB$$d8b5cfca
3585:             1             24  com.yintech.crm.web.config.HttpSessionListener
3586:             1             24  com.yintech.crm.web.config.RequestContextListener
3587:             1             24  com.yintech.crm.web.config.Swagger2Config$$EnhancerBySpringCGLIB$$ed020ddb$$FastClassBySpringCGLIB$$6d0066a7
3588:             1             24  com.yintech.crm.web.config.Swagger2Config$$FastClassBySpringCGLIB$$2af9aa45
3589:             1             24  com.yintech.crm.web.controller.account.AccountActivenessController
3590:             1             24  com.yintech.crm.web.controller.account.AccountController
3591:             1             24  com.yintech.crm.web.controller.account.MultiAccountManageController
3592:             1             24  com.yintech.crm.web.controller.common.query.CommonQueryController
3593:             1             24  com.yintech.crm.web.controller.complaint.ComplaintLogsController
3594:             1             24  com.yintech.crm.web.controller.complaint.RiskReportController
3595:             1             24  com.yintech.crm.web.controller.complaint.RiskReportImportController
3596:             1             24  com.yintech.crm.web.controller.custFigure.CustLabelController
3597:             1             24  com.yintech.crm.web.controller.customer.CustomerContactController
3598:             1             24  com.yintech.crm.web.controller.customer.CustomerController
3599:             1             24  com.yintech.crm.web.controller.customer.CustomerDetailController
3600:             1             24  com.yintech.crm.web.controller.customer.CustomerGiftImportController
3601:             1             24  com.yintech.crm.web.controller.customer.CustomerListController
3602:             1             24  com.yintech.crm.web.controller.customer.CustomerStatusController
3603:             1             24  com.yintech.crm.web.controller.customer.FavoriteController
3604:             1             24  com.yintech.crm.web.controller.customer.GmgCustomerController
3605:             1             24  com.yintech.crm.web.controller.customer.ShareController
3606:             1             24  com.yintech.crm.web.controller.personnel.DepartMentController
3607:             1             24  com.yintech.crm.web.controller.personnel.GroupController
3608:             1             24  com.yintech.crm.web.controller.personnel.RegionController
3609:             1             24  com.yintech.crm.web.controller.resource.CustomerAssignHistoryController
3610:             1             24  com.yintech.crm.web.controller.resource.CustomerRefferController
3611:             1             24  com.yintech.crm.web.controller.resource.GroupWorkAccountController
3612:             1             24  com.yintech.crm.web.controller.resource.GroupWorkCustomizeRuleController
3613:             1             24  com.yintech.crm.web.controller.resource.GroupWorkRuleController
3614:             1             24  com.yintech.crm.web.controller.resource.ResourceActivityController
3615:             1             24  com.yintech.crm.web.controller.resource.ResourceAssignGroupsetController
3616:             1             24  com.yintech.crm.web.controller.resource.SpecialContentController
3617:             1             24  com.yintech.crm.web.controller.resource.SpecialResourceHistoryController
3618:             1             24  com.yintech.crm.web.controller.user.ReportStatisticController
3619:             1             24  com.yintech.crm.web.controller.user.SysPermissionController
3620:             1             24  com.yintech.crm.web.controller.voice.SmsAcceptCustomerController
3621:             1             24  com.yintech.crm.web.ldap.LDAPAuthentication
3622:             1             24  com.yintech.crm.web.service.bigData.impl.CustLabelClientImpl
3623:             1             24  com.yintech.crm.web.service.impl.FileManageServiceImpl
3624:             1             24  feign.Types$ParameterizedTypeImpl
3625:             1             24  feign.Types$WildcardTypeImpl
3626:             1             24  java.lang.ClassValue$Version
3627:             1             24  java.lang.invoke.MethodHandleImpl$4
3628:             1             24  java.lang.invoke.MethodType$ConcurrentWeakInternSet
3629:             1             24  java.math.MutableBigInteger
3630:             1             24  java.net.Inet6AddressImpl
3631:             1             24  java.net.Proxy
3632:             1             24  java.net.ServerSocket
3633:             1             24  java.net.SocketPermissionCollection
3634:             1             24  java.security.AllPermissionCollection
3635:             1             24  java.security.Policy$PolicyInfo
3636:             1             24  java.security.Policy$UnsupportedEmptyCollection
3637:             1             24  java.security.ProtectionDomain$3$1
3638:             1             24  java.security.Timestamp
3639:             1             24  java.time.format.DecimalStyle
3640:             1             24  java.time.temporal.IsoFields$Field$1
3641:             1             24  java.time.temporal.IsoFields$Field$2
3642:             1             24  java.time.temporal.IsoFields$Field$3
3643:             1             24  java.time.temporal.IsoFields$Field$4
3644:             1             24  java.util.Collections$EmptyMap
3645:             1             24  java.util.Collections$SynchronizedSortedSet
3646:             1             24  java.util.Locale$Cache
3647:             1             24  java.util.PropertyPermissionCollection
3648:             1             24  java.util.ResourceBundle$Control$CandidateListCache
3649:             1             24  java.util.concurrent.LinkedBlockingDeque$Node
3650:             1             24  java.util.concurrent.TimeUnit$1
3651:             1             24  java.util.concurrent.TimeUnit$2
3652:             1             24  java.util.concurrent.TimeUnit$3
3653:             1             24  java.util.concurrent.TimeUnit$4
3654:             1             24  java.util.concurrent.TimeUnit$5
3655:             1             24  java.util.concurrent.TimeUnit$6
3656:             1             24  java.util.concurrent.TimeUnit$7
3657:             1             24  java.util.concurrent.locks.ReentrantReadWriteLock$Sync$HoldCounter
3658:             1             24  java.util.logging.LogManager$LoggerContext
3659:             1             24  java.util.logging.LoggingPermission
3660:             1             24  javax.el.ExpressionFactory$CacheKey
3661:             1             24  javax.naming.ldap.LdapName
3662:             1             24  javax.websocket.CloseReason
3663:             1             24  okhttp3.internal.Util$2
3664:             1             24  okio.Buffer
3665:             1             24  org.apache.catalina.core.ApplicationContextFacade
3666:             1             24  org.apache.catalina.core.StandardContext$ContextFilterMaps
3667:             1             24  org.apache.catalina.mapper.Mapper$ContextList
3668:             1             24  org.apache.catalina.mapper.Mapper$MappedContext
3669:             1             24  org.apache.catalina.mapper.Mapper$MappedWrapper
3670:             1             24  org.apache.catalina.webresources.TomcatURLStreamHandlerFactory
3671:             1             24  org.apache.commons.logging.impl.SLF4JLogFactory
3672:             1             24  org.apache.commons.pool2.impl.BaseGenericObjectPool$EvictionIterator
3673:             1             24  org.apache.coyote.AbstractProtocol$AsyncTimeout
3674:             1             24  org.apache.http.conn.params.ConnPerRouteBean
3675:             1             24  org.apache.http.conn.ssl.DefaultHostnameVerifier
3676:             1             24  org.apache.http.conn.util.PublicSuffixMatcher
3677:             1             24  org.apache.http.impl.conn.DefaultClientConnectionOperator
3678:             1             24  org.apache.http.impl.conn.IdleConnectionHandler
3679:             1             24  org.apache.http.impl.cookie.BrowserCompatSpecFactory
3680:             1             24  org.apache.http.impl.io.HttpRequestWriter
3681:             1             24  org.apache.http.protocol.BasicHttpProcessor
3682:             1             24  org.apache.http.protocol.ImmutableHttpProcessor
3683:             1             24  org.apache.naming.StringManager
3684:             1             24  org.apache.tomcat.util.descriptor.web.ErrorPage
3685:             1             24  org.apache.tomcat.util.net.NioBlockingSelector
3686:             1             24  org.apache.tomcat.util.net.NioEndpoint$Acceptor
3687:             1             24  org.apache.tomcat.util.scan.StandardJarScanner
3688:             1             24  org.apache.tomcat.websocket.WsExtension
3689:             1             24  org.aspectj.apache.bcel.generic.Type$1
3690:             1             24  org.aspectj.apache.bcel.generic.Type$2
3691:             1             24  org.hibernate.validator.internal.engine.constraintvalidation.ConstraintTree
3692:             1             24  org.hibernate.validator.internal.engine.groups.Sequence
3693:             1             24  org.hibernate.validator.internal.metadata.core.MetaConstraint
3694:             1             24  org.hibernate.validator.internal.util.ConcurrentReferenceHashMap$Option
3695:             1             24  org.slf4j.helpers.FormattingTuple
3696:             1             24  org.slf4j.helpers.SubstituteLoggerFactory
3697:             1             24  org.slf4j.impl.StaticLoggerBinder
3698:             1             24  org.springframework.amqp.rabbit.annotation.RabbitListenerAnnotationBeanPostProcessor$RabbitHandlerMethodFactoryAdapter
3699:             1             24  org.springframework.amqp.rabbit.annotation.RabbitListenerAnnotationBeanPostProcessor$TypeMetadata
3700:             1             24  org.springframework.amqp.rabbit.connection.CachingConnectionFactory$ChannelCachingConnectionProxy
3701:             1             24  org.springframework.amqp.rabbit.connection.SimpleConnection
3702:             1             24  org.springframework.amqp.rabbit.core.RabbitAdmin$11
3703:             1             24  org.springframework.amqp.support.SimpleAmqpHeaderMapper
3704:             1             24  org.springframework.amqp.support.converter.MessagingMessageConverter
3705:             1             24  org.springframework.aop.aspectj.annotation.ReflectiveAspectJAdvisorFactory
3706:             1             24  org.springframework.aop.framework.autoproxy.AbstractAdvisorAutoProxyCreator$BeanFactoryAdvisorRetrievalHelperAdapter
3707:             1             24  org.springframework.aop.interceptor.ExposeInvocationInterceptor$1
3708:             1             24  org.springframework.boot.SpringApplicationBannerPrinter$PrintedBanner
3709:             1             24  org.springframework.boot.actuate.audit.InMemoryAuditEventRepository
3710:             1             24  org.springframework.boot.actuate.autoconfigure.AuditAutoConfiguration$$EnhancerBySpringCGLIB$$57c4126d$$FastClassBySpringCGLIB$$ba22aa24
3711:             1             24  org.springframework.boot.actuate.autoconfigure.AuditAutoConfiguration$$FastClassBySpringCGLIB$$4d2eee97
3712:             1             24  org.springframework.boot.actuate.autoconfigure.EndpointAutoConfiguration$RequestMappingEndpointConfiguration$$EnhancerBySpringCGLIB$$7dbcf19b$$FastClassBySpringCGLIB$$f9138f6
3713:             1             24  org.springframework.boot.actuate.autoconfigure.EndpointAutoConfiguration$RequestMappingEndpointConfiguration$$FastClassBySpringCGLIB$$cf13d605
3714:             1             24  org.springframework.boot.actuate.autoconfigure.EndpointWebMvcAutoConfiguration$1
3715:             1             24  org.springframework.boot.actuate.autoconfigure.EndpointWebMvcAutoConfiguration$ApplicationContextFilterConfiguration$$EnhancerBySpringCGLIB$$906ea32$$FastClassBySpringCGLIB$$95ffe7dd
3716:             1             24  org.springframework.boot.actuate.autoconfigure.EndpointWebMvcAutoConfiguration$ApplicationContextFilterConfiguration$$FastClassBySpringCGLIB$$2bcbb2bc
3717:             1             24  org.springframework.boot.actuate.autoconfigure.HealthIndicatorAutoConfiguration$$EnhancerBySpringCGLIB$$73374175$$FastClassBySpringCGLIB$$571ea3d5
3718:             1             24  org.springframework.boot.actuate.autoconfigure.HealthIndicatorAutoConfiguration$$FastClassBySpringCGLIB$$1a0449f
3719:             1             24  org.springframework.boot.actuate.autoconfigure.HealthIndicatorAutoConfiguration$RabbitHealthIndicatorConfiguration$$EnhancerBySpringCGLIB$$3f577258$$FastClassBySpringCGLIB$$a2b4350a
3720:             1             24  org.springframework.boot.actuate.autoconfigure.HealthIndicatorAutoConfiguration$RabbitHealthIndicatorConfiguration$$FastClassBySpringCGLIB$$2d871c22
3721:             1             24  org.springframework.boot.actuate.autoconfigure.HealthIndicatorAutoConfiguration$RedisHealthIndicatorConfiguration$$EnhancerBySpringCGLIB$$e3835eef$$FastClassBySpringCGLIB$$c0c7155a
3722:             1             24  org.springframework.boot.actuate.autoconfigure.HealthIndicatorAutoConfiguration$RedisHealthIndicatorConfiguration$$FastClassBySpringCGLIB$$69566cd9
3723:             1             24  org.springframework.boot.actuate.autoconfigure.ManagementServerProperties$Security
3724:             1             24  org.springframework.boot.actuate.autoconfigure.ManagementServerPropertiesAutoConfiguration$$EnhancerBySpringCGLIB$$9d336dd9$$FastClassBySpringCGLIB$$c0f92d44
3725:             1             24  org.springframework.boot.actuate.autoconfigure.ManagementServerPropertiesAutoConfiguration$$FastClassBySpringCGLIB$$ae29c883
3726:             1             24  org.springframework.boot.actuate.autoconfigure.MetricExportAutoConfiguration$$EnhancerBySpringCGLIB$$fc625d4e$$FastClassBySpringCGLIB$$3fe1065a
3727:             1             24  org.springframework.boot.actuate.autoconfigure.MetricExportAutoConfiguration$$FastClassBySpringCGLIB$$3ff55e58
3728:             1             24  org.springframework.boot.actuate.autoconfigure.MetricExportAutoConfiguration$MetricExportPropertiesConfiguration$$EnhancerBySpringCGLIB$$a4733f49$$FastClassBySpringCGLIB$$6986358d
3729:             1             24  org.springframework.boot.actuate.autoconfigure.MetricExportAutoConfiguration$MetricExportPropertiesConfiguration$$FastClassBySpringCGLIB$$9586dbf3
3730:             1             24  org.springframework.boot.actuate.autoconfigure.MetricFilterAutoConfiguration$$EnhancerBySpringCGLIB$$d0c9718a$$FastClassBySpringCGLIB$$47547faa
3731:             1             24  org.springframework.boot.actuate.autoconfigure.MetricFilterAutoConfiguration$$FastClassBySpringCGLIB$$14ba714
3732:             1             24  org.springframework.boot.actuate.autoconfigure.MetricFilterProperties
3733:             1             24  org.springframework.boot.actuate.autoconfigure.PublicMetricsAutoConfiguration$TomcatMetricsConfiguration$$EnhancerBySpringCGLIB$$d26d16b9$$FastClassBySpringCGLIB$$b451e9ee
3734:             1             24  org.springframework.boot.actuate.autoconfigure.PublicMetricsAutoConfiguration$TomcatMetricsConfiguration$$FastClassBySpringCGLIB$$66233563
3735:             1             24  org.springframework.boot.actuate.autoconfigure.TraceRepositoryAutoConfiguration$$EnhancerBySpringCGLIB$$9c60219$$FastClassBySpringCGLIB$$2626cd40
3736:             1             24  org.springframework.boot.actuate.autoconfigure.TraceRepositoryAutoConfiguration$$FastClassBySpringCGLIB$$462614c3
3737:             1             24  org.springframework.boot.actuate.autoconfigure.TraceWebFilterAutoConfiguration$$EnhancerBySpringCGLIB$$ace1466b$$FastClassBySpringCGLIB$$325bb400
3738:             1             24  org.springframework.boot.actuate.autoconfigure.TraceWebFilterAutoConfiguration$$FastClassBySpringCGLIB$$b02460d5
3739:             1             24  org.springframework.boot.actuate.endpoint.BeansEndpoint$HierarchyAwareLiveBeansView
3740:             1             24  org.springframework.boot.actuate.endpoint.EndpointProperties
3741:             1             24  org.springframework.boot.actuate.endpoint.SystemPublicMetrics
3742:             1             24  org.springframework.boot.actuate.endpoint.mvc.EnvironmentMvcEndpoint
3743:             1             24  org.springframework.boot.actuate.endpoint.mvc.LoggersMvcEndpoint
3744:             1             24  org.springframework.boot.actuate.endpoint.mvc.MetricsMvcEndpoint
3745:             1             24  org.springframework.boot.actuate.endpoint.mvc.MvcEndpointSecurityInterceptor
3746:             1             24  org.springframework.boot.actuate.endpoint.mvc.MvcEndpoints
3747:             1             24  org.springframework.boot.actuate.endpoint.mvc.ShutdownMvcEndpoint
3748:             1             24  org.springframework.boot.actuate.health.DiskSpaceHealthIndicator
3749:             1             24  org.springframework.boot.actuate.health.DiskSpaceHealthIndicatorProperties
3750:             1             24  org.springframework.boot.actuate.health.RabbitHealthIndicator
3751:             1             24  org.springframework.boot.actuate.health.RedisHealthIndicator
3752:             1             24  org.springframework.boot.actuate.info.GitInfoContributor
3753:             1             24  org.springframework.boot.actuate.metrics.export.MetricExportProperties$Aggregate
3754:             1             24  org.springframework.boot.actuate.metrics.export.MetricExportProperties$Redis
3755:             1             24  org.springframework.boot.actuate.metrics.export.MetricExportProperties$Statsd
3756:             1             24  org.springframework.boot.actuate.trace.InMemoryTraceRepository
3757:             1             24  org.springframework.boot.autoconfigure.AutoConfigurationPackages$BasePackages
3758:             1             24  org.springframework.boot.autoconfigure.amqp.RabbitAutoConfiguration$MessagingTemplateConfiguration$$EnhancerBySpringCGLIB$$473a79dc$$FastClassBySpringCGLIB$$87412085
3759:             1             24  org.springframework.boot.autoconfigure.amqp.RabbitAutoConfiguration$MessagingTemplateConfiguration$$FastClassBySpringCGLIB$$ac2b3726
3760:             1             24  org.springframework.boot.autoconfigure.amqp.RabbitAutoConfiguration$RabbitConnectionFactoryCreator$$EnhancerBySpringCGLIB$$3d63929e$$FastClassBySpringCGLIB$$104d4dc4
3761:             1             24  org.springframework.boot.autoconfigure.amqp.RabbitAutoConfiguration$RabbitConnectionFactoryCreator$$FastClassBySpringCGLIB$$ad7739a8
3762:             1             24  org.springframework.boot.autoconfigure.amqp.RabbitAutoConfiguration$RabbitTemplateConfiguration$$EnhancerBySpringCGLIB$$6ff72aa$$FastClassBySpringCGLIB$$dc08cd8c
3763:             1             24  org.springframework.boot.autoconfigure.amqp.RabbitAutoConfiguration$RabbitTemplateConfiguration$$FastClassBySpringCGLIB$$c4b6a434
3764:             1             24  org.springframework.boot.autoconfigure.amqp.RabbitProperties$Cache
3765:             1             24  org.springframework.boot.autoconfigure.amqp.RabbitProperties$Cache$Channel
3766:             1             24  org.springframework.boot.autoconfigure.amqp.RabbitProperties$Cache$Connection
3767:             1             24  org.springframework.boot.autoconfigure.amqp.SimpleRabbitListenerContainerFactoryConfigurer
3768:             1             24  org.springframework.boot.autoconfigure.condition.ConditionMessage$Style$1
3769:             1             24  org.springframework.boot.autoconfigure.condition.ConditionMessage$Style$2
3770:             1             24  org.springframework.boot.autoconfigure.condition.OnClassCondition$MatchType$1
3771:             1             24  org.springframework.boot.autoconfigure.condition.OnClassCondition$MatchType$2
3772:             1             24  org.springframework.boot.autoconfigure.data.ldap.LdapDataAutoConfiguration$$EnhancerBySpringCGLIB$$cb726e7d$$FastClassBySpringCGLIB$$c4eee128
3773:             1             24  org.springframework.boot.autoconfigure.data.ldap.LdapDataAutoConfiguration$$FastClassBySpringCGLIB$$ec97d8a7
3774:             1             24  org.springframework.boot.autoconfigure.data.redis.RedisAutoConfiguration$RedisConnectionConfiguration$$EnhancerBySpringCGLIB$$487343a0$$FastClassBySpringCGLIB$$bd83f41d
3775:             1             24  org.springframework.boot.autoconfigure.data.redis.RedisAutoConfiguration$RedisConnectionConfiguration$$FastClassBySpringCGLIB$$23170c6a
3776:             1             24  org.springframework.boot.autoconfigure.data.redis.RedisRepositoriesAutoConfigureRegistrar
3777:             1             24  org.springframework.boot.autoconfigure.freemarker.FreeMarkerTemplateAvailabilityProvider
3778:             1             24  org.springframework.boot.autoconfigure.groovy.template.GroovyTemplateAvailabilityProvider
3779:             1             24  org.springframework.boot.autoconfigure.gson.GsonAutoConfiguration$$EnhancerBySpringCGLIB$$f334301b$$FastClassBySpringCGLIB$$98efb670
3780:             1             24  org.springframework.boot.autoconfigure.gson.GsonAutoConfiguration$$FastClassBySpringCGLIB$$ecf1c485
3781:             1             24  org.springframework.boot.autoconfigure.info.ProjectInfoAutoConfiguration$$EnhancerBySpringCGLIB$$f07329aa$$FastClassBySpringCGLIB$$ab4f1e12
3782:             1             24  org.springframework.boot.autoconfigure.info.ProjectInfoAutoConfiguration$$FastClassBySpringCGLIB$$dbca7b34
3783:             1             24  org.springframework.boot.autoconfigure.info.ProjectInfoAutoConfiguration$GitResourceAvailableCondition
3784:             1             24  org.springframework.boot.autoconfigure.info.ProjectInfoProperties
3785:             1             24  org.springframework.boot.autoconfigure.jackson.JacksonAutoConfiguration$$EnhancerBySpringCGLIB$$f21839b1$$FastClassBySpringCGLIB$$3a359566
3786:             1             24  org.springframework.boot.autoconfigure.jackson.JacksonAutoConfiguration$$FastClassBySpringCGLIB$$ee97f15b
3787:             1             24  org.springframework.boot.autoconfigure.jackson.JacksonAutoConfiguration$Jackson2ObjectMapperBuilderCustomizerConfiguration$$EnhancerBySpringCGLIB$$7d70442a$$FastClassBySpringCGLIB$$daa1799a
3788:             1             24  org.springframework.boot.autoconfigure.jackson.JacksonAutoConfiguration$Jackson2ObjectMapperBuilderCustomizerConfiguration$$FastClassBySpringCGLIB$$a7cec5b4
3789:             1             24  org.springframework.boot.autoconfigure.jackson.JacksonAutoConfiguration$Jackson2ObjectMapperBuilderCustomizerConfiguration$StandardJackson2ObjectMapperBuilderCustomizer
3790:             1             24  org.springframework.boot.autoconfigure.jackson.JacksonAutoConfiguration$JacksonObjectMapperBuilderConfiguration$$EnhancerBySpringCGLIB$$c2595e3b$$FastClassBySpringCGLIB$$f4280526
3791:             1             24  org.springframework.boot.autoconfigure.jackson.JacksonAutoConfiguration$JacksonObjectMapperBuilderConfiguration$$FastClassBySpringCGLIB$$28b34ea5
3792:             1             24  org.springframework.boot.autoconfigure.jackson.JacksonAutoConfiguration$JacksonObjectMapperConfiguration$$EnhancerBySpringCGLIB$$100c9c22$$FastClassBySpringCGLIB$$9871c9a9
3793:             1             24  org.springframework.boot.autoconfigure.jackson.JacksonAutoConfiguration$JacksonObjectMapperConfiguration$$FastClassBySpringCGLIB$$596316ac
3794:             1             24  org.springframework.boot.autoconfigure.ldap.LdapAutoConfiguration$$EnhancerBySpringCGLIB$$7827a69b$$FastClassBySpringCGLIB$$d4f5b9b8
3795:             1             24  org.springframework.boot.autoconfigure.ldap.LdapAutoConfiguration$$FastClassBySpringCGLIB$$f9fceb05
3796:             1             24  org.springframework.boot.autoconfigure.template.TemplateAvailabilityProviders
3797:             1             24  org.springframework.boot.autoconfigure.transaction.TransactionAutoConfiguration$$EnhancerBySpringCGLIB$$48ed179b$$FastClassBySpringCGLIB$$aa37d66
3798:             1             24  org.springframework.boot.autoconfigure.transaction.TransactionAutoConfiguration$$FastClassBySpringCGLIB$$58253c05
3799:             1             24  org.springframework.boot.autoconfigure.transaction.TransactionProperties
3800:             1             24  org.springframework.boot.autoconfigure.web.BasicErrorController
3801:             1             24  org.springframework.boot.autoconfigure.web.DispatcherServletAutoConfiguration$DispatcherServletConfiguration$$EnhancerBySpringCGLIB$$5adecbe3$$FastClassBySpringCGLIB$$47f1dd66
3802:             1             24  org.springframework.boot.autoconfigure.web.DispatcherServletAutoConfiguration$DispatcherServletConfiguration$$FastClassBySpringCGLIB$$cd91af4d
3803:             1             24  org.springframework.boot.autoconfigure.web.DispatcherServletAutoConfiguration$DispatcherServletRegistrationConfiguration$$EnhancerBySpringCGLIB$$d5ce5b0a$$FastClassBySpringCGLIB$$ceab76d6
3804:             1             24  org.springframework.boot.autoconfigure.web.DispatcherServletAutoConfiguration$DispatcherServletRegistrationConfiguration$$FastClassBySpringCGLIB$$338ce094
3805:             1             24  org.springframework.boot.autoconfigure.web.EmbeddedServletContainerAutoConfiguration$EmbeddedTomcat$$EnhancerBySpringCGLIB$$67fc5fad$$FastClassBySpringCGLIB$$a6390e34
3806:             1             24  org.springframework.boot.autoconfigure.web.EmbeddedServletContainerAutoConfiguration$EmbeddedTomcat$$FastClassBySpringCGLIB$$1772d3d7
3807:             1             24  org.springframework.boot.autoconfigure.web.ErrorMvcAutoConfiguration$DefaultErrorViewResolverConfiguration$$EnhancerBySpringCGLIB$$77112fe5$$FastClassBySpringCGLIB$$324073ee
3808:             1             24  org.springframework.boot.autoconfigure.web.ErrorMvcAutoConfiguration$DefaultErrorViewResolverConfiguration$$FastClassBySpringCGLIB$$3090d50f
3809:             1             24  org.springframework.boot.autoconfigure.web.ErrorMvcAutoConfiguration$SpelView
3810:             1             24  org.springframework.boot.autoconfigure.web.ErrorProperties
3811:             1             24  org.springframework.boot.autoconfigure.web.GsonHttpMessageConvertersConfiguration$PreferGsonOrMissingJacksonCondition
3812:             1             24  org.springframework.boot.autoconfigure.web.HttpMessageConvertersAutoConfiguration$StringHttpMessageConverterConfiguration$$EnhancerBySpringCGLIB$$1a74591$$FastClassBySpringCGLIB$$19e2a3a2
3813:             1             24  org.springframework.boot.autoconfigure.web.HttpMessageConvertersAutoConfiguration$StringHttpMessageConverterConfiguration$$FastClassBySpringCGLIB$$f77d613b
3814:             1             24  org.springframework.boot.autoconfigure.web.JacksonHttpMessageConvertersConfiguration$MappingJackson2HttpMessageConverterConfiguration$$EnhancerBySpringCGLIB$$8fb56f91$$FastClassBySpringCGLIB$$ba5b21a7
3815:             1             24  org.springframework.boot.autoconfigure.web.JacksonHttpMessageConvertersConfiguration$MappingJackson2HttpMessageConverterConfiguration$$FastClassBySpringCGLIB$$f0304b3b
3816:             1             24  org.springframework.boot.autoconfigure.web.MultipartAutoConfiguration$$EnhancerBySpringCGLIB$$6f26cfd7$$FastClassBySpringCGLIB$$7165a6c2
3817:             1             24  org.springframework.boot.autoconfigure.web.MultipartAutoConfiguration$$FastClassBySpringCGLIB$$521da8c1
3818:             1             24  org.springframework.boot.autoconfigure.web.ResourceProperties$Chain
3819:             1             24  org.springframework.boot.autoconfigure.web.ResourceProperties$Content
3820:             1             24  org.springframework.boot.autoconfigure.web.ResourceProperties$Fixed
3821:             1             24  org.springframework.boot.autoconfigure.web.ResourceProperties$Strategy
3822:             1             24  org.springframework.boot.autoconfigure.web.ServerProperties$Jetty
3823:             1             24  org.springframework.boot.autoconfigure.web.WebClientAutoConfiguration$RestTemplateConfiguration$$EnhancerBySpringCGLIB$$bba893a8$$FastClassBySpringCGLIB$$e3a8ac4f
3824:             1             24  org.springframework.boot.autoconfigure.web.WebClientAutoConfiguration$RestTemplateConfiguration$$FastClassBySpringCGLIB$$a7c76372
3825:             1             24  org.springframework.boot.autoconfigure.web.WebMvcProperties$View
3826:             1             24  org.springframework.boot.autoconfigure.web.WebMvcValidator
3827:             1             24  org.springframework.boot.autoconfigure.websocket.WebSocketAutoConfiguration$TomcatWebSocketConfiguration$$EnhancerBySpringCGLIB$$e34b9cba$$FastClassBySpringCGLIB$$16f9771a
3828:             1             24  org.springframework.boot.autoconfigure.websocket.WebSocketAutoConfiguration$TomcatWebSocketConfiguration$$FastClassBySpringCGLIB$$e3919c44
3829:             1             24  org.springframework.boot.bind.PropertySourcesBinder
3830:             1             24  org.springframework.boot.bind.RelaxedNames$Manipulation$1
3831:             1             24  org.springframework.boot.bind.RelaxedNames$Manipulation$2
3832:             1             24  org.springframework.boot.bind.RelaxedNames$Manipulation$3
3833:             1             24  org.springframework.boot.bind.RelaxedNames$Manipulation$4
3834:             1             24  org.springframework.boot.bind.RelaxedNames$Manipulation$5
3835:             1             24  org.springframework.boot.bind.RelaxedNames$Manipulation$6
3836:             1             24  org.springframework.boot.bind.RelaxedNames$Manipulation$7
3837:             1             24  org.springframework.boot.bind.RelaxedNames$Manipulation$8
3838:             1             24  org.springframework.boot.bind.RelaxedNames$Variation$1
3839:             1             24  org.springframework.boot.bind.RelaxedNames$Variation$2
3840:             1             24  org.springframework.boot.bind.RelaxedNames$Variation$3
3841:             1             24  org.springframework.boot.cloud.CloudPlatform$1
3842:             1             24  org.springframework.boot.cloud.CloudPlatform$2
3843:             1             24  org.springframework.boot.context.ContextIdApplicationContextInitializer
3844:             1             24  org.springframework.boot.context.embedded.EmbeddedServletContainerCustomizerBeanPostProcessor
3845:             1             24  org.springframework.boot.context.embedded.JspServlet
3846:             1             24  org.springframework.boot.context.embedded.WebApplicationContextServletContextAwareProcessor
3847:             1             24  org.springframework.boot.context.embedded.tomcat.TomcatEmbeddedServletContainerFactory$1
3848:             1             24  org.springframework.boot.context.embedded.tomcat.TomcatStarter
3849:             1             24  org.springframework.boot.devtools.autoconfigure.DevToolsProperties
3850:             1             24  org.springframework.boot.devtools.autoconfigure.DevToolsProperties$Livereload
3851:             1             24  org.springframework.boot.devtools.autoconfigure.RemoteDevToolsProperties$Debug
3852:             1             24  org.springframework.boot.devtools.autoconfigure.RemoteDevToolsProperties$Proxy
3853:             1             24  org.springframework.boot.devtools.classpath.ClassPathFileChangeListener
3854:             1             24  org.springframework.boot.devtools.classpath.PatternClassPathRestartStrategy
3855:             1             24  org.springframework.boot.devtools.settings.DevToolsSettings
3856:             1             24  org.springframework.boot.logging.AbstractLoggingSystem$LogLevels
3857:             1             24  org.springframework.boot.web.servlet.ErrorPage
3858:             1             24  org.springframework.boot.web.servlet.ErrorPageRegistrarBeanPostProcessor
3859:             1             24  org.springframework.boot.web.servlet.ServletComponentRegisteringPostProcessor
3860:             1             24  org.springframework.boot.web.servlet.WebFilterHandler
3861:             1             24  org.springframework.boot.web.servlet.WebListenerHandler
3862:             1             24  org.springframework.boot.web.servlet.WebServletHandler
3863:             1             24  org.springframework.cglib.core.EmitUtils$ArrayDelimiters
3864:             1             24  org.springframework.cglib.core.MethodWrapper$MethodWrapperKey$$KeyFactoryByCGLIB$$552be97a
3865:             1             24  org.springframework.classify.BinaryExceptionClassifier
3866:             1             24  org.springframework.cloud.autoconfigure.RefreshEndpointAutoConfiguration$$EnhancerBySpringCGLIB$$79f22184$$FastClassBySpringCGLIB$$6082594
3867:             1             24  org.springframework.cloud.autoconfigure.RefreshEndpointAutoConfiguration$$FastClassBySpringCGLIB$$1f6e91ce
3868:             1             24  org.springframework.cloud.autoconfigure.RefreshEndpointAutoConfiguration$RefreshEndpointConfiguration$$EnhancerBySpringCGLIB$$3cc4b3f2$$FastClassBySpringCGLIB$$22e6c9db
3869:             1             24  org.springframework.cloud.autoconfigure.RefreshEndpointAutoConfiguration$RefreshEndpointConfiguration$$FastClassBySpringCGLIB$$4132047c
3870:             1             24  org.springframework.cloud.bootstrap.encrypt.EncryptionBootstrapConfiguration$$EnhancerBySpringCGLIB$$c0e27dea$$FastClassBySpringCGLIB$$1660d008
3871:             1             24  org.springframework.cloud.bootstrap.encrypt.EncryptionBootstrapConfiguration$$FastClassBySpringCGLIB$$b0cb8774
3872:             1             24  org.springframework.cloud.bootstrap.encrypt.EnvironmentDecryptApplicationInitializer
3873:             1             24  org.springframework.cloud.bootstrap.encrypt.KeyProperties$Rsa
3874:             1             24  org.springframework.cloud.client.CommonsClientAutoConfiguration$ActuatorConfiguration$$EnhancerBySpringCGLIB$$966aec26$$FastClassBySpringCGLIB$$e08e2633
3875:             1             24  org.springframework.cloud.client.CommonsClientAutoConfiguration$ActuatorConfiguration$$FastClassBySpringCGLIB$$6cb1ea30
3876:             1             24  org.springframework.cloud.client.discovery.composite.CompositeDiscoveryClientAutoConfiguration$$EnhancerBySpringCGLIB$$fd694a21$$FastClassBySpringCGLIB$$23bb1afb
3877:             1             24  org.springframework.cloud.client.discovery.composite.CompositeDiscoveryClientAutoConfiguration$$FastClassBySpringCGLIB$$967d63cb
3878:             1             24  org.springframework.cloud.client.discovery.health.DiscoveryCompositeHealthIndicator
3879:             1             24  org.springframework.cloud.client.discovery.simple.SimpleDiscoveryProperties
3880:             1             24  org.springframework.cloud.client.loadbalancer.AsyncLoadBalancerAutoConfiguration$AsyncRestTemplateCustomizerConfig$$EnhancerBySpringCGLIB$$d565a1eb$$FastClassBySpringCGLIB$$ef9099e1
3881:             1             24  org.springframework.cloud.client.loadbalancer.AsyncLoadBalancerAutoConfiguration$AsyncRestTemplateCustomizerConfig$$FastClassBySpringCGLIB$$50a8cc55
3882:             1             24  org.springframework.cloud.client.loadbalancer.AsyncLoadBalancerAutoConfiguration$AsyncRestTemplateCustomizerConfig$1
3883:             1             24  org.springframework.cloud.client.loadbalancer.AsyncLoadBalancerAutoConfiguration$LoadBalancerInterceptorConfig$1
3884:             1             24  org.springframework.cloud.client.loadbalancer.LoadBalancerAutoConfiguration$1
3885:             1             24  org.springframework.cloud.client.loadbalancer.LoadBalancerAutoConfiguration$RetryAutoConfiguration$$EnhancerBySpringCGLIB$$be4863fd$$FastClassBySpringCGLIB$$a1c79db4
3886:             1             24  org.springframework.cloud.client.loadbalancer.LoadBalancerAutoConfiguration$RetryAutoConfiguration$$FastClassBySpringCGLIB$$3149e27
3887:             1             24  org.springframework.cloud.client.loadbalancer.LoadBalancerAutoConfiguration$RetryInterceptorAutoConfiguration$1
3888:             1             24  org.springframework.cloud.client.loadbalancer.LoadBalancerRequestFactory
3889:             1             24  org.springframework.cloud.client.serviceregistry.ServiceRegistryAutoConfiguration$ServiceRegistryEndpointConfiguration
3890:             1             24  org.springframework.cloud.client.serviceregistry.endpoint.ServiceRegistryEndpoint
3891:             1             24  org.springframework.cloud.commons.util.InetUtils$HostInfo
3892:             1             24  org.springframework.cloud.config.client.ConfigClientAutoConfiguration$ConfigServerHealthIndicatorConfiguration$$EnhancerBySpringCGLIB$$a7a61b7f$$FastClassBySpringCGLIB$$76763bfb
3893:             1             24  org.springframework.cloud.config.client.ConfigClientAutoConfiguration$ConfigServerHealthIndicatorConfiguration$$FastClassBySpringCGLIB$$48582769
3894:             1             24  org.springframework.cloud.config.client.ConfigClientHealthProperties
3895:             1             24  org.springframework.cloud.config.client.ConfigClientProperties$Discovery
3896:             1             24  org.springframework.cloud.config.client.ConfigServicePropertySourceLocator
3897:             1             24  org.springframework.cloud.context.environment.EnvironmentManager
3898:             1             24  org.springframework.cloud.context.environment.EnvironmentManagerMvcEndpoint
3899:             1             24  org.springframework.cloud.context.refresh.ContextRefresher
3900:             1             24  org.springframework.cloud.endpoint.GenericPostableMvcEndpoint
3901:             1             24  org.springframework.cloud.endpoint.event.RefreshEventListener
3902:             1             24  org.springframework.cloud.health.RefreshScopeHealthIndicator
3903:             1             24  org.springframework.cloud.logging.LoggingRebinder
3904:             1             24  org.springframework.cloud.netflix.archaius.ArchaiusAutoConfiguration$$EnhancerBySpringCGLIB$$b01b5dab$$FastClassBySpringCGLIB$$c1fb3153
3905:             1             24  org.springframework.cloud.netflix.archaius.ArchaiusAutoConfiguration$$FastClassBySpringCGLIB$$b13ad015
3906:             1             24  org.springframework.cloud.netflix.archaius.ArchaiusAutoConfiguration$ArchaiusEndpointConfiguration$$EnhancerBySpringCGLIB$$eeeff8ec$$FastClassBySpringCGLIB$$961eb034
3907:             1             24  org.springframework.cloud.netflix.archaius.ArchaiusAutoConfiguration$ArchaiusEndpointConfiguration$$FastClassBySpringCGLIB$$9b9e436
3908:             1             24  org.springframework.cloud.netflix.eureka.EurekaClientAutoConfiguration$EurekaHealthIndicatorConfiguration$$EnhancerBySpringCGLIB$$39ff174c$$FastClassBySpringCGLIB$$ec108e5e
3909:             1             24  org.springframework.cloud.netflix.eureka.EurekaClientAutoConfiguration$EurekaHealthIndicatorConfiguration$$FastClassBySpringCGLIB$$4abf9696
3910:             1             24  org.springframework.cloud.netflix.eureka.EurekaClientAutoConfiguration$OnMissingRefreshScopeCondition
3911:             1             24  org.springframework.cloud.netflix.eureka.EurekaDiscoveryClient
3912:             1             24  org.springframework.cloud.netflix.eureka.EurekaDiscoveryClientConfiguration$$EnhancerBySpringCGLIB$$d20b0a43$$FastClassBySpringCGLIB$$16f3b39c
3913:             1             24  org.springframework.cloud.netflix.eureka.EurekaDiscoveryClientConfiguration$$FastClassBySpringCGLIB$$483081ad
3914:             1             24  org.springframework.cloud.netflix.eureka.EurekaDiscoveryClientConfiguration$EurekaHealthCheckHandlerConfiguration$$EnhancerBySpringCGLIB$$56b7305e$$FastClassBySpringCGLIB$$5741eb34
3915:             1             24  org.springframework.cloud.netflix.eureka.EurekaDiscoveryClientConfiguration$EurekaHealthCheckHandlerConfiguration$$FastClassBySpringCGLIB$$b80cdf68
3916:             1             24  org.springframework.cloud.netflix.eureka.EurekaHealthCheckHandler
3917:             1             24  org.springframework.cloud.netflix.eureka.EurekaHealthIndicator
3918:             1             24  org.springframework.cloud.netflix.eureka.config.DiscoveryClientOptionalArgsConfiguration$$EnhancerBySpringCGLIB$$79998ae7$$FastClassBySpringCGLIB$$dae3f665
3919:             1             24  org.springframework.cloud.netflix.eureka.config.DiscoveryClientOptionalArgsConfiguration$$FastClassBySpringCGLIB$$d57e11d1
3920:             1             24  org.springframework.cloud.netflix.feign.FeignAutoConfiguration$HystrixFeignTargeterConfiguration$$EnhancerBySpringCGLIB$$df563dd7$$FastClassBySpringCGLIB$$97a2795f
3921:             1             24  org.springframework.cloud.netflix.feign.FeignAutoConfiguration$HystrixFeignTargeterConfiguration$$FastClassBySpringCGLIB$$bc8d56c1
3922:             1             24  org.springframework.cloud.netflix.feign.FeignClientProperties
3923:             1             24  org.springframework.cloud.netflix.feign.ribbon.LoadBalancerFeignClient
3924:             1             24  org.springframework.cloud.netflix.feign.ribbon.OkHttpFeignLoadBalancedConfiguration$$EnhancerBySpringCGLIB$$f55efaf0$$FastClassBySpringCGLIB$$83412063
3925:             1             24  org.springframework.cloud.netflix.feign.ribbon.OkHttpFeignLoadBalancedConfiguration$$FastClassBySpringCGLIB$$2ef529ba
3926:             1             24  org.springframework.cloud.netflix.hystrix.HystrixAutoConfiguration$$EnhancerBySpringCGLIB$$63e77e29$$FastClassBySpringCGLIB$$b08b220a
3927:             1             24  org.springframework.cloud.netflix.hystrix.HystrixAutoConfiguration$$FastClassBySpringCGLIB$$a4be1ed3
3928:             1             24  org.springframework.cloud.netflix.metrics.MetricsClientHttpRequestInterceptor
3929:             1             24  org.springframework.cloud.netflix.metrics.MetricsInterceptorConfiguration$MetricsRestTemplateAspectConfiguration$$EnhancerBySpringCGLIB$$e5b5a1da$$FastClassBySpringCGLIB$$47464ec5
3930:             1             24  org.springframework.cloud.netflix.metrics.MetricsInterceptorConfiguration$MetricsRestTemplateAspectConfiguration$$FastClassBySpringCGLIB$$b341d64
3931:             1             24  org.springframework.cloud.netflix.metrics.MetricsInterceptorConfiguration$MetricsRestTemplateConfiguration$MetricsInterceptorPostProcessor
3932:             1             24  org.springframework.cloud.netflix.metrics.MetricsInterceptorConfiguration$MetricsWebResourceConfiguration$$EnhancerBySpringCGLIB$$7dd0f1d6$$FastClassBySpringCGLIB$$5310540f
3933:             1             24  org.springframework.cloud.netflix.metrics.MetricsInterceptorConfiguration$MetricsWebResourceConfiguration$$FastClassBySpringCGLIB$$4cae9e0
3934:             1             24  org.springframework.cloud.netflix.metrics.servo.ServoMetricReader
3935:             1             24  org.springframework.cloud.netflix.metrics.servo.ServoMetricsAutoConfiguration$MetricsTagConfiguration$$EnhancerBySpringCGLIB$$97a4ba32$$FastClassBySpringCGLIB$$f9fde6ec
3936:             1             24  org.springframework.cloud.netflix.metrics.servo.ServoMetricsAutoConfiguration$MetricsTagConfiguration$$FastClassBySpringCGLIB$$467f82bc
3937:             1             24  org.springframework.cloud.netflix.metrics.servo.ServoMetricsConfigBean
3938:             1             24  org.springframework.cloud.netflix.metrics.servo.ServoMonitorCache
3939:             1             24  org.springframework.cloud.netflix.ribbon.PropertiesFactory
3940:             1             24  org.springframework.cloud.netflix.ribbon.RibbonAutoConfiguration$OnRibbonRestClientCondition
3941:             1             24  org.springframework.cloud.netflix.ribbon.RibbonEagerLoadProperties
3942:             1             24  org.springframework.cloud.netflix.ribbon.eureka.RibbonEurekaAutoConfiguration$OnRibbonAndEurekaEnabledCondition
3943:             1             24  org.springframework.cloud.netflix.rx.RxJavaAutoConfiguration$RxJavaReturnValueHandlerConfig$1
3944:             1             24  org.springframework.cloud.netflix.zuul.RibbonCommandFactoryConfiguration$OnRibbonHttpClientCondition
3945:             1             24  org.springframework.cloud.netflix.zuul.RibbonCommandFactoryConfiguration$OnRibbonOkHttpClientCondition
3946:             1             24  org.springframework.cloud.netflix.zuul.RibbonCommandFactoryConfiguration$OnRibbonRestClientCondition
3947:             1             24  org.springframework.cloud.sleuth.TraceKeys$Message
3948:             1             24  org.springframework.cloud.sleuth.TraceKeys$Message$Payload
3949:             1             24  org.springframework.cloud.sleuth.TraceKeys$Mvc
3950:             1             24  org.springframework.cloud.sleuth.instrument.hystrix.SleuthHystrixAutoConfiguration$$EnhancerBySpringCGLIB$$ffa93340$$FastClassBySpringCGLIB$$276b5303
3951:             1             24  org.springframework.cloud.sleuth.instrument.hystrix.SleuthHystrixAutoConfiguration$$FastClassBySpringCGLIB$$7582a80a
3952:             1             24  org.springframework.cloud.sleuth.instrument.hystrix.SleuthHystrixConcurrencyStrategy
3953:             1             24  org.springframework.cloud.sleuth.instrument.rxjava.RxJavaAutoConfiguration$$EnhancerBySpringCGLIB$$a432bf25$$FastClassBySpringCGLIB$$8c2fb3e3
3954:             1             24  org.springframework.cloud.sleuth.instrument.rxjava.RxJavaAutoConfiguration$$FastClassBySpringCGLIB$$e117bc4f
3955:             1             24  org.springframework.cloud.sleuth.instrument.rxjava.SleuthRxJavaSchedulersProperties
3956:             1             24  org.springframework.cloud.sleuth.instrument.scheduling.SleuthSchedulingProperties
3957:             1             24  org.springframework.cloud.sleuth.instrument.scheduling.TraceSchedulingAspect
3958:             1             24  org.springframework.cloud.sleuth.instrument.scheduling.TraceSchedulingAutoConfiguration$$EnhancerBySpringCGLIB$$bd9f70e8$$FastClassBySpringCGLIB$$738dc262
3959:             1             24  org.springframework.cloud.sleuth.instrument.scheduling.TraceSchedulingAutoConfiguration$$FastClassBySpringCGLIB$$a487d8b2
3960:             1             24  org.springframework.cloud.sleuth.instrument.web.HttpTraceKeysInjector
3961:             1             24  org.springframework.cloud.sleuth.instrument.web.SleuthWebProperties
3962:             1             24  org.springframework.cloud.sleuth.instrument.web.TraceWebAutoConfiguration$SkipPatternProviderConfig$$EnhancerBySpringCGLIB$$348b599e$$FastClassBySpringCGLIB$$2763754c
3963:             1             24  org.springframework.cloud.sleuth.instrument.web.TraceWebAutoConfiguration$SkipPatternProviderConfig$$FastClassBySpringCGLIB$$f9cd20a8
3964:             1             24  org.springframework.cloud.sleuth.instrument.web.TraceWebAutoConfiguration$SkipPatternProviderConfig$1
3965:             1             24  org.springframework.cloud.sleuth.instrument.web.TraceWebMvcConfigurer$$EnhancerBySpringCGLIB$$f64862fd$$FastClassBySpringCGLIB$$ae482d80
3966:             1             24  org.springframework.cloud.sleuth.instrument.web.TraceWebMvcConfigurer$$FastClassBySpringCGLIB$$2073bd27
3967:             1             24  org.springframework.cloud.sleuth.instrument.web.ZipkinHttpSpanExtractor
3968:             1             24  org.springframework.cloud.sleuth.instrument.web.client.TraceAsyncListenableTaskExecutor
3969:             1             24  org.springframework.cloud.sleuth.instrument.web.client.TraceWebAsyncClientAutoConfiguration$$EnhancerBySpringCGLIB$$99cf09f8$$FastClassBySpringCGLIB$$36a3b715
3970:             1             24  org.springframework.cloud.sleuth.instrument.web.client.TraceWebAsyncClientAutoConfiguration$$FastClassBySpringCGLIB$$15a75fc2
3971:             1             24  org.springframework.cloud.sleuth.instrument.web.client.feign.FeignContextBeanPostProcessor
3972:             1             24  org.springframework.cloud.sleuth.instrument.web.client.feign.OkHttpFeignClientBeanPostProcessor
3973:             1             24  org.springframework.cloud.sleuth.instrument.web.client.feign.TraceFeignClientAutoConfiguration$FeignBeanPostProcessorConfiguration$$EnhancerBySpringCGLIB$$f40af557$$FastClassBySpringCGLIB$$87bb1948
3974:             1             24  org.springframework.cloud.sleuth.instrument.web.client.feign.TraceFeignClientAutoConfiguration$FeignBeanPostProcessorConfiguration$$FastClassBySpringCGLIB$$85129e41
3975:             1             24  org.springframework.cloud.sleuth.instrument.web.client.feign.TraceFeignClientAutoConfiguration$OkHttpClientFeignBeanPostProcessorConfiguration$$EnhancerBySpringCGLIB$$44b5d088$$FastClassBySpringCGLIB$$d39f1f86
3976:             1             24  org.springframework.cloud.sleuth.instrument.web.client.feign.TraceFeignClientAutoConfiguration$OkHttpClientFeignBeanPostProcessorConfiguration$$FastClassBySpringCGLIB$$5135e452
3977:             1             24  org.springframework.cloud.sleuth.instrument.web.client.feign.TraceFeignObjectWrapper
3978:             1             24  org.springframework.cloud.sleuth.log.SleuthLogAutoConfiguration$Slf4jConfiguration$$EnhancerBySpringCGLIB$$3ae14372$$FastClassBySpringCGLIB$$825c9fd1
3979:             1             24  org.springframework.cloud.sleuth.log.SleuthLogAutoConfiguration$Slf4jConfiguration$$FastClassBySpringCGLIB$$4fc23fc
3980:             1             24  org.springframework.cloud.sleuth.log.SleuthSlf4jProperties
3981:             1             24  org.springframework.cloud.sleuth.log.Slf4jSpanLogger
3982:             1             24  org.springframework.cloud.sleuth.metric.CounterServiceBasedSpanMetricReporter
3983:             1             24  org.springframework.cloud.sleuth.metric.SleuthMetricProperties
3984:             1             24  org.springframework.cloud.sleuth.metric.SleuthMetricProperties$Span
3985:             1             24  org.springframework.cloud.sleuth.metric.TraceMetricsAutoConfiguration$$EnhancerBySpringCGLIB$$db032872$$FastClassBySpringCGLIB$$a5394cdf
3986:             1             24  org.springframework.cloud.sleuth.metric.TraceMetricsAutoConfiguration$$FastClassBySpringCGLIB$$33e668fc
3987:             1             24  org.springframework.cloud.sleuth.metric.TraceMetricsAutoConfiguration$CounterServiceSpanReporterConfig$$EnhancerBySpringCGLIB$$66a4f4e4$$FastClassBySpringCGLIB$$8c56937b
3988:             1             24  org.springframework.cloud.sleuth.metric.TraceMetricsAutoConfiguration$CounterServiceSpanReporterConfig$$FastClassBySpringCGLIB$$2476592e
3989:             1             24  org.springframework.cloud.sleuth.sampler.PercentageBasedSampler
3990:             1             24  org.springframework.cloud.sleuth.zipkin2.ZipkinAutoConfiguration$DefaultEndpointLocatorConfiguration$$EnhancerBySpringCGLIB$$737cf24$$FastClassBySpringCGLIB$$ce246d55
3991:             1             24  org.springframework.cloud.sleuth.zipkin2.ZipkinAutoConfiguration$DefaultEndpointLocatorConfiguration$$FastClassBySpringCGLIB$$b8702b6e
3992:             1             24  org.springframework.cloud.sleuth.zipkin2.ZipkinAutoConfiguration$RefreshScopedPercentageBasedSamplerConfiguration$$EnhancerBySpringCGLIB$$5c8d6d7a$$FastClassBySpringCGLIB$$3bcbfba7
3993:             1             24  org.springframework.cloud.sleuth.zipkin2.ZipkinAutoConfiguration$RefreshScopedPercentageBasedSamplerConfiguration$$FastClassBySpringCGLIB$$4c621504
3994:             1             24  org.springframework.cloud.sleuth.zipkin2.sender.ZipkinRabbitSenderConfiguration$$EnhancerBySpringCGLIB$$695e4bf1$$FastClassBySpringCGLIB$$8e739b0a
3995:             1             24  org.springframework.cloud.sleuth.zipkin2.sender.ZipkinRabbitSenderConfiguration$$FastClassBySpringCGLIB$$e915fb9b
3996:             1             24  org.springframework.context.annotation.ConfigurationClassEnhancer$ConditionalCallbackFilter
3997:             1             24  org.springframework.core.Constants
3998:             1             24  org.springframework.core.SerializableTypeWrapper$3
3999:             1             24  org.springframework.core.task.support.TaskExecutorAdapter
4000:             1             24  org.springframework.dao.annotation.PersistenceExceptionTranslationAdvisor
4001:             1             24  org.springframework.dao.support.PersistenceExceptionTranslationInterceptor
4002:             1             24  org.springframework.data.convert.ClassGeneratingEntityInstantiator
4003:             1             24  org.springframework.data.convert.DefaultTypeMapper
4004:             1             24  org.springframework.data.convert.EntityInstantiators
4005:             1             24  org.springframework.data.domain.PageRequest
4006:             1             24  org.springframework.data.geo.format.DistanceFormatter
4007:             1             24  org.springframework.data.geo.format.PointFormatter
4008:             1             24  org.springframework.data.keyvalue.core.DefaultIdentifierGenerator
4009:             1             24  org.springframework.data.projection.ProxyProjectionFactory$MapAccessingMethodInterceptorFactory
4010:             1             24  org.springframework.data.projection.ProxyProjectionFactory$PropertyAccessingMethodInvokerFactory
4011:             1             24  org.springframework.data.redis.connection.convert.MapToPropertiesConverter
4012:             1             24  org.springframework.data.redis.core.RedisQueryEngine
4013:             1             24  org.springframework.data.redis.core.convert.BinaryConverters$BooleanToBytesConverter
4014:             1             24  org.springframework.data.redis.core.convert.MappingConfiguration
4015:             1             24  org.springframework.data.redis.core.convert.MappingRedisConverter$NaturalOrderingKeyComparator
4016:             1             24  org.springframework.data.redis.core.convert.MappingRedisConverter$RedisTypeAliasAccessor
4017:             1             24  org.springframework.data.redis.core.convert.ReferenceResolverImpl
4018:             1             24  org.springframework.data.repository.support.DefaultRepositoryInvokerFactory
4019:             1             24  org.springframework.data.repository.support.DomainClassConverter$ToEntityConverter
4020:             1             24  org.springframework.data.repository.support.Repositories$EmptyRepositoryFactoryInformation
4021:             1             24  org.springframework.http.HttpEntity
4022:             1             24  org.springframework.ldap.odm.core.impl.CaseIgnoreString
4023:             1             24  org.springframework.ldap.odm.core.impl.DefaultObjectDirectoryMapper
4024:             1             24  org.springframework.retry.policy.MapRetryContextCache
4025:             1             24  org.springframework.retry.policy.SimpleRetryPolicy
4026:             1             24  org.springframework.scheduling.annotation.SchedulingConfiguration$$EnhancerBySpringCGLIB$$55c7d30c$$FastClassBySpringCGLIB$$c216b439
4027:             1             24  org.springframework.scheduling.annotation.SchedulingConfiguration$$FastClassBySpringCGLIB$$bd049a56
4028:             1             24  org.springframework.validation.DefaultMessageCodesResolver$Format$1
4029:             1             24  org.springframework.validation.DefaultMessageCodesResolver$Format$2
4030:             1             24  org.springframework.web.context.support.ServletContextPropertySource
4031:             1             24  org.springframework.web.context.support.ServletContextResourcePatternResolver
4032:             1             24  org.springframework.web.context.support.ServletContextScope
4033:             1             24  org.springframework.web.method.annotation.ExceptionHandlerMethodResolver
4034:             1             24  org.springframework.web.method.annotation.RequestHeaderMethodArgumentResolver
4035:             1             24  org.springframework.web.method.support.CompositeUriComponentsContributor
4036:             1             24  org.springframework.web.servlet.handler.HandlerExceptionResolverComposite
4037:             1             24  org.springframework.web.servlet.mvc.method.annotation.ResponseBodyEmitterReturnValueHandler
4038:             1             24  org.springframework.web.servlet.view.ViewResolverComposite
4039:             1             24  org.springframework.web.util.HierarchicalUriComponents$Type$1
4040:             1             24  org.springframework.web.util.HierarchicalUriComponents$Type$10
4041:             1             24  org.springframework.web.util.HierarchicalUriComponents$Type$11
4042:             1             24  org.springframework.web.util.HierarchicalUriComponents$Type$12
4043:             1             24  org.springframework.web.util.HierarchicalUriComponents$Type$2
4044:             1             24  org.springframework.web.util.HierarchicalUriComponents$Type$3
4045:             1             24  org.springframework.web.util.HierarchicalUriComponents$Type$4
4046:             1             24  org.springframework.web.util.HierarchicalUriComponents$Type$5
4047:             1             24  org.springframework.web.util.HierarchicalUriComponents$Type$6
4048:             1             24  org.springframework.web.util.HierarchicalUriComponents$Type$7
4049:             1             24  org.springframework.web.util.HierarchicalUriComponents$Type$8
4050:             1             24  org.springframework.web.util.HierarchicalUriComponents$Type$9
4051:             1             24  org.yaml.snakeyaml.external.com.google.gdata.util.common.base.PercentEscaper
4052:             1             24  redis.clients.jedis.HostAndPort
4053:             1             24  redis.clients.util.RedisOutputStream
4054:             1             24  springfox.documentation.schema.CachingModelDependencyProvider$1
4055:             1             24  springfox.documentation.schema.CachingModelProvider
4056:             1             24  springfox.documentation.schema.CachingModelProvider$1
4057:             1             24  springfox.documentation.schema.DefaultModelDependencyProvider
4058:             1             24  springfox.documentation.schema.TypeNameExtractor
4059:             1             24  springfox.documentation.schema.configuration.ModelsConfiguration$$EnhancerBySpringCGLIB$$513a8edd$$FastClassBySpringCGLIB$$7012eda9
4060:             1             24  springfox.documentation.schema.configuration.ModelsConfiguration$$FastClassBySpringCGLIB$$9f784d07
4061:             1             24  springfox.documentation.schema.plugins.SchemaPluginsManager
4062:             1             24  springfox.documentation.schema.property.CachingModelPropertiesProvider$1
4063:             1             24  springfox.documentation.service.Contact
4064:             1             24  springfox.documentation.spring.web.DescriptionResolver
4065:             1             24  springfox.documentation.spring.web.plugins.ApiSelectorBuilder
4066:             1             24  springfox.documentation.spring.web.plugins.ApiSelectorBuilder$1
4067:             1             24  springfox.documentation.spring.web.plugins.DefaultConfiguration
4068:             1             24  springfox.documentation.spring.web.readers.operation.ApiOperationReader
4069:             1             24  springfox.documentation.spring.web.readers.operation.OperationParameterReader
4070:             1             24  springfox.documentation.spring.web.readers.parameter.ModelAttributeParameterExpander
4071:             1             24  springfox.documentation.spring.web.readers.parameter.ParameterDataTypeReader
4072:             1             24  springfox.documentation.spring.web.scanners.ApiDescriptionReader
4073:             1             24  springfox.documentation.spring.web.scanners.ApiDocumentationScanner
4074:             1             24  springfox.documentation.spring.web.scanners.ApiListingScanner
4075:             1             24  springfox.documentation.spring.web.scanners.ApiModelReader
4076:             1             24  springfox.documentation.spring.web.scanners.CachingOperationReader$1
4077:             1             24  springfox.documentation.swagger.readers.operation.SwaggerOperationResponseClassReader
4078:             1             24  springfox.documentation.swagger.readers.operation.SwaggerResponseMessageReader
4079:             1             24  springfox.documentation.swagger.web.ApiResourceController
4080:             1             24  sun.launcher.LauncherHelper
4081:             1             24  sun.management.CompilationImpl
4082:             1             24  sun.management.OperatingSystemImpl
4083:             1             24  sun.management.RuntimeImpl
4084:             1             24  sun.management.ThreadImpl
4085:             1             24  sun.management.VMManagementImpl
4086:             1             24  sun.net.ProgressMonitor
4087:             1             24  sun.net.www.MimeTable
4088:             1             24  sun.net.www.protocol.http.Handler
4089:             1             24  sun.nio.cs.CESU_8
4090:             1             24  sun.nio.cs.IBM437
4091:             1             24  sun.nio.cs.IBM737
4092:             1             24  sun.nio.cs.IBM775
4093:             1             24  sun.nio.cs.IBM850
4094:             1             24  sun.nio.cs.IBM852
4095:             1             24  sun.nio.cs.IBM855
4096:             1             24  sun.nio.cs.IBM857
4097:             1             24  sun.nio.cs.IBM858
4098:             1             24  sun.nio.cs.IBM862
4099:             1             24  sun.nio.cs.IBM866
4100:             1             24  sun.nio.cs.IBM874
4101:             1             24  sun.nio.cs.ISO_8859_1
4102:             1             24  sun.nio.cs.ISO_8859_13
4103:             1             24  sun.nio.cs.ISO_8859_15
4104:             1             24  sun.nio.cs.ISO_8859_2
4105:             1             24  sun.nio.cs.ISO_8859_4
4106:             1             24  sun.nio.cs.ISO_8859_5
4107:             1             24  sun.nio.cs.ISO_8859_7
4108:             1             24  sun.nio.cs.ISO_8859_9
4109:             1             24  sun.nio.cs.KOI8_R
4110:             1             24  sun.nio.cs.KOI8_U
4111:             1             24  sun.nio.cs.MS1250
4112:             1             24  sun.nio.cs.MS1251
4113:             1             24  sun.nio.cs.MS1252
4114:             1             24  sun.nio.cs.MS1253
4115:             1             24  sun.nio.cs.MS1254
4116:             1             24  sun.nio.cs.MS1257
4117:             1             24  sun.nio.cs.ThreadLocalCoders$1
4118:             1             24  sun.nio.cs.ThreadLocalCoders$2
4119:             1             24  sun.nio.cs.US_ASCII
4120:             1             24  sun.nio.cs.UTF_16
4121:             1             24  sun.nio.cs.UTF_16BE
4122:             1             24  sun.nio.cs.UTF_16LE
4123:             1             24  sun.nio.cs.UTF_16LE_BOM
4124:             1             24  sun.nio.cs.UTF_32
4125:             1             24  sun.nio.cs.UTF_32BE
4126:             1             24  sun.nio.cs.UTF_32BE_BOM
4127:             1             24  sun.nio.cs.UTF_32LE
4128:             1             24  sun.nio.cs.UTF_32LE_BOM
4129:             1             24  sun.nio.cs.UTF_8
4130:             1             24  sun.nio.cs.ext.Big5
4131:             1             24  sun.nio.cs.ext.Big5_HKSCS
4132:             1             24  sun.nio.cs.ext.Big5_HKSCS_2001
4133:             1             24  sun.nio.cs.ext.Big5_Solaris
4134:             1             24  sun.nio.cs.ext.EUC_CN
4135:             1             24  sun.nio.cs.ext.EUC_JP
4136:             1             24  sun.nio.cs.ext.EUC_JP_LINUX
4137:             1             24  sun.nio.cs.ext.EUC_JP_Open
4138:             1             24  sun.nio.cs.ext.EUC_TW
4139:             1             24  sun.nio.cs.ext.GB18030
4140:             1             24  sun.nio.cs.ext.GBK
4141:             1             24  sun.nio.cs.ext.IBM037
4142:             1             24  sun.nio.cs.ext.IBM1006
4143:             1             24  sun.nio.cs.ext.IBM1025
4144:             1             24  sun.nio.cs.ext.IBM1026
4145:             1             24  sun.nio.cs.ext.IBM1046
4146:             1             24  sun.nio.cs.ext.IBM1047
4147:             1             24  sun.nio.cs.ext.IBM1097
4148:             1             24  sun.nio.cs.ext.IBM1098
4149:             1             24  sun.nio.cs.ext.IBM1112
4150:             1             24  sun.nio.cs.ext.IBM1122
4151:             1             24  sun.nio.cs.ext.IBM1123
4152:             1             24  sun.nio.cs.ext.IBM1124
4153:             1             24  sun.nio.cs.ext.IBM1140
4154:             1             24  sun.nio.cs.ext.IBM1141
4155:             1             24  sun.nio.cs.ext.IBM1142
4156:             1             24  sun.nio.cs.ext.IBM1143
4157:             1             24  sun.nio.cs.ext.IBM1144
4158:             1             24  sun.nio.cs.ext.IBM1145
4159:             1             24  sun.nio.cs.ext.IBM1146
4160:             1             24  sun.nio.cs.ext.IBM1147
4161:             1             24  sun.nio.cs.ext.IBM1148
4162:             1             24  sun.nio.cs.ext.IBM1149
4163:             1             24  sun.nio.cs.ext.IBM1364
4164:             1             24  sun.nio.cs.ext.IBM1381
4165:             1             24  sun.nio.cs.ext.IBM1383
4166:             1             24  sun.nio.cs.ext.IBM273
4167:             1             24  sun.nio.cs.ext.IBM277
4168:             1             24  sun.nio.cs.ext.IBM278
4169:             1             24  sun.nio.cs.ext.IBM280
4170:             1             24  sun.nio.cs.ext.IBM284
4171:             1             24  sun.nio.cs.ext.IBM285
4172:             1             24  sun.nio.cs.ext.IBM290
4173:             1             24  sun.nio.cs.ext.IBM297
4174:             1             24  sun.nio.cs.ext.IBM300
4175:             1             24  sun.nio.cs.ext.IBM33722
4176:             1             24  sun.nio.cs.ext.IBM420
4177:             1             24  sun.nio.cs.ext.IBM424
4178:             1             24  sun.nio.cs.ext.IBM500
4179:             1             24  sun.nio.cs.ext.IBM833
4180:             1             24  sun.nio.cs.ext.IBM834
4181:             1             24  sun.nio.cs.ext.IBM838
4182:             1             24  sun.nio.cs.ext.IBM856
4183:             1             24  sun.nio.cs.ext.IBM860
4184:             1             24  sun.nio.cs.ext.IBM861
4185:             1             24  sun.nio.cs.ext.IBM863
4186:             1             24  sun.nio.cs.ext.IBM864
4187:             1             24  sun.nio.cs.ext.IBM865
4188:             1             24  sun.nio.cs.ext.IBM868
4189:             1             24  sun.nio.cs.ext.IBM869
4190:             1             24  sun.nio.cs.ext.IBM870
4191:             1             24  sun.nio.cs.ext.IBM871
4192:             1             24  sun.nio.cs.ext.IBM875
4193:             1             24  sun.nio.cs.ext.IBM918
4194:             1             24  sun.nio.cs.ext.IBM921
4195:             1             24  sun.nio.cs.ext.IBM922
4196:             1             24  sun.nio.cs.ext.IBM930
4197:             1             24  sun.nio.cs.ext.IBM933
4198:             1             24  sun.nio.cs.ext.IBM935
4199:             1             24  sun.nio.cs.ext.IBM937
4200:             1             24  sun.nio.cs.ext.IBM939
4201:             1             24  sun.nio.cs.ext.IBM942
4202:             1             24  sun.nio.cs.ext.IBM942C
4203:             1             24  sun.nio.cs.ext.IBM943
4204:             1             24  sun.nio.cs.ext.IBM943C
4205:             1             24  sun.nio.cs.ext.IBM948
4206:             1             24  sun.nio.cs.ext.IBM949
4207:             1             24  sun.nio.cs.ext.IBM949C
4208:             1             24  sun.nio.cs.ext.IBM950
4209:             1             24  sun.nio.cs.ext.IBM964
4210:             1             24  sun.nio.cs.ext.IBM970
4211:             1             24  sun.nio.cs.ext.ISCII91
4212:             1             24  sun.nio.cs.ext.ISO2022_CN
4213:             1             24  sun.nio.cs.ext.ISO2022_CN_CNS
4214:             1             24  sun.nio.cs.ext.ISO2022_CN_GB
4215:             1             24  sun.nio.cs.ext.ISO2022_JP
4216:             1             24  sun.nio.cs.ext.ISO2022_JP_2
4217:             1             24  sun.nio.cs.ext.ISO2022_KR
4218:             1             24  sun.nio.cs.ext.ISO_8859_11
4219:             1             24  sun.nio.cs.ext.ISO_8859_3
4220:             1             24  sun.nio.cs.ext.ISO_8859_6
4221:             1             24  sun.nio.cs.ext.ISO_8859_8
4222:             1             24  sun.nio.cs.ext.JISAutoDetect
4223:             1             24  sun.nio.cs.ext.JIS_X_0201
4224:             1             24  sun.nio.cs.ext.JIS_X_0208
4225:             1             24  sun.nio.cs.ext.JIS_X_0212
4226:             1             24  sun.nio.cs.ext.Johab
4227:             1             24  sun.nio.cs.ext.MS1255
4228:             1             24  sun.nio.cs.ext.MS1256
4229:             1             24  sun.nio.cs.ext.MS1258
4230:             1             24  sun.nio.cs.ext.MS50220
4231:             1             24  sun.nio.cs.ext.MS50221
4232:             1             24  sun.nio.cs.ext.MS874
4233:             1             24  sun.nio.cs.ext.MS932
4234:             1             24  sun.nio.cs.ext.MS932_0213
4235:             1             24  sun.nio.cs.ext.MS936
4236:             1             24  sun.nio.cs.ext.MS949
4237:             1             24  sun.nio.cs.ext.MS950
4238:             1             24  sun.nio.cs.ext.MS950_HKSCS
4239:             1             24  sun.nio.cs.ext.MS950_HKSCS_XP
4240:             1             24  sun.nio.cs.ext.MSISO2022JP
4241:             1             24  sun.nio.cs.ext.MacArabic
4242:             1             24  sun.nio.cs.ext.MacCentralEurope
4243:             1             24  sun.nio.cs.ext.MacCroatian
4244:             1             24  sun.nio.cs.ext.MacCyrillic
4245:             1             24  sun.nio.cs.ext.MacDingbat
4246:             1             24  sun.nio.cs.ext.MacGreek
4247:             1             24  sun.nio.cs.ext.MacHebrew
4248:             1             24  sun.nio.cs.ext.MacIceland
4249:             1             24  sun.nio.cs.ext.MacRoman
4250:             1             24  sun.nio.cs.ext.MacRomania
4251:             1             24  sun.nio.cs.ext.MacSymbol
4252:             1             24  sun.nio.cs.ext.MacThai
4253:             1             24  sun.nio.cs.ext.MacTurkish
4254:             1             24  sun.nio.cs.ext.MacUkraine
4255:             1             24  sun.nio.cs.ext.PCK
4256:             1             24  sun.nio.cs.ext.SJIS
4257:             1             24  sun.nio.cs.ext.SJIS_0213
4258:             1             24  sun.nio.cs.ext.TIS_620
4259:             1             24  sun.nio.fs.NativeBuffer$Deallocator
4260:             1             24  sun.reflect.annotation.TypeAnnotation$LocationInfo
4261:             1             24  sun.security.ssl.SSLAlgorithmConstraints$TLSDisabledAlgConstraints
4262:             1             24  sun.security.ssl.SSLAlgorithmConstraints$X509DisabledAlgConstraints
4263:             1             24  sun.security.util.DisabledAlgorithmConstraints$KeySizeConstraint
4264:             1             24  sun.util.locale.BaseLocale$Cache
4265:             1             24  sun.util.locale.provider.CalendarDataProviderImpl
4266:             1             24  sun.util.locale.provider.CalendarProviderImpl
4267:             1             24  sun.util.locale.provider.CollatorProviderImpl
4268:             1             24  sun.util.locale.provider.CurrencyNameProviderImpl
4269:             1             24  sun.util.locale.provider.DateFormatSymbolsProviderImpl
4270:             1             24  sun.util.locale.provider.DecimalFormatSymbolsProviderImpl
4271:             1             24  sun.util.locale.provider.NumberFormatProviderImpl
4272:             1             24  sun.util.locale.provider.TimeZoneNameProviderImpl
4273:             1             24  sun.util.logging.PlatformLogger
4274:             1             24  sun.util.logging.PlatformLogger$JavaLoggerProxy
4275:             1             24  zipkin2.codec.Encoding$1
4276:             1             24  zipkin2.codec.SpanBytesEncoder$1
4277:             1             24  zipkin2.codec.SpanBytesEncoder$2
4278:             1             24  zipkin2.reporter.AsyncReporter$Builder$$Lambda$1
4279:             1             24  zipkin2.reporter.BytesMessageEncoder$1
4280:             1             24  zipkin2.reporter.amqp.RabbitMQSender$1
4281:             1             16  [Lcom.fasterxml.classmate.members.RawConstructor;
4282:             1             16  [Lcom.fasterxml.classmate.members.ResolvedConstructor;
4283:             1             16  [Lcom.fasterxml.classmate.members.ResolvedField;
4284:             1             16  [Lcom.fasterxml.classmate.members.ResolvedMethod;
4285:             1             16  [Lcom.fasterxml.jackson.databind.AbstractTypeResolver;
4286:             1             16  [Lcom.fasterxml.jackson.databind.deser.BeanDeserializerModifier;
4287:             1             16  [Lcom.fasterxml.jackson.databind.deser.ValueInstantiators;
4288:             1             16  [Lcom.fasterxml.jackson.databind.ser.BeanSerializerModifier;
4289:             1             16  [Lcom.fasterxml.jackson.databind.util.ClassUtil$Ctor;
4290:             1             16  [Lcom.google.inject.internal.util.StackTraceElements$InMemoryStackTraceElement;
4291:             1             16  [Lcom.google.inject.spi.ProvisionListener;
4292:             1             16  [Ljava.beans.EventSetDescriptor;
4293:             1             16  [Ljava.lang.Throwable;
4294:             1             16  [Ljava.lang.reflect.AnnotatedType;
4295:             1             16  [Ljava.nio.file.attribute.FileAttribute;
4296:             1             16  [Ljava.security.Provider;
4297:             1             16  [Ljava.text.FieldPosition;
4298:             1             16  [Ljava.util.logging.Handler;
4299:             1             16  [Lorg.apache.catalina.core.DefaultInstanceManager$AnnotationCacheEntry;
4300:             1             16  [Lorg.apache.catalina.servlets.DefaultServlet$CompressionFormat;
4301:             1             16  [Lorg.apache.tomcat.util.descriptor.web.ApplicationParameter;
4302:             1             16  [Lorg.apache.tomcat.util.descriptor.web.SecurityConstraint;
4303:             1             16  [Lorg.aspectj.apache.bcel.classfile.CodeException;
4304:             1             16  [Lorg.aspectj.apache.bcel.classfile.annotation.AnnotationGen;
4305:             1             16  [Lorg.aspectj.apache.bcel.classfile.annotation.ElementValue;
4306:             1             16  [Lorg.aspectj.bridge.IMessage;
4307:             1             16  [Lorg.aspectj.weaver.JoinPointSignature;
4308:             1             16  [Lorg.aspectj.weaver.Member;
4309:             1             16  [Lorg.aspectj.weaver.ReferenceType;
4310:             1             16  [Lorg.aspectj.weaver.ResolvedPointcutDefinition;
4311:             1             16  [Lorg.aspectj.weaver.ast.Expr;
4312:             1             16  [Lorg.aspectj.weaver.patterns.AnnotationTypePattern;
4313:             1             16  [Lorg.aspectj.weaver.patterns.BindingPattern;
4314:             1             16  [Lorg.aspectj.weaver.patterns.FormalBinding;
4315:             1             16  [Lorg.springframework.amqp.rabbit.annotation.RabbitListener;
4316:             1             16  [Lorg.springframework.amqp.rabbit.annotation.RabbitListenerAnnotationBeanPostProcessor$ListenerMethod;
4317:             1             16  [Lorg.springframework.cloud.netflix.ribbon.RibbonClient;
4318:             1             16  [Lorg.springframework.expression.spel.ast.SpelNodeImpl;
4319:             1             16  [Lorg.springframework.retry.RetryListener;
4320:             1             16  [Lorg.springframework.web.context.request.async.CallableProcessingInterceptor;
4321:             1             16  [Lorg.springframework.web.context.request.async.DeferredResultProcessingInterceptor;
4322:             1             16  [Lsun.reflect.annotation.TypeAnnotation$LocationInfo$Location;
4323:             1             16  [[Lorg.aspectj.apache.bcel.classfile.annotation.AnnotationGen;
4324:             1             16  [[Lorg.aspectj.weaver.AnnotationAJ;
4325:             1             16  ch.qos.logback.classic.selector.DefaultContextSelector
4326:             1             16  ch.qos.logback.core.LifeCycleManager
4327:             1             16  ch.qos.logback.core.joran.spi.ConsoleTarget$1
4328:             1             16  ch.qos.logback.core.joran.spi.ConsoleTarget$2
4329:             1             16  ch.qos.logback.core.joran.spi.DefaultNestedComponentRegistry
4330:             1             16  ch.qos.logback.core.joran.util.ConfigurationWatchListUtil
4331:             1             16  ch.qos.logback.core.spi.AppenderAttachableImpl
4332:             1             16  com.alibaba.fastjson.parser.deserializer.JavaObjectDeserializer
4333:             1             16  com.alibaba.fastjson.parser.deserializer.MapDeserializer
4334:             1             16  com.alibaba.fastjson.parser.deserializer.NumberDeserializer
4335:             1             16  com.alibaba.fastjson.parser.deserializer.StackTraceElementDeserializer
4336:             1             16  com.alibaba.fastjson.parser.deserializer.TimeDeserializer
4337:             1             16  com.alibaba.fastjson.serializer.AppendableSerializer
4338:             1             16  com.alibaba.fastjson.serializer.AtomicCodec
4339:             1             16  com.alibaba.fastjson.serializer.BigDecimalCodec
4340:             1             16  com.alibaba.fastjson.serializer.BigIntegerCodec
4341:             1             16  com.alibaba.fastjson.serializer.BooleanCodec
4342:             1             16  com.alibaba.fastjson.serializer.CalendarCodec
4343:             1             16  com.alibaba.fastjson.serializer.CharacterCodec
4344:             1             16  com.alibaba.fastjson.serializer.CollectionCodec
4345:             1             16  com.alibaba.fastjson.serializer.DateCodec
4346:             1             16  com.alibaba.fastjson.serializer.DoubleSerializer
4347:             1             16  com.alibaba.fastjson.serializer.FloatCodec
4348:             1             16  com.alibaba.fastjson.serializer.IntegerCodec
4349:             1             16  com.alibaba.fastjson.serializer.LongCodec
4350:             1             16  com.alibaba.fastjson.serializer.ObjectArrayCodec
4351:             1             16  com.alibaba.fastjson.serializer.PrimitiveArraySerializer
4352:             1             16  com.alibaba.fastjson.serializer.ReferenceCodec
4353:             1             16  com.alibaba.fastjson.serializer.StringCodec
4354:             1             16  com.alibaba.fastjson.serializer.ToStringSerializer
4355:             1             16  com.ctrip.framework.apollo.spring.boot.ApolloApplicationContextInitializer
4356:             1             16  com.ctrip.framework.apollo.spring.config.ConfigPropertySourceFactory
4357:             1             16  com.ctrip.framework.apollo.spring.config.ConfigPropertySourceFactory$$FastClassByGuice$$2a4f0e31
4358:             1             16  com.ctrip.framework.apollo.spring.property.PlaceholderHelper$$FastClassByGuice$$20d7548d
4359:             1             16  com.ctrip.framework.apollo.spring.property.SpringValueRegistry$$FastClassByGuice$$79e3924d
4360:             1             16  com.fasterxml.jackson.core.util.DefaultPrettyPrinter$FixedSpaceIndenter
4361:             1             16  com.fasterxml.jackson.core.util.DefaultPrettyPrinter$NopIndenter
4362:             1             16  com.fasterxml.jackson.core.util.MinimalPrettyPrinter
4363:             1             16  com.fasterxml.jackson.databind.deser.std.JsonNodeDeserializer
4364:             1             16  com.fasterxml.jackson.databind.deser.std.NumberDeserializers$NumberDeserializer
4365:             1             16  com.fasterxml.jackson.databind.deser.std.StdKeyDeserializers
4366:             1             16  com.fasterxml.jackson.databind.deser.std.StringDeserializer
4367:             1             16  com.fasterxml.jackson.databind.deser.std.UntypedObjectDeserializer$Vanilla
4368:             1             16  com.fasterxml.jackson.databind.ext.Java7SupportImpl
4369:             1             16  com.fasterxml.jackson.databind.ext.OptionalHandlerFactory
4370:             1             16  com.fasterxml.jackson.databind.node.TextNode
4371:             1             16  com.fasterxml.jackson.databind.ser.impl.UnknownSerializer
4372:             1             16  com.fasterxml.jackson.databind.ser.std.NullSerializer
4373:             1             16  com.fasterxml.jackson.databind.ser.std.StdKeySerializer
4374:             1             16  com.fasterxml.jackson.databind.ser.std.StdKeySerializers$StringKeySerializer
4375:             1             16  com.fasterxml.jackson.databind.ser.std.StringSerializer
4376:             1             16  com.fasterxml.jackson.databind.ser.std.ToStringSerializer
4377:             1             16  com.fasterxml.jackson.databind.ser.std.UUIDSerializer
4378:             1             16  com.fasterxml.jackson.databind.type.TypeParser
4379:             1             16  com.fasterxml.jackson.databind.util.ClassUtil$EmptyIterator
4380:             1             16  com.fasterxml.jackson.databind.util.ViewMatcher
4381:             1             16  com.github.tobato.fastdfs.conn.ConnectionManager
4382:             1             16  com.github.tobato.fastdfs.conn.FdfsWebServer
4383:             1             16  com.github.tobato.fastdfs.service.DefaultTrackerClient
4384:             1             16  com.google.common.base.Absent
4385:             1             16  com.google.common.base.CharMatcher$1
4386:             1             16  com.google.common.base.CharMatcher$15
4387:             1             16  com.google.common.base.CharMatcher$2
4388:             1             16  com.google.common.base.CharMatcher$3
4389:             1             16  com.google.common.base.CharMatcher$4
4390:             1             16  com.google.common.base.CharMatcher$5
4391:             1             16  com.google.common.base.CharMatcher$6
4392:             1             16  com.google.common.base.CharMatcher$7
4393:             1             16  com.google.common.base.CharMatcher$8
4394:             1             16  com.google.common.base.Equivalence$Equals
4395:             1             16  com.google.common.base.Equivalence$Identity
4396:             1             16  com.google.common.base.Splitter$2
4397:             1             16  com.google.common.base.Suppliers$SupplierOfInstance
4398:             1             16  com.google.common.base.Ticker$1
4399:             1             16  com.google.common.cache.CacheBuilder$1
4400:             1             16  com.google.common.cache.CacheBuilder$2
4401:             1             16  com.google.common.cache.CacheBuilder$3
4402:             1             16  com.google.common.cache.LocalCache$1
4403:             1             16  com.google.common.cache.LocalCache$2
4404:             1             16  com.google.common.cache.LocalCache$LocalManualCache
4405:             1             16  com.google.common.collect.AbstractMapBasedMultimap$AsMap$AsMapEntries
4406:             1             16  com.google.common.collect.AbstractMultimap$Values
4407:             1             16  com.google.common.collect.EmptyImmutableSet
4408:             1             16  com.google.common.collect.Iterators$1
4409:             1             16  com.google.common.collect.Iterators$2
4410:             1             16  com.google.common.collect.LinkedListMultimap$2
4411:             1             16  com.google.common.collect.MapMakerInternalMap$1
4412:             1             16  com.google.common.collect.MapMakerInternalMap$2
4413:             1             16  com.google.common.collect.Multimaps$AsMap$EntrySet
4414:             1             16  com.google.common.collect.NaturalOrdering
4415:             1             16  com.google.gson.Gson$1
4416:             1             16  com.google.gson.Gson$2
4417:             1             16  com.google.gson.Gson$4
4418:             1             16  com.google.gson.Gson$5
4419:             1             16  com.google.gson.internal.ConstructorConstructor
4420:             1             16  com.google.gson.internal.bind.ArrayTypeAdapter$1
4421:             1             16  com.google.gson.internal.bind.CollectionTypeAdapterFactory
4422:             1             16  com.google.gson.internal.bind.DateTypeAdapter$1
4423:             1             16  com.google.gson.internal.bind.JsonAdapterAnnotationTypeAdapterFactory
4424:             1             16  com.google.gson.internal.bind.ObjectTypeAdapter$1
4425:             1             16  com.google.gson.internal.bind.SqlDateTypeAdapter$1
4426:             1             16  com.google.gson.internal.bind.TimeTypeAdapter$1
4427:             1             16  com.google.gson.internal.bind.TypeAdapters$1
4428:             1             16  com.google.gson.internal.bind.TypeAdapters$10
4429:             1             16  com.google.gson.internal.bind.TypeAdapters$11
4430:             1             16  com.google.gson.internal.bind.TypeAdapters$12
4431:             1             16  com.google.gson.internal.bind.TypeAdapters$13
4432:             1             16  com.google.gson.internal.bind.TypeAdapters$14
4433:             1             16  com.google.gson.internal.bind.TypeAdapters$15
4434:             1             16  com.google.gson.internal.bind.TypeAdapters$16
4435:             1             16  com.google.gson.internal.bind.TypeAdapters$17
4436:             1             16  com.google.gson.internal.bind.TypeAdapters$18
4437:             1             16  com.google.gson.internal.bind.TypeAdapters$19
4438:             1             16  com.google.gson.internal.bind.TypeAdapters$2
4439:             1             16  com.google.gson.internal.bind.TypeAdapters$20
4440:             1             16  com.google.gson.internal.bind.TypeAdapters$21
4441:             1             16  com.google.gson.internal.bind.TypeAdapters$22
4442:             1             16  com.google.gson.internal.bind.TypeAdapters$23
4443:             1             16  com.google.gson.internal.bind.TypeAdapters$24
4444:             1             16  com.google.gson.internal.bind.TypeAdapters$25
4445:             1             16  com.google.gson.internal.bind.TypeAdapters$26
4446:             1             16  com.google.gson.internal.bind.TypeAdapters$27
4447:             1             16  com.google.gson.internal.bind.TypeAdapters$28
4448:             1             16  com.google.gson.internal.bind.TypeAdapters$29
4449:             1             16  com.google.gson.internal.bind.TypeAdapters$3
4450:             1             16  com.google.gson.internal.bind.TypeAdapters$30
4451:             1             16  com.google.gson.internal.bind.TypeAdapters$4
4452:             1             16  com.google.gson.internal.bind.TypeAdapters$5
4453:             1             16  com.google.gson.internal.bind.TypeAdapters$6
4454:             1             16  com.google.gson.internal.bind.TypeAdapters$7
4455:             1             16  com.google.gson.internal.bind.TypeAdapters$8
4456:             1             16  com.google.gson.internal.bind.TypeAdapters$9
4457:             1             16  com.google.inject.Scopes$1
4458:             1             16  com.google.inject.Scopes$2
4459:             1             16  com.google.inject.internal.Annotations$1
4460:             1             16  com.google.inject.internal.Annotations$3
4461:             1             16  com.google.inject.internal.BytecodeGen$1
4462:             1             16  com.google.inject.internal.BytecodeGen$2
4463:             1             16  com.google.inject.internal.BytecodeGen$3
4464:             1             16  com.google.inject.internal.ConstantFactory
4465:             1             16  com.google.inject.internal.CycleDetectingLock$CycleDetectingLockFactory
4466:             1             16  com.google.inject.internal.Errors$2
4467:             1             16  com.google.inject.internal.Errors$3
4468:             1             16  com.google.inject.internal.Errors$4
4469:             1             16  com.google.inject.internal.Initializables$1
4470:             1             16  com.google.inject.internal.InjectorImpl$BindingsMultimap
4471:             1             16  com.google.inject.internal.InjectorShell$InjectorFactory
4472:             1             16  com.google.inject.internal.InjectorShell$LoggerFactory
4473:             1             16  com.google.inject.internal.ProviderMethodsModule$1
4474:             1             16  com.google.inject.internal.ProvisionListenerCallbackStore$1
4475:             1             16  com.google.inject.internal.Scoping$1
4476:             1             16  com.google.inject.internal.Scoping$2
4477:             1             16  com.google.inject.internal.Scoping$3
4478:             1             16  com.google.inject.internal.Scoping$4
4479:             1             16  com.google.inject.internal.SingletonScope
4480:             1             16  com.google.inject.internal.State$1
4481:             1             16  com.google.inject.internal.TypeConverterBindingProcessor$1
4482:             1             16  com.google.inject.internal.TypeConverterBindingProcessor$2
4483:             1             16  com.google.inject.internal.TypeConverterBindingProcessor$3
4484:             1             16  com.google.inject.internal.TypeConverterBindingProcessor$4
4485:             1             16  com.google.inject.internal.WeakKeySet$1
4486:             1             16  com.google.inject.internal.cglib.core.$DefaultGeneratorStrategy
4487:             1             16  com.google.inject.internal.cglib.core.$DefaultNamingPolicy
4488:             1             16  com.google.inject.internal.cglib.core.$KeyFactory$1
4489:             1             16  com.google.inject.internal.cglib.core.$KeyFactory$2
4490:             1             16  com.google.inject.internal.cglib.core.$MethodInfoTransformer
4491:             1             16  com.google.inject.internal.util.StackTraceElements$1
4492:             1             16  com.google.inject.matcher.Matchers$Any
4493:             1             16  com.google.inject.matcher.Matchers$SubclassesOf
4494:             1             16  com.google.inject.spi.Elements$1
4495:             1             16  com.google.inject.util.Modules$EmptyModule
4496:             1             16  com.google.inject.util.Providers$ConstantProvider
4497:             1             16  com.netflix.appinfo.ApplicationInfoManager$1
4498:             1             16  com.netflix.appinfo.providers.Archaius1VipAddressResolver
4499:             1             16  com.netflix.config.ConfigurationBackedDynamicPropertySupportImpl
4500:             1             16  com.netflix.config.ConfigurationBasedDeploymentContext$1
4501:             1             16  com.netflix.config.DynamicProperty$DynamicPropertyListener
4502:             1             16  com.netflix.config.DynamicPropertyFactory
4503:             1             16  com.netflix.config.ExpandedConfigurationListenerAdapter
4504:             1             16  com.netflix.discovery.AbstractAzToRegionMapper$1
4505:             1             16  com.netflix.discovery.DiscoveryClient$3
4506:             1             16  com.netflix.discovery.DiscoveryClient$CacheRefreshThread
4507:             1             16  com.netflix.discovery.DiscoveryClient$HeartbeatThread
4508:             1             16  com.netflix.discovery.converters.Converters$ApplicationConverter
4509:             1             16  com.netflix.discovery.converters.Converters$ApplicationsConverter
4510:             1             16  com.netflix.discovery.converters.Converters$DataCenterInfoConverter
4511:             1             16  com.netflix.discovery.converters.Converters$InstanceInfoConverter
4512:             1             16  com.netflix.discovery.converters.Converters$LeaseInfoConverter
4513:             1             16  com.netflix.discovery.converters.Converters$MetadataConverter
4514:             1             16  com.netflix.discovery.converters.wrappers.CodecWrappers$LegacyJacksonJson
4515:             1             16  com.netflix.discovery.converters.wrappers.CodecWrappers$XStreamXml
4516:             1             16  com.netflix.discovery.endpoint.EndpointUtils$InstanceInfoBasedUrlRandomizer
4517:             1             16  com.netflix.discovery.shared.resolver.AsyncResolver$1
4518:             1             16  com.netflix.discovery.shared.transport.decorator.ServerStatusEvaluators$1
4519:             1             16  com.netflix.discovery.shared.transport.decorator.ServerStatusEvaluators$2
4520:             1             16  com.netflix.discovery.shared.transport.jersey.Jersey1TransportClientFactories
4521:             1             16  com.netflix.discovery.shared.transport.jersey.SSLSocketFactoryAdapter$DummySSLSocketFactory
4522:             1             16  com.netflix.discovery.shared.transport.jersey.SSLSocketFactoryAdapter$DummyX509HostnameVerifier
4523:             1             16  com.netflix.discovery.util.DiscoveryBuildInfo
4524:             1             16  com.netflix.hystrix.HystrixCommandMetrics$1
4525:             1             16  com.netflix.hystrix.HystrixCommandMetrics$2
4526:             1             16  com.netflix.hystrix.strategy.concurrency.HystrixConcurrencyStrategyDefault
4527:             1             16  com.netflix.hystrix.strategy.eventnotifier.HystrixEventNotifierDefault
4528:             1             16  com.netflix.hystrix.strategy.executionhook.HystrixCommandExecutionHookDefault
4529:             1             16  com.netflix.hystrix.strategy.metrics.HystrixMetricsPublisherDefault
4530:             1             16  com.netflix.hystrix.strategy.properties.HystrixDynamicPropertiesSystemProperties
4531:             1             16  com.netflix.hystrix.strategy.properties.HystrixPropertiesStrategyDefault
4532:             1             16  com.netflix.hystrix.strategy.properties.archaius.HystrixDynamicPropertiesArchaius
4533:             1             16  com.netflix.servo.BasicMonitorRegistry
4534:             1             16  com.netflix.servo.DefaultMonitorRegistry
4535:             1             16  com.netflix.servo.monitor.DefaultPublishingPolicy
4536:             1             16  com.netflix.servo.monitor.Monitors$CounterFactory
4537:             1             16  com.rabbitmq.client.DefaultSocketChannelConfigurator
4538:             1             16  com.rabbitmq.client.DefaultSocketConfigurator
4539:             1             16  com.rabbitmq.client.NoOpMetricsCollector
4540:             1             16  com.rabbitmq.client.impl.AMQConnection$MainLoop
4541:             1             16  com.rabbitmq.client.impl.DefaultExceptionHandler
4542:             1             16  com.sun.jersey.core.header.MediaTypes$1
4543:             1             16  com.sun.jersey.core.header.MediaTypes$2
4544:             1             16  com.sun.jersey.core.header.MediaTypes$3
4545:             1             16  com.sun.jersey.core.header.reader.HttpHeaderReader$1
4546:             1             16  com.sun.jersey.core.header.reader.HttpHeaderReader$2
4547:             1             16  com.sun.jersey.core.header.reader.HttpHeaderReader$3
4548:             1             16  com.sun.jersey.core.header.reader.HttpHeaderReader$4
4549:             1             16  com.sun.jersey.core.header.reader.HttpHeaderReader$5
4550:             1             16  com.sun.jersey.core.header.reader.HttpHeaderReader$7
4551:             1             16  com.sun.jersey.core.header.reader.HttpHeaderReader$8
4552:             1             16  com.sun.jersey.core.header.reader.HttpHeaderReader$9
4553:             1             16  com.sun.jersey.core.impl.provider.entity.ByteArrayProvider
4554:             1             16  com.sun.jersey.core.impl.provider.entity.DataSourceProvider
4555:             1             16  com.sun.jersey.core.impl.provider.entity.EntityHolderReader
4556:             1             16  com.sun.jersey.core.impl.provider.entity.FileProvider
4557:             1             16  com.sun.jersey.core.impl.provider.entity.FormMultivaluedMapProvider
4558:             1             16  com.sun.jersey.core.impl.provider.entity.FormProvider
4559:             1             16  com.sun.jersey.core.impl.provider.entity.InputStreamProvider
4560:             1             16  com.sun.jersey.core.impl.provider.entity.ReaderProvider
4561:             1             16  com.sun.jersey.core.impl.provider.entity.RenderedImageProvider
4562:             1             16  com.sun.jersey.core.impl.provider.entity.SourceProvider$DOMSourceReader
4563:             1             16  com.sun.jersey.core.impl.provider.entity.SourceProvider$SAXSourceReader
4564:             1             16  com.sun.jersey.core.impl.provider.entity.SourceProvider$StreamSourceReader
4565:             1             16  com.sun.jersey.core.impl.provider.entity.StreamingOutputProvider
4566:             1             16  com.sun.jersey.core.impl.provider.entity.StringProvider
4567:             1             16  com.sun.jersey.core.impl.provider.header.CacheControlProvider
4568:             1             16  com.sun.jersey.core.impl.provider.header.CookieProvider
4569:             1             16  com.sun.jersey.core.impl.provider.header.DateProvider
4570:             1             16  com.sun.jersey.core.impl.provider.header.EntityTagProvider
4571:             1             16  com.sun.jersey.core.impl.provider.header.LocaleProvider
4572:             1             16  com.sun.jersey.core.impl.provider.header.MediaTypeProvider
4573:             1             16  com.sun.jersey.core.impl.provider.header.NewCookieProvider
4574:             1             16  com.sun.jersey.core.impl.provider.header.StringProvider
4575:             1             16  com.sun.jersey.core.impl.provider.header.URIProvider
4576:             1             16  com.sun.jersey.core.provider.jaxb.AbstractListElementProvider$1
4577:             1             16  com.sun.jersey.core.reflection.ReflectionHelper$1
4578:             1             16  com.sun.jersey.core.spi.factory.ContextResolverFactory$1
4579:             1             16  com.sun.jersey.core.spi.factory.ContextResolverFactory$NullContextResolverAdapter
4580:             1             16  com.sun.jersey.core.spi.factory.InjectableProviderFactory
4581:             1             16  com.sun.jersey.core.spi.factory.MessageBodyFactory$1
4582:             1             16  com.sun.jersey.core.util.StringIgnoreCaseKeyComparator
4583:             1             16  com.sun.jersey.spi.service.ServiceFinder$1
4584:             1             16  com.sun.jersey.spi.service.ServiceFinder$DefaultServiceIteratorProvider
4585:             1             16  com.sun.jmx.interceptor.DefaultMBeanServerInterceptor$ResourceContext$1
4586:             1             16  com.sun.jmx.mbeanserver.DefaultMXBeanMappingFactory
4587:             1             16  com.sun.jmx.mbeanserver.DescriptorCache
4588:             1             16  com.sun.jmx.mbeanserver.MBeanAnalyzer$MethodOrder
4589:             1             16  com.sun.jmx.mbeanserver.MBeanInstantiator
4590:             1             16  com.sun.jmx.mbeanserver.MXBeanIntrospector
4591:             1             16  com.sun.jmx.mbeanserver.SecureClassLoaderRepository
4592:             1             16  com.sun.naming.internal.VersionHelper12
4593:             1             16  com.sun.org.apache.xerces.internal.impl.dv.dtd.DTDDVFactoryImpl
4594:             1             16  com.sun.org.apache.xerces.internal.impl.dv.dtd.IDDatatypeValidator
4595:             1             16  com.sun.org.apache.xerces.internal.impl.dv.dtd.IDREFDatatypeValidator
4596:             1             16  com.sun.org.apache.xerces.internal.impl.dv.dtd.NMTOKENDatatypeValidator
4597:             1             16  com.sun.org.apache.xerces.internal.impl.dv.dtd.NOTATIONDatatypeValidator
4598:             1             16  com.sun.org.apache.xerces.internal.impl.dv.dtd.StringDatatypeValidator
4599:             1             16  com.sun.org.apache.xerces.internal.jaxp.datatype.DatatypeFactoryImpl
4600:             1             16  com.sun.org.apache.xerces.internal.parsers.AbstractSAXParser$AttributesProxy
4601:             1             16  com.sun.org.apache.xerces.internal.util.EntityResolver2Wrapper
4602:             1             16  com.sun.org.apache.xerces.internal.util.ErrorHandlerWrapper
4603:             1             16  com.sun.org.apache.xerces.internal.utils.SecuritySupport
4604:             1             16  com.sun.proxy.$Proxy102
4605:             1             16  com.sun.proxy.$Proxy103
4606:             1             16  com.sun.proxy.$Proxy104
4607:             1             16  com.sun.proxy.$Proxy108
4608:             1             16  com.sun.proxy.$Proxy109
4609:             1             16  com.sun.proxy.$Proxy118
4610:             1             16  com.sun.proxy.$Proxy120
4611:             1             16  com.sun.proxy.$Proxy122
4612:             1             16  com.sun.proxy.$Proxy123
4613:             1             16  com.sun.proxy.$Proxy124
4614:             1             16  com.sun.proxy.$Proxy136
4615:             1             16  com.sun.proxy.$Proxy139
4616:             1             16  com.sun.proxy.$Proxy141
4617:             1             16  com.sun.proxy.$Proxy148
4618:             1             16  com.sun.proxy.$Proxy150
4619:             1             16  com.sun.proxy.$Proxy151
4620:             1             16  com.sun.proxy.$Proxy152
4621:             1             16  com.sun.proxy.$Proxy153
4622:             1             16  com.sun.proxy.$Proxy154
4623:             1             16  com.sun.proxy.$Proxy155
4624:             1             16  com.sun.proxy.$Proxy156
4625:             1             16  com.sun.proxy.$Proxy157
4626:             1             16  com.sun.proxy.$Proxy158
4627:             1             16  com.sun.proxy.$Proxy159
4628:             1             16  com.sun.proxy.$Proxy161
4629:             1             16  com.sun.proxy.$Proxy162
4630:             1             16  com.sun.proxy.$Proxy163
4631:             1             16  com.sun.proxy.$Proxy164
4632:             1             16  com.sun.proxy.$Proxy165
4633:             1             16  com.sun.proxy.$Proxy166
4634:             1             16  com.sun.proxy.$Proxy169
4635:             1             16  com.sun.proxy.$Proxy170
4636:             1             16  com.sun.proxy.$Proxy171
4637:             1             16  com.sun.proxy.$Proxy172
4638:             1             16  com.sun.proxy.$Proxy173
4639:             1             16  com.sun.proxy.$Proxy174
4640:             1             16  com.sun.proxy.$Proxy175
4641:             1             16  com.sun.proxy.$Proxy176
4642:             1             16  com.sun.proxy.$Proxy177
4643:             1             16  com.sun.proxy.$Proxy178
4644:             1             16  com.sun.proxy.$Proxy179
4645:             1             16  com.sun.proxy.$Proxy180
4646:             1             16  com.sun.proxy.$Proxy181
4647:             1             16  com.sun.proxy.$Proxy182
4648:             1             16  com.sun.proxy.$Proxy183
4649:             1             16  com.sun.proxy.$Proxy184
4650:             1             16  com.sun.proxy.$Proxy185
4651:             1             16  com.sun.proxy.$Proxy186
4652:             1             16  com.sun.proxy.$Proxy187
4653:             1             16  com.sun.proxy.$Proxy188
4654:             1             16  com.sun.proxy.$Proxy189
4655:             1             16  com.sun.proxy.$Proxy19
4656:             1             16  com.sun.proxy.$Proxy190
4657:             1             16  com.sun.proxy.$Proxy191
4658:             1             16  com.sun.proxy.$Proxy192
4659:             1             16  com.sun.proxy.$Proxy193
4660:             1             16  com.sun.proxy.$Proxy194
4661:             1             16  com.sun.proxy.$Proxy195
4662:             1             16  com.sun.proxy.$Proxy196
4663:             1             16  com.sun.proxy.$Proxy197
4664:             1             16  com.sun.proxy.$Proxy198
4665:             1             16  com.sun.proxy.$Proxy199
4666:             1             16  com.sun.proxy.$Proxy2
4667:             1             16  com.sun.proxy.$Proxy20
4668:             1             16  com.sun.proxy.$Proxy200
4669:             1             16  com.sun.proxy.$Proxy201
4670:             1             16  com.sun.proxy.$Proxy202
4671:             1             16  com.sun.proxy.$Proxy203
4672:             1             16  com.sun.proxy.$Proxy204
4673:             1             16  com.sun.proxy.$Proxy205
4674:             1             16  com.sun.proxy.$Proxy206
4675:             1             16  com.sun.proxy.$Proxy207
4676:             1             16  com.sun.proxy.$Proxy208
4677:             1             16  com.sun.proxy.$Proxy209
4678:             1             16  com.sun.proxy.$Proxy210
4679:             1             16  com.sun.proxy.$Proxy212
4680:             1             16  com.sun.proxy.$Proxy213
4681:             1             16  com.sun.proxy.$Proxy214
4682:             1             16  com.sun.proxy.$Proxy215
4683:             1             16  com.sun.proxy.$Proxy216
4684:             1             16  com.sun.proxy.$Proxy217
4685:             1             16  com.sun.proxy.$Proxy218
4686:             1             16  com.sun.proxy.$Proxy219
4687:             1             16  com.sun.proxy.$Proxy221
4688:             1             16  com.sun.proxy.$Proxy222
4689:             1             16  com.sun.proxy.$Proxy223
4690:             1             16  com.sun.proxy.$Proxy224
4691:             1             16  com.sun.proxy.$Proxy225
4692:             1             16  com.sun.proxy.$Proxy226
4693:             1             16  com.sun.proxy.$Proxy227
4694:             1             16  com.sun.proxy.$Proxy228
4695:             1             16  com.sun.proxy.$Proxy229
4696:             1             16  com.sun.proxy.$Proxy231
4697:             1             16  com.sun.proxy.$Proxy232
4698:             1             16  com.sun.proxy.$Proxy233
4699:             1             16  com.sun.proxy.$Proxy234
4700:             1             16  com.sun.proxy.$Proxy235
4701:             1             16  com.sun.proxy.$Proxy236
4702:             1             16  com.sun.proxy.$Proxy237
4703:             1             16  com.sun.proxy.$Proxy238
4704:             1             16  com.sun.proxy.$Proxy239
4705:             1             16  com.sun.proxy.$Proxy24
4706:             1             16  com.sun.proxy.$Proxy240
4707:             1             16  com.sun.proxy.$Proxy241
4708:             1             16  com.sun.proxy.$Proxy242
4709:             1             16  com.sun.proxy.$Proxy243
4710:             1             16  com.sun.proxy.$Proxy247
4711:             1             16  com.sun.proxy.$Proxy249
4712:             1             16  com.sun.proxy.$Proxy250
4713:             1             16  com.sun.proxy.$Proxy251
4714:             1             16  com.sun.proxy.$Proxy257
4715:             1             16  com.sun.proxy.$Proxy261
4716:             1             16  com.sun.proxy.$Proxy267
4717:             1             16  com.sun.proxy.$Proxy268
4718:             1             16  com.sun.proxy.$Proxy275
4719:             1             16  com.sun.proxy.$Proxy282
4720:             1             16  com.sun.proxy.$Proxy289
4721:             1             16  com.sun.proxy.$Proxy290
4722:             1             16  com.sun.proxy.$Proxy3
4723:             1             16  com.sun.proxy.$Proxy38
4724:             1             16  com.sun.proxy.$Proxy47
4725:             1             16  com.sun.proxy.$Proxy48
4726:             1             16  com.sun.proxy.$Proxy49
4727:             1             16  com.sun.proxy.$Proxy51
4728:             1             16  com.sun.proxy.$Proxy53
4729:             1             16  com.sun.proxy.$Proxy55
4730:             1             16  com.sun.proxy.$Proxy60
4731:             1             16  com.sun.proxy.$Proxy62
4732:             1             16  com.sun.proxy.$Proxy64
4733:             1             16  com.sun.proxy.$Proxy66
4734:             1             16  com.sun.proxy.$Proxy67
4735:             1             16  com.sun.proxy.$Proxy68
4736:             1             16  com.sun.proxy.$Proxy77
4737:             1             16  com.sun.proxy.$Proxy79
4738:             1             16  com.sun.proxy.$Proxy80
4739:             1             16  com.sun.proxy.$Proxy82
4740:             1             16  com.sun.proxy.$Proxy92
4741:             1             16  com.sun.proxy.$Proxy95
4742:             1             16  com.sun.proxy.$Proxy96
4743:             1             16  com.sun.proxy.$Proxy98
4744:             1             16  com.thoughtworks.xstream.XStream$1
4745:             1             16  com.thoughtworks.xstream.XStream$2
4746:             1             16  com.thoughtworks.xstream.converters.basic.BigDecimalConverter
4747:             1             16  com.thoughtworks.xstream.converters.basic.BigIntegerConverter
4748:             1             16  com.thoughtworks.xstream.converters.basic.CharConverter
4749:             1             16  com.thoughtworks.xstream.converters.basic.DoubleConverter
4750:             1             16  com.thoughtworks.xstream.converters.basic.FloatConverter
4751:             1             16  com.thoughtworks.xstream.converters.basic.IntConverter
4752:             1             16  com.thoughtworks.xstream.converters.basic.LongConverter
4753:             1             16  com.thoughtworks.xstream.converters.basic.NullConverter
4754:             1             16  com.thoughtworks.xstream.converters.basic.ShortConverter
4755:             1             16  com.thoughtworks.xstream.converters.basic.StringBufferConverter
4756:             1             16  com.thoughtworks.xstream.converters.basic.StringBuilderConverter
4757:             1             16  com.thoughtworks.xstream.converters.basic.URIConverter
4758:             1             16  com.thoughtworks.xstream.converters.basic.URLConverter
4759:             1             16  com.thoughtworks.xstream.converters.basic.UUIDConverter
4760:             1             16  com.thoughtworks.xstream.converters.collections.ArrayConverter
4761:             1             16  com.thoughtworks.xstream.converters.collections.BitSetConverter
4762:             1             16  com.thoughtworks.xstream.converters.collections.CharArrayConverter
4763:             1             16  com.thoughtworks.xstream.converters.collections.PropertiesConverter
4764:             1             16  com.thoughtworks.xstream.converters.collections.TreeMapConverter$NullComparator
4765:             1             16  com.thoughtworks.xstream.converters.enums.EnumConverter
4766:             1             16  com.thoughtworks.xstream.converters.enums.EnumSetConverter
4767:             1             16  com.thoughtworks.xstream.converters.extended.ActivationDataFlavorConverter
4768:             1             16  com.thoughtworks.xstream.converters.extended.CharsetConverter
4769:             1             16  com.thoughtworks.xstream.converters.extended.ColorConverter
4770:             1             16  com.thoughtworks.xstream.converters.extended.CurrencyConverter
4771:             1             16  com.thoughtworks.xstream.converters.extended.DurationConverter
4772:             1             16  com.thoughtworks.xstream.converters.extended.DynamicProxyConverter$1
4773:             1             16  com.thoughtworks.xstream.converters.extended.EncodedByteArrayConverter
4774:             1             16  com.thoughtworks.xstream.converters.extended.FileConverter
4775:             1             16  com.thoughtworks.xstream.converters.extended.GregorianCalendarConverter
4776:             1             16  com.thoughtworks.xstream.converters.extended.JavaMethodConverter
4777:             1             16  com.thoughtworks.xstream.converters.extended.LocaleConverter
4778:             1             16  com.thoughtworks.xstream.converters.extended.PathConverter
4779:             1             16  com.thoughtworks.xstream.converters.extended.RegexPatternConverter
4780:             1             16  com.thoughtworks.xstream.converters.extended.SqlDateConverter
4781:             1             16  com.thoughtworks.xstream.converters.extended.SqlTimeConverter
4782:             1             16  com.thoughtworks.xstream.converters.extended.SqlTimestampConverter
4783:             1             16  com.thoughtworks.xstream.converters.extended.StackTraceElementConverter
4784:             1             16  com.thoughtworks.xstream.converters.extended.StackTraceElementFactory15
4785:             1             16  com.thoughtworks.xstream.converters.extended.SubjectConverter
4786:             1             16  com.thoughtworks.xstream.converters.reflection.ImmutableFieldKeySorter
4787:             1             16  com.thoughtworks.xstream.core.ClassLoaderReference
4788:             1             16  com.thoughtworks.xstream.core.JVM
4789:             1             16  com.thoughtworks.xstream.core.TreeMarshallingStrategy
4790:             1             16  com.thoughtworks.xstream.core.util.Base64Encoder
4791:             1             16  com.thoughtworks.xstream.mapper.ArrayMapper
4792:             1             16  com.thoughtworks.xstream.mapper.LambdaMapper
4793:             1             16  com.thoughtworks.xstream.mapper.PackageAliasingMapper$1
4794:             1             16  com.thoughtworks.xstream.security.AnyTypePermission
4795:             1             16  com.thoughtworks.xstream.security.NoTypePermission
4796:             1             16  com.yintech.crm.web.CrmWebServer$$Lambda$7/1125269076
4797:             1             16  com.yintech.crm.web.client.account.fallback.AccountActivenessFeignFallback
4798:             1             16  com.yintech.crm.web.client.account.fallback.AccountClientFallback
4799:             1             16  com.yintech.crm.web.client.account.fallback.CustomerTransferClientFallback
4800:             1             16  com.yintech.crm.web.client.api.fallback.TradeAccountApiFeignFallback
4801:             1             16  com.yintech.crm.web.client.author.fallback.AuthorDetailFeignFallback
4802:             1             16  com.yintech.crm.web.client.author.fallback.AuthorNoticeFeignFallback
4803:             1             16  com.yintech.crm.web.client.author.fallback.SharedAuthorFeignFallback
4804:             1             16  com.yintech.crm.web.client.complaint.fallback.ComplaintAssistServiceFallback
4805:             1             16  com.yintech.crm.web.client.complaint.fallback.ComplaintLogsServiceFallback
4806:             1             16  com.yintech.crm.web.client.complaint.fallback.RiskReportServiceFallback
4807:             1             16  com.yintech.crm.web.client.complaint.fallback.RiskReportSignServiceFallback
4808:             1             16  com.yintech.crm.web.client.complaint.fallback.RiskSignServiceFallback
4809:             1             16  com.yintech.crm.web.client.custFigure.fallback.CustLabelServiceFallback
4810:             1             16  com.yintech.crm.web.client.customer.fallback.BlacklistApplyServiceFallback
4811:             1             16  com.yintech.crm.web.client.customer.fallback.CusNewBusinessApplyServiceFallback
4812:             1             16  com.yintech.crm.web.client.customer.fallback.CustomerContactServiceFallback
4813:             1             16  com.yintech.crm.web.client.customer.fallback.CustomerDataServiceFallback
4814:             1             16  com.yintech.crm.web.client.customer.fallback.CustomerExtServiceFallback
4815:             1             16  com.yintech.crm.web.client.customer.fallback.CustomerGiftFeignServiceFallback
4816:             1             16  com.yintech.crm.web.client.customer.fallback.CustomerHistoryServiceFallback
4817:             1             16  com.yintech.crm.web.client.customer.fallback.CustomerMergeServiceFallback
4818:             1             16  com.yintech.crm.web.client.customer.fallback.CustomerPoolServiceFallback
4819:             1             16  com.yintech.crm.web.client.customer.fallback.CustomerServiceFallback
4820:             1             16  com.yintech.crm.web.client.customer.fallback.CustomerStatusServiceFallback
4821:             1             16  com.yintech.crm.web.client.customer.fallback.FavoriteServiceFallback
4822:             1             16  com.yintech.crm.web.client.customer.fallback.GlobalDataFallback
4823:             1             16  com.yintech.crm.web.client.customer.fallback.HelppageServiceFallback
4824:             1             16  com.yintech.crm.web.client.customer.fallback.MyNewCustomerServiceFallback
4825:             1             16  com.yintech.crm.web.client.customer.fallback.RecommendServiceFallback
4826:             1             16  com.yintech.crm.web.client.customer.fallback.ShareServiceFallback
4827:             1             16  com.yintech.crm.web.client.customer.fallback.TipOffServiceFallback
4828:             1             16  com.yintech.crm.web.client.customer.gmg.fallback.CustomerServiceFallback
4829:             1             16  com.yintech.crm.web.client.personnel.fallback.DepartMentFeignClientFallback
4830:             1             16  com.yintech.crm.web.client.personnel.fallback.EmployeeClientFallback
4831:             1             16  com.yintech.crm.web.client.personnel.fallback.GroupFeignClientFallback
4832:             1             16  com.yintech.crm.web.client.personnel.fallback.ProvinceFeignClientFallback
4833:             1             16  com.yintech.crm.web.client.personnel.fallback.RegionFeignClientFallback
4834:             1             16  com.yintech.crm.web.client.personnel.fallback.ResourceFeignClientFallback
4835:             1             16  com.yintech.crm.web.client.personnel.fallback.RoleFeignClientFallback
4836:             1             16  com.yintech.crm.web.client.personnel.fallback.SysGroupFeignClientFallback
4837:             1             16  com.yintech.crm.web.client.resource.fallback.CustomerAssignHistoryFallback
4838:             1             16  com.yintech.crm.web.client.resource.fallback.GroupWorkExcelFeignClientCallback
4839:             1             16  com.yintech.crm.web.client.resource.fallback.GroupWorkExcelHandFeignClientCallback
4840:             1             16  com.yintech.crm.web.client.search.fallback.EsQueryFeignServiceFallback
4841:             1             16  com.yintech.crm.web.client.search.fallback.EsQueryTraceFeignServiceFallback
4842:             1             16  com.yintech.crm.web.client.user.fallback.CrmEmpPhonePermitFeignFallback
4843:             1             16  com.yintech.crm.web.client.user.fallback.LoginFeignFallback
4844:             1             16  com.yintech.crm.web.client.user.fallback.SysPermissionFallback
4845:             1             16  com.yintech.crm.web.client.user.fallback.UserFeignClientFallback
4846:             1             16  com.yintech.crm.web.config.ExceptionHandlerAdvice
4847:             1             16  com.yintech.crm.web.config.ServletContextListener
4848:             1             16  com.yintech.crm.web.config.WebMvcConfig$1
4849:             1             16  com.yintech.crm.web.controller.account.CustomerTransferController
4850:             1             16  com.yintech.crm.web.controller.anchor.AuthorDetailController
4851:             1             16  com.yintech.crm.web.controller.anchor.AuthorHistoryController
4852:             1             16  com.yintech.crm.web.controller.anchor.AuthorLableController
4853:             1             16  com.yintech.crm.web.controller.anchor.AuthorListController
4854:             1             16  com.yintech.crm.web.controller.anchor.AuthorRefactorController
4855:             1             16  com.yintech.crm.web.controller.anchor.AuthorUserNoticeController
4856:             1             16  com.yintech.crm.web.controller.anchor.SharedAuthorController
4857:             1             16  com.yintech.crm.web.controller.complaint.ComplaintAssistController
4858:             1             16  com.yintech.crm.web.controller.complaint.HighRiskLevelCustController
4859:             1             16  com.yintech.crm.web.controller.complaint.RiskReportSignController
4860:             1             16  com.yintech.crm.web.controller.complaint.RiskSignController
4861:             1             16  com.yintech.crm.web.controller.customer.BlackListApplyController
4862:             1             16  com.yintech.crm.web.controller.customer.BusinessTypeChangeHistoryController
4863:             1             16  com.yintech.crm.web.controller.customer.CusNewBusiNessApplyController
4864:             1             16  com.yintech.crm.web.controller.customer.CustomerCallingController
4865:             1             16  com.yintech.crm.web.controller.customer.CustomerDataController
4866:             1             16  com.yintech.crm.web.controller.customer.CustomerHistoryController
4867:             1             16  com.yintech.crm.web.controller.customer.CustomerLabelController
4868:             1             16  com.yintech.crm.web.controller.customer.CustomerMergeController
4869:             1             16  com.yintech.crm.web.controller.customer.HelpPageController
4870:             1             16  com.yintech.crm.web.controller.customer.MyIntentCustomerController
4871:             1             16  com.yintech.crm.web.controller.customer.MyNewCustomerController
4872:             1             16  com.yintech.crm.web.controller.customer.RecommendController
4873:             1             16  com.yintech.crm.web.controller.customer.TipOffController
4874:             1             16  com.yintech.crm.web.controller.future.FutureResourceController
4875:             1             16  com.yintech.crm.web.controller.notice.MessageCenterController
4876:             1             16  com.yintech.crm.web.controller.personnel.CrmEmpPhonePermitController
4877:             1             16  com.yintech.crm.web.controller.personnel.EmployeeUseController
4878:             1             16  com.yintech.crm.web.controller.resource.AssignResourceHistoryController
4879:             1             16  com.yintech.crm.web.controller.resource.ResourceAssignEmpsetController
4880:             1             16  com.yintech.crm.web.controller.resource.WechatResourceController
4881:             1             16  com.yintech.crm.web.controller.statistic.EnterpriseStatisticController
4882:             1             16  com.yintech.crm.web.controller.task.UserTaskController
4883:             1             16  com.yintech.crm.web.controller.voice.CallingSummaryController
4884:             1             16  com.yintech.crm.web.controller.voice.CommunicateRecordController
4885:             1             16  com.yintech.crm.web.controller.voice.CustomerSmsHistoryController
4886:             1             16  com.yintech.crm.web.controller.voice.EmailController
4887:             1             16  com.yintech.crm.web.controller.voice.SatisfactionController
4888:             1             16  com.yintech.crm.web.controller.voice.SmsTemplateController
4889:             1             16  com.yintech.crm.web.controller.voice.TrainVoiceController
4890:             1             16  com.yintech.crm.web.globalData.UploadFileParam
4891:             1             16  com.yintech.crm.web.model.MonitorUrl
4892:             1             16  com.yintech.crm.web.service.ExportFileService
4893:             1             16  com.yintech.crm.web.support.StringEnumConverterFactory
4894:             1             16  feign.Retryer$1
4895:             1             16  feign.Util$1
4896:             1             16  feign.okhttp.OkHttpClient
4897:             1             16  java.awt.Image$1
4898:             1             16  java.awt.ImageCapabilities
4899:             1             16  java.io.Console$1
4900:             1             16  java.io.Console$2
4901:             1             16  java.io.DeleteOnExitHook$1
4902:             1             16  java.io.FileDescriptor$1
4903:             1             16  java.lang.ApplicationShutdownHooks$1
4904:             1             16  java.lang.CharacterData00
4905:             1             16  java.lang.CharacterDataLatin1
4906:             1             16  java.lang.ClassValue$Identity
4907:             1             16  java.lang.InheritableThreadLocal
4908:             1             16  java.lang.ProcessEnvironment$CheckedEntrySet
4909:             1             16  java.lang.ProcessEnvironment$CheckedKeySet
4910:             1             16  java.lang.ProcessEnvironment$EntryComparator
4911:             1             16  java.lang.ProcessEnvironment$NameComparator
4912:             1             16  java.lang.Runtime
4913:             1             16  java.lang.String$CaseInsensitiveComparator
4914:             1             16  java.lang.System$2
4915:             1             16  java.lang.Terminator$1
4916:             1             16  java.lang.invoke.MemberName$Factory
4917:             1             16  java.lang.invoke.MethodHandleImpl$2
4918:             1             16  java.lang.invoke.MethodHandleImpl$3
4919:             1             16  java.lang.management.PlatformComponent$1
4920:             1             16  java.lang.management.PlatformComponent$10
4921:             1             16  java.lang.management.PlatformComponent$11
4922:             1             16  java.lang.management.PlatformComponent$12
4923:             1             16  java.lang.management.PlatformComponent$13
4924:             1             16  java.lang.management.PlatformComponent$14
4925:             1             16  java.lang.management.PlatformComponent$15
4926:             1             16  java.lang.management.PlatformComponent$2
4927:             1             16  java.lang.management.PlatformComponent$3
4928:             1             16  java.lang.management.PlatformComponent$4
4929:             1             16  java.lang.management.PlatformComponent$5
4930:             1             16  java.lang.management.PlatformComponent$6
4931:             1             16  java.lang.management.PlatformComponent$7
4932:             1             16  java.lang.management.PlatformComponent$8
4933:             1             16  java.lang.management.PlatformComponent$9
4934:             1             16  java.lang.ref.Reference$Lock
4935:             1             16  java.lang.reflect.Proxy$KeyFactory
4936:             1             16  java.lang.reflect.Proxy$ProxyClassFactory
4937:             1             16  java.lang.reflect.ReflectAccess
4938:             1             16  java.math.BigDecimal$1
4939:             1             16  java.net.InetAddress$2
4940:             1             16  java.net.URLClassLoader$7
4941:             1             16  java.nio.Bits$1
4942:             1             16  java.nio.Bits$1$1
4943:             1             16  java.nio.charset.CoderResult$1
4944:             1             16  java.nio.charset.CoderResult$2
4945:             1             16  java.nio.file.Files$AcceptAllFilter
4946:             1             16  java.security.ProtectionDomain$1
4947:             1             16  java.security.ProtectionDomain$3
4948:             1             16  java.text.DontCareFieldPosition$1
4949:             1             16  java.time.chrono.AbstractChronology$$Lambda$2/896365366
4950:             1             16  java.time.chrono.AbstractChronology$$Lambda$3/1283860328
4951:             1             16  java.time.chrono.AbstractChronology$$Lambda$4/1826520486
4952:             1             16  java.time.chrono.IsoChronology
4953:             1             16  java.time.format.DateTimeFormatter$$Lambda$5/260772472
4954:             1             16  java.time.format.DateTimeFormatter$$Lambda$6/2097766197
4955:             1             16  java.time.format.DateTimeFormatterBuilder$$Lambda$1/2066346425
4956:             1             16  java.time.format.DateTimeFormatterBuilder$2
4957:             1             16  java.time.format.DateTimeFormatterBuilder$InstantPrinterParser
4958:             1             16  java.time.format.DateTimeTextProvider$1
4959:             1             16  java.util.Collections$EmptyEnumeration
4960:             1             16  java.util.Collections$EmptyIterator
4961:             1             16  java.util.Collections$EmptyList
4962:             1             16  java.util.Collections$EmptySet
4963:             1             16  java.util.Currency$CurrencyNameGetter
4964:             1             16  java.util.EnumMap$1
4965:             1             16  java.util.IdentityHashMap$EntrySet
4966:             1             16  java.util.Optional
4967:             1             16  java.util.ResourceBundle$Control
4968:             1             16  java.util.concurrent.Semaphore
4969:             1             16  java.util.jar.JavaUtilJarAccessImpl
4970:             1             16  java.util.logging.ErrorManager
4971:             1             16  java.util.logging.LoggingProxyImpl
4972:             1             16  java.util.regex.Pattern$4
4973:             1             16  java.util.regex.Pattern$CharPropertyNames$10
4974:             1             16  java.util.regex.Pattern$CharPropertyNames$11
4975:             1             16  java.util.regex.Pattern$CharPropertyNames$12
4976:             1             16  java.util.regex.Pattern$CharPropertyNames$13
4977:             1             16  java.util.regex.Pattern$CharPropertyNames$14
4978:             1             16  java.util.regex.Pattern$CharPropertyNames$15
4979:             1             16  java.util.regex.Pattern$CharPropertyNames$16
4980:             1             16  java.util.regex.Pattern$CharPropertyNames$17
4981:             1             16  java.util.regex.Pattern$CharPropertyNames$18
4982:             1             16  java.util.regex.Pattern$CharPropertyNames$19
4983:             1             16  java.util.regex.Pattern$CharPropertyNames$20
4984:             1             16  java.util.regex.Pattern$CharPropertyNames$21
4985:             1             16  java.util.regex.Pattern$CharPropertyNames$22
4986:             1             16  java.util.regex.Pattern$CharPropertyNames$23
4987:             1             16  java.util.regex.Pattern$CharPropertyNames$5
4988:             1             16  java.util.regex.Pattern$CharPropertyNames$6
4989:             1             16  java.util.regex.Pattern$CharPropertyNames$7
4990:             1             16  java.util.regex.Pattern$CharPropertyNames$8
4991:             1             16  java.util.regex.Pattern$CharPropertyNames$9
4992:             1             16  java.util.regex.Pattern$LastNode
4993:             1             16  java.util.regex.Pattern$Node
4994:             1             16  java.util.zip.ZipFile$1
4995:             1             16  javax.management.JMX
4996:             1             16  javax.management.MBeanServerBuilder
4997:             1             16  javax.management.NotificationBroadcasterSupport$1
4998:             1             16  javax.net.DefaultSocketFactory
4999:             1             16  javax.servlet.http.RFC6265Validator
5000:             1             16  javax.xml.datatype.SecuritySupport
5001:             1             16  javax.xml.parsers.SecuritySupport
5002:             1             16  javax.xml.transform.SecuritySupport
5003:             1             16  okhttp3.Authenticator$1
5004:             1             16  okhttp3.CipherSuite$1
5005:             1             16  okhttp3.ConnectionPool$1
5006:             1             16  okhttp3.CookieJar$1
5007:             1             16  okhttp3.Dns$1
5008:             1             16  okhttp3.EventListener$1
5009:             1             16  okhttp3.EventListener$2
5010:             1             16  okhttp3.OkHttpClient$1
5011:             1             16  okhttp3.internal.Util$1
5012:             1             16  okhttp3.internal.connection.RouteDatabase
5013:             1             16  okhttp3.internal.platform.Platform
5014:             1             16  okhttp3.internal.tls.BasicCertificateChainCleaner
5015:             1             16  okhttp3.internal.tls.OkHostnameVerifier
5016:             1             16  okhttp3.internal.tls.TrustRootIndex$BasicTrustRootIndex
5017:             1             16  org.apache.catalina.authenticator.AuthenticatorBase$NoOpAuthConfigProvider
5018:             1             16  org.apache.catalina.connector.CoyoteAdapter
5019:             1             16  org.apache.catalina.connector.CoyoteAdapter$1
5020:             1             16  org.apache.catalina.core.ContainerBase$ContainerBackgroundProcessor
5021:             1             16  org.apache.catalina.core.StandardContext$1
5022:             1             16  org.apache.catalina.core.StandardContext$NoPluggabilityServletContext
5023:             1             16  org.apache.catalina.core.StandardHost$MemoryLeakTrackingListener
5024:             1             16  org.apache.catalina.mbeans.MBeanFactory
5025:             1             16  org.apache.catalina.realm.X509SubjectDnRetriever
5026:             1             16  org.apache.catalina.startup.Tomcat$FixContextListener
5027:             1             16  org.apache.catalina.util.CharsetMapper
5028:             1             16  org.apache.commons.pool2.impl.BaseGenericObjectPool$IdentityWrapper
5029:             1             16  org.apache.commons.pool2.impl.EvictionTimer$EvictorThreadFactory
5030:             1             16  org.apache.commons.pool2.impl.InterruptibleReentrantLock
5031:             1             16  org.apache.http.auth.AuthSchemeRegistry
5032:             1             16  org.apache.http.client.protocol.RequestAddCookies
5033:             1             16  org.apache.http.client.protocol.RequestAuthCache
5034:             1             16  org.apache.http.client.protocol.RequestClientConnControl
5035:             1             16  org.apache.http.client.protocol.RequestDefaultHeaders
5036:             1             16  org.apache.http.client.protocol.RequestProxyAuthentication
5037:             1             16  org.apache.http.client.protocol.RequestTargetAuthentication
5038:             1             16  org.apache.http.client.protocol.ResponseProcessCookies
5039:             1             16  org.apache.http.conn.scheme.PlainSocketFactory
5040:             1             16  org.apache.http.conn.scheme.SchemeRegistry
5041:             1             16  org.apache.http.cookie.CookieIdentityComparator
5042:             1             16  org.apache.http.cookie.CookieSpecRegistry
5043:             1             16  org.apache.http.impl.DefaultHttpResponseFactory
5044:             1             16  org.apache.http.impl.EnglishReasonPhraseCatalog
5045:             1             16  org.apache.http.impl.auth.BasicSchemeFactory
5046:             1             16  org.apache.http.impl.auth.DigestSchemeFactory
5047:             1             16  org.apache.http.impl.auth.KerberosSchemeFactory
5048:             1             16  org.apache.http.impl.auth.NTLMSchemeFactory
5049:             1             16  org.apache.http.impl.auth.SPNegoSchemeFactory
5050:             1             16  org.apache.http.impl.client.BasicCookieStore
5051:             1             16  org.apache.http.impl.client.BasicCredentialsProvider
5052:             1             16  org.apache.http.impl.conn.DefaultHttpRoutePlanner
5053:             1             16  org.apache.http.impl.cookie.BrowserCompatSpec
5054:             1             16  org.apache.http.impl.cookie.BrowserCompatVersionAttributeHandler
5055:             1             16  org.apache.http.impl.cookie.IgnoreSpecFactory
5056:             1             16  org.apache.http.impl.cookie.NetscapeDomainHandler
5057:             1             16  org.apache.http.impl.cookie.NetscapeDraftSpecFactory
5058:             1             16  org.apache.http.impl.cookie.RFC2109Spec$1
5059:             1             16  org.apache.http.impl.cookie.RFC2109SpecFactory
5060:             1             16  org.apache.http.impl.cookie.RFC2965Spec$1
5061:             1             16  org.apache.http.impl.cookie.RFC2965SpecFactory
5062:             1             16  org.apache.http.impl.entity.EntityDeserializer
5063:             1             16  org.apache.http.impl.entity.EntitySerializer
5064:             1             16  org.apache.http.impl.io.EmptyInputStream
5065:             1             16  org.apache.http.message.TokenParser
5066:             1             16  org.apache.http.params.SyncBasicHttpParams
5067:             1             16  org.apache.http.protocol.HttpRequestExecutor
5068:             1             16  org.apache.http.protocol.RequestContent
5069:             1             16  org.apache.http.protocol.RequestExpectContinue
5070:             1             16  org.apache.http.protocol.RequestTargetHost
5071:             1             16  org.apache.http.protocol.RequestUserAgent
5072:             1             16  org.apache.juli.logging.LogFactory
5073:             1             16  org.apache.tomcat.util.buf.StringCache
5074:             1             16  org.apache.tomcat.util.compat.Jre8Compat
5075:             1             16  org.apache.tomcat.util.digester.Digester$SystemPropertySource
5076:             1             16  org.apache.tomcat.util.http.CookieProcessorBase$1
5077:             1             16  org.apache.tomcat.util.http.Rfc6265CookieProcessor
5078:             1             16  org.apache.tomcat.util.threads.ThreadPoolExecutor$RejectHandler
5079:             1             16  org.apache.tomcat.websocket.server.WsContextListener
5080:             1             16  org.apache.tomcat.websocket.server.WsFilter
5081:             1             16  org.apache.tomcat.websocket.server.WsSessionListener
5082:             1             16  org.apache.tomcat.websocket.server.WsWriteTimeout$EndpointComparator
5083:             1             16  org.aspectj.bridge.IMessage$Kind$1
5084:             1             16  org.aspectj.bridge.IMessageHandler$1
5085:             1             16  org.aspectj.util.FuzzyBoolean$MaybeFuzzyBoolean
5086:             1             16  org.aspectj.util.FuzzyBoolean$NeverFuzzyBoolean
5087:             1             16  org.aspectj.util.FuzzyBoolean$NoFuzzyBoolean
5088:             1             16  org.aspectj.util.FuzzyBoolean$YesFuzzyBoolean
5089:             1             16  org.aspectj.weaver.ResolvedType$FieldGetter
5090:             1             16  org.aspectj.weaver.ResolvedType$MethodGetter
5091:             1             16  org.aspectj.weaver.ResolvedType$MethodGetterIncludingItds
5092:             1             16  org.aspectj.weaver.ResolvedType$PointcutGetter
5093:             1             16  org.aspectj.weaver.SourceContextImpl$1
5094:             1             16  org.aspectj.weaver.patterns.Bindings
5095:             1             16  org.aspectj.weaver.tools.Jdk14TraceFactory
5096:             1             16  org.hibernate.validator.HibernateValidator
5097:             1             16  org.hibernate.validator.internal.engine.constraintvalidation.ConstraintValidatorManager$1
5098:             1             16  org.hibernate.validator.internal.engine.groups.Group
5099:             1             16  org.hibernate.validator.internal.engine.groups.GroupWithInheritance
5100:             1             16  org.hibernate.validator.internal.engine.groups.ValidationOrder$DefaultValidationOrder
5101:             1             16  org.hibernate.validator.internal.engine.time.DefaultTimeProvider
5102:             1             16  org.hibernate.validator.internal.util.classhierarchy.Filters$InterfacesFilter
5103:             1             16  org.hibernate.validator.internal.util.classhierarchy.Filters$WeldProxyFilter
5104:             1             16  org.hibernate.validator.internal.util.logging.Messages_$bundle
5105:             1             16  org.hibernate.validator.resourceloading.PlatformResourceBundleLocator$AggregateResourceBundleControl
5106:             1             16  org.jboss.logging.Slf4jLoggerProvider
5107:             1             16  org.slf4j.helpers.NOPLoggerFactory
5108:             1             16  org.slf4j.impl.StaticMDCBinder
5109:             1             16  org.springframework.amqp.rabbit.connection.AbstractConnectionFactory$1
5110:             1             16  org.springframework.amqp.rabbit.connection.AbstractConnectionFactory$2
5111:             1             16  org.springframework.amqp.rabbit.connection.CachingConnectionFactory$DefaultChannelCloseLogger
5112:             1             16  org.springframework.amqp.rabbit.connection.CompositeChannelListener
5113:             1             16  org.springframework.amqp.rabbit.connection.CompositeConnectionListener
5114:             1             16  org.springframework.aop.TrueClassFilter
5115:             1             16  org.springframework.aop.TrueMethodMatcher
5116:             1             16  org.springframework.aop.TruePointcut
5117:             1             16  org.springframework.aop.aspectj.annotation.AbstractAspectJAdvisorFactory$AspectJAnnotationParameterNameDiscoverer
5118:             1             16  org.springframework.aop.aspectj.annotation.ReflectiveAspectJAdvisorFactory$1
5119:             1             16  org.springframework.aop.aspectj.annotation.ReflectiveAspectJAdvisorFactory$2
5120:             1             16  org.springframework.aop.aspectj.autoproxy.AspectJPrecedenceComparator
5121:             1             16  org.springframework.aop.framework.adapter.AfterReturningAdviceAdapter
5122:             1             16  org.springframework.aop.framework.adapter.DefaultAdvisorAdapterRegistry
5123:             1             16  org.springframework.aop.framework.adapter.MethodBeforeAdviceAdapter
5124:             1             16  org.springframework.aop.framework.adapter.ThrowsAdviceAdapter
5125:             1             16  org.springframework.aop.interceptor.ExposeInvocationInterceptor
5126:             1             16  org.springframework.beans.ExtendedBeanInfoFactory
5127:             1             16  org.springframework.boot.SpringBootBanner
5128:             1             16  org.springframework.boot.actuate.audit.listener.AuditListener
5129:             1             16  org.springframework.boot.actuate.autoconfigure.AuditAutoConfiguration$AuditEventRepositoryConfiguration
5130:             1             16  org.springframework.boot.actuate.autoconfigure.EndpointMBeanExportAutoConfiguration$JmxEnabledCondition
5131:             1             16  org.springframework.boot.actuate.autoconfigure.EndpointWebMvcAutoConfiguration$OnManagementMvcCondition
5132:             1             16  org.springframework.boot.actuate.autoconfigure.EndpointWebMvcManagementContextConfiguration$LogFileCondition
5133:             1             16  org.springframework.boot.actuate.autoconfigure.HealthIndicatorProperties
5134:             1             16  org.springframework.boot.actuate.autoconfigure.HealthMvcEndpointProperties
5135:             1             16  org.springframework.boot.actuate.autoconfigure.InfoContributorProperties
5136:             1             16  org.springframework.boot.actuate.autoconfigure.InfoContributorProperties$Git
5137:             1             16  org.springframework.boot.actuate.autoconfigure.ManagementContextResolver
5138:             1             16  org.springframework.boot.actuate.endpoint.TomcatPublicMetrics
5139:             1             16  org.springframework.boot.actuate.endpoint.mvc.$Proxy248
5140:             1             16  org.springframework.boot.actuate.endpoint.mvc.AbstractEndpointHandlerMapping$SkipPathExtensionContentNegotiation
5141:             1             16  org.springframework.boot.actuate.health.OrderedHealthAggregator
5142:             1             16  org.springframework.boot.actuate.info.EnvironmentInfoContributor
5143:             1             16  org.springframework.boot.actuate.trace.TraceProperties
5144:             1             16  org.springframework.boot.autoconfigure.SharedMetadataReaderFactoryContextInitializer
5145:             1             16  org.springframework.boot.autoconfigure.amqp.RabbitAnnotationDrivenConfiguration$EnableRabbitConfiguration
5146:             1             16  org.springframework.boot.autoconfigure.amqp.RabbitProperties$Listener
5147:             1             16  org.springframework.boot.autoconfigure.condition.ConditionEvaluationReport$AncestorsMatchedCondition
5148:             1             16  org.springframework.boot.autoconfigure.condition.OnCloudPlatformCondition
5149:             1             16  org.springframework.boot.autoconfigure.context.MessageSourceAutoConfiguration$ResourceBundleCondition
5150:             1             16  org.springframework.boot.autoconfigure.dao.PersistenceExceptionTranslationAutoConfiguration
5151:             1             16  org.springframework.boot.autoconfigure.info.ProjectInfoProperties$Build
5152:             1             16  org.springframework.boot.autoconfigure.info.ProjectInfoProperties$Git
5153:             1             16  org.springframework.boot.autoconfigure.mustache.MustacheTemplateAvailabilityProvider
5154:             1             16  org.springframework.boot.autoconfigure.template.TemplateAvailabilityProviders$NoTemplateAvailabilityProvider
5155:             1             16  org.springframework.boot.autoconfigure.thymeleaf.ThymeleafTemplateAvailabilityProvider
5156:             1             16  org.springframework.boot.autoconfigure.transaction.TransactionManagerCustomizers
5157:             1             16  org.springframework.boot.autoconfigure.web.DefaultErrorAttributes
5158:             1             16  org.springframework.boot.autoconfigure.web.DispatcherServletAutoConfiguration$DefaultDispatcherServletCondition
5159:             1             16  org.springframework.boot.autoconfigure.web.DispatcherServletAutoConfiguration$DispatcherServletRegistrationCondition
5160:             1             16  org.springframework.boot.autoconfigure.web.ErrorMvcAutoConfiguration$ErrorPageCustomizer
5161:             1             16  org.springframework.boot.autoconfigure.web.ErrorMvcAutoConfiguration$ErrorTemplateMissingCondition
5162:             1             16  org.springframework.boot.autoconfigure.web.ErrorMvcAutoConfiguration$PreserveErrorControllerTargetClassPostProcessor
5163:             1             16  org.springframework.boot.autoconfigure.web.HttpEncodingAutoConfiguration$LocaleCharsetMappingsCustomizer
5164:             1             16  org.springframework.boot.autoconfigure.web.HttpMessageConverters
5165:             1             16  org.springframework.boot.autoconfigure.web.HttpMessageConverters$$EnhancerBySpringCGLIB$$3ba87c15$$FastClassBySpringCGLIB$$6c630963
5166:             1             16  org.springframework.boot.autoconfigure.web.HttpMessageConverters$$FastClassBySpringCGLIB$$6c18524c
5167:             1             16  org.springframework.boot.autoconfigure.web.JspTemplateAvailabilityProvider
5168:             1             16  org.springframework.boot.autoconfigure.web.OnEnabledResourceChainCondition
5169:             1             16  org.springframework.boot.autoconfigure.web.ServerProperties$SessionConfiguringInitializer
5170:             1             16  org.springframework.boot.autoconfigure.web.ServerPropertiesAutoConfiguration$DuplicateServerPropertiesDetector
5171:             1             16  org.springframework.boot.autoconfigure.web.WebMvcAutoConfiguration$OptionalPathExtensionContentNegotiationStrategy
5172:             1             16  org.springframework.boot.autoconfigure.web.WebMvcProperties$Async
5173:             1             16  org.springframework.boot.autoconfigure.web.WebMvcProperties$Servlet
5174:             1             16  org.springframework.boot.autoconfigure.websocket.TomcatWebSocketContainerCustomizer
5175:             1             16  org.springframework.boot.autoconfigure.websocket.TomcatWebSocketContainerCustomizer$1
5176:             1             16  org.springframework.boot.bind.PropertyNamePatternsMatcher$1
5177:             1             16  org.springframework.boot.bind.PropertyNamePatternsMatcher$2
5178:             1             16  org.springframework.boot.builder.ParentContextApplicationContextInitializer$EventPublisher
5179:             1             16  org.springframework.boot.builder.ParentContextCloserApplicationListener$ContextCloserListener
5180:             1             16  org.springframework.boot.context.ConfigurationWarningsApplicationContextInitializer
5181:             1             16  org.springframework.boot.context.config.DelegatingApplicationContextInitializer
5182:             1             16  org.springframework.boot.context.embedded.EmbeddedWebApplicationContext$1
5183:             1             16  org.springframework.boot.context.embedded.InitParameterConfiguringServletContextInitializer
5184:             1             16  org.springframework.boot.devtools.autoconfigure.DevToolsDataSourceAutoConfiguration$DevToolsDataSourceCondition
5185:             1             16  org.springframework.boot.devtools.autoconfigure.HateoasObjenesisCacheDisabler
5186:             1             16  org.springframework.boot.devtools.autoconfigure.LocalDevToolsAutoConfiguration$RestartConfiguration$1
5187:             1             16  org.springframework.boot.devtools.autoconfigure.OptionalLiveReloadServer
5188:             1             16  org.springframework.boot.devtools.autoconfigure.RemoteDevToolsProperties$Restart
5189:             1             16  org.springframework.boot.devtools.livereload.LiveReloadServer$2
5190:             1             16  org.springframework.boot.devtools.livereload.LiveReloadServer$WorkerThreadFactory
5191:             1             16  org.springframework.boot.devtools.restart.FailureHandler$1
5192:             1             16  org.springframework.boot.devtools.restart.OnInitializedRestarterCondition
5193:             1             16  org.springframework.boot.devtools.restart.RestartScopeInitializer
5194:             1             16  org.springframework.boot.devtools.restart.Restarter$LeakSafeThreadFactory
5195:             1             16  org.springframework.boot.devtools.restart.SilentExitExceptionHandler
5196:             1             16  org.springframework.boot.info.GitProperties
5197:             1             16  org.springframework.boot.json.JacksonJsonParser
5198:             1             16  org.springframework.boot.json.JacksonJsonParser$ListTypeReference
5199:             1             16  org.springframework.boot.json.JacksonJsonParser$MapTypeReference
5200:             1             16  org.springframework.boot.logging.LoggerConfigurationComparator
5201:             1             16  org.springframework.boot.logging.LoggingInitializationContext
5202:             1             16  org.springframework.cglib.core.AbstractClassGenerator$ClassLoaderData$2
5203:             1             16  org.springframework.cglib.core.DefaultGeneratorStrategy
5204:             1             16  org.springframework.cglib.core.DefaultNamingPolicy
5205:             1             16  org.springframework.cglib.core.KeyFactory$1
5206:             1             16  org.springframework.cglib.core.KeyFactory$2
5207:             1             16  org.springframework.cglib.core.KeyFactory$3
5208:             1             16  org.springframework.cglib.core.KeyFactory$4
5209:             1             16  org.springframework.cglib.core.MethodInfoTransformer
5210:             1             16  org.springframework.cglib.core.SpringNamingPolicy
5211:             1             16  org.springframework.cglib.core.internal.LoadingCache$1
5212:             1             16  org.springframework.cglib.proxy.Enhancer$1
5213:             1             16  org.springframework.cglib.proxy.FixedValueGenerator
5214:             1             16  org.springframework.cglib.proxy.InvocationHandlerGenerator
5215:             1             16  org.springframework.cglib.proxy.LazyLoaderGenerator
5216:             1             16  org.springframework.cglib.proxy.MethodInterceptorGenerator
5217:             1             16  org.springframework.cglib.proxy.MethodInterceptorGenerator$1
5218:             1             16  org.springframework.cglib.proxy.NoOp$1
5219:             1             16  org.springframework.cglib.proxy.NoOpGenerator
5220:             1             16  org.springframework.cglib.transform.impl.UndeclaredThrowableStrategy$1
5221:             1             16  org.springframework.cloud.autoconfigure.RefreshAutoConfiguration$RefreshScopeConfiguration
5222:             1             16  org.springframework.cloud.bootstrap.BootstrapApplicationListener$AncestorInitializer
5223:             1             16  org.springframework.cloud.bootstrap.BootstrapApplicationListener$DelegatingEnvironmentDecryptApplicationInitializer
5224:             1             16  org.springframework.cloud.bootstrap.config.PropertySourceBootstrapProperties
5225:             1             16  org.springframework.cloud.bootstrap.encrypt.EncryptionBootstrapConfiguration$FailsafeTextEncryptor
5226:             1             16  org.springframework.cloud.bootstrap.encrypt.EncryptionBootstrapConfiguration$KeyCondition
5227:             1             16  org.springframework.cloud.client.discovery.composite.CompositeDiscoveryClient
5228:             1             16  org.springframework.cloud.client.discovery.health.DiscoveryClientHealthIndicatorProperties
5229:             1             16  org.springframework.cloud.client.discovery.simple.SimpleDiscoveryClient
5230:             1             16  org.springframework.cloud.client.loadbalancer.AsyncLoadBalancerInterceptor
5231:             1             16  org.springframework.cloud.client.loadbalancer.LoadBalancedBackOffPolicyFactory$NoBackOffPolicyFactory
5232:             1             16  org.springframework.cloud.client.loadbalancer.LoadBalancerRetryProperties
5233:             1             16  org.springframework.cloud.client.serviceregistry.AutoServiceRegistrationProperties
5234:             1             16  org.springframework.cloud.commons.httpclient.DefaultApacheHttpClientConnectionManagerFactory
5235:             1             16  org.springframework.cloud.commons.httpclient.DefaultApacheHttpClientFactory
5236:             1             16  org.springframework.cloud.commons.httpclient.DefaultOkHttpClientConnectionPoolFactory
5237:             1             16  org.springframework.cloud.commons.httpclient.DefaultOkHttpClientFactory
5238:             1             16  org.springframework.cloud.context.scope.GenericScope$BeanLifecycleWrapperCache
5239:             1             16  org.springframework.cloud.context.scope.StandardScopeCache
5240:             1             16  org.springframework.cloud.netflix.eureka.$Proxy115
5241:             1             16  org.springframework.cloud.netflix.eureka.EurekaDiscoveryClientConfiguration$Marker
5242:             1             16  org.springframework.cloud.netflix.eureka.metadata.DefaultManagementMetadataProvider
5243:             1             16  org.springframework.cloud.netflix.eureka.serviceregistry.EurekaServiceRegistry
5244:             1             16  org.springframework.cloud.netflix.feign.HystrixTargeter
5245:             1             16  org.springframework.cloud.netflix.feign.ribbon.LoadBalancerFeignClient$$EnhancerBySpringCGLIB$$b42bcc3c$$FastClassBySpringCGLIB$$6557f4ca
5246:             1             16  org.springframework.cloud.netflix.feign.ribbon.LoadBalancerFeignClient$$FastClassBySpringCGLIB$$e5f34f81
5247:             1             16  org.springframework.cloud.netflix.hystrix.HystrixHealthIndicator
5248:             1             16  org.springframework.cloud.netflix.metrics.DefaultMetricsTagProvider
5249:             1             16  org.springframework.cloud.netflix.metrics.RestTemplateUrlTemplateCapturingAspect
5250:             1             16  org.springframework.cloud.netflix.metrics.servo.HierarchicalServoMetricNaming
5251:             1             16  org.springframework.cloud.netflix.ribbon.RibbonLoadBalancedRetryPolicyFactory
5252:             1             16  org.springframework.cloud.netflix.ribbon.RibbonLoadBalancerClient
5253:             1             16  org.springframework.cloud.netflix.ribbon.ServerIntrospectorProperties
5254:             1             16  org.springframework.cloud.netflix.ribbon.eureka.$Proxy126
5255:             1             16  org.springframework.cloud.netflix.rx.SingleReturnValueHandler
5256:             1             16  org.springframework.cloud.sleuth.DefaultSpanNamer
5257:             1             16  org.springframework.cloud.sleuth.ExceptionMessageErrorParser
5258:             1             16  org.springframework.cloud.sleuth.NoOpSpanAdjuster
5259:             1             16  org.springframework.cloud.sleuth.annotation.DefaultSpanCreator
5260:             1             16  org.springframework.cloud.sleuth.annotation.NoOpTagValueResolver
5261:             1             16  org.springframework.cloud.sleuth.annotation.SleuthAdvisorConfig$AnnotationClassOrMethodOrArgsPointcut
5262:             1             16  org.springframework.cloud.sleuth.annotation.SleuthAnnotationProperties
5263:             1             16  org.springframework.cloud.sleuth.annotation.SpelTagValueExpressionResolver
5264:             1             16  org.springframework.cloud.sleuth.autoconfig.SleuthProperties
5265:             1             16  org.springframework.cloud.sleuth.instrument.async.ExecutorBeanPostProcessor
5266:             1             16  org.springframework.cloud.sleuth.instrument.messaging.HeaderBasedMessagingExtractor
5267:             1             16  org.springframework.cloud.sleuth.instrument.messaging.HeaderBasedMessagingInjector
5268:             1             16  org.springframework.cloud.sleuth.instrument.rxjava.SleuthRxJavaSchedulersProperties$Hook
5269:             1             16  org.springframework.cloud.sleuth.instrument.web.ZipkinHttpSpanInjector
5270:             1             16  org.springframework.cloud.sleuth.instrument.web.ZipkinHttpSpanMapper$1
5271:             1             16  org.springframework.cloud.sleuth.instrument.web.client.TraceWebClientAutoConfiguration$TraceRestTemplateBuilderBPP
5272:             1             16  org.springframework.cloud.sleuth.instrument.web.client.feign.TraceFeignAspect
5273:             1             16  org.springframework.cloud.sleuth.metric.TraceMetricsAutoConfiguration$PickMetricIfMetricsIsMissing
5274:             1             16  org.springframework.cloud.sleuth.sampler.SamplerProperties
5275:             1             16  org.springframework.cloud.sleuth.zipkin2.DefaultZipkinRestTemplateCustomizer
5276:             1             16  org.springframework.cloud.sleuth.zipkin2.ReporterMetricsAdapter
5277:             1             16  org.springframework.cloud.sleuth.zipkin2.ZipkinProperties$Compression
5278:             1             16  org.springframework.cloud.sleuth.zipkin2.ZipkinProperties$Locator
5279:             1             16  org.springframework.cloud.sleuth.zipkin2.ZipkinProperties$Service
5280:             1             16  org.springframework.context.annotation.ConfigurationClassEnhancer$BeanFactoryAwareMethodInterceptor
5281:             1             16  org.springframework.context.annotation.ConfigurationClassEnhancer$BeanMethodInterceptor
5282:             1             16  org.springframework.context.annotation.ConfigurationClassParser$1
5283:             1             16  org.springframework.core.OrderComparator
5284:             1             16  org.springframework.core.annotation.AnnotatedElementUtils$AlwaysTrueBooleanAnnotationProcessor
5285:             1             16  org.springframework.core.io.support.DefaultPropertySourceFactory
5286:             1             16  org.springframework.data.convert.ClassGeneratingEntityInstantiator$ObjectInstantiatorClassGenerator
5287:             1             16  org.springframework.data.convert.SimpleTypeInformationMapper
5288:             1             16  org.springframework.data.keyvalue.core.KeyValuePersistenceExceptionTranslator
5289:             1             16  org.springframework.data.mapping.model.ClassGeneratingPropertyAccessorFactory
5290:             1             16  org.springframework.data.redis.FallbackExceptionTranslationStrategy
5291:             1             16  org.springframework.data.redis.PassThroughExceptionTranslationStrategy
5292:             1             16  org.springframework.data.redis.connection.convert.Converters$1
5293:             1             16  org.springframework.data.redis.connection.convert.LongToBooleanConverter
5294:             1             16  org.springframework.data.redis.connection.convert.MapConverter
5295:             1             16  org.springframework.data.redis.connection.convert.StringToDataTypeConverter
5296:             1             16  org.springframework.data.redis.connection.convert.StringToPropertiesConverter
5297:             1             16  org.springframework.data.redis.connection.convert.StringToRedisClientInfoConverter
5298:             1             16  org.springframework.data.redis.connection.jedis.JedisConverters$1
5299:             1             16  org.springframework.data.redis.connection.jedis.JedisConverters$2
5300:             1             16  org.springframework.data.redis.connection.jedis.JedisConverters$3
5301:             1             16  org.springframework.data.redis.connection.jedis.JedisConverters$4
5302:             1             16  org.springframework.data.redis.connection.jedis.JedisConverters$5
5303:             1             16  org.springframework.data.redis.connection.jedis.JedisConverters$6
5304:             1             16  org.springframework.data.redis.connection.jedis.JedisConverters$7
5305:             1             16  org.springframework.data.redis.connection.jedis.JedisConverters$8
5306:             1             16  org.springframework.data.redis.connection.jedis.JedisExceptionConverter
5307:             1             16  org.springframework.data.redis.core.RedisQueryEngine$RedisCriteriaAccessor
5308:             1             16  org.springframework.data.redis.core.convert.BinaryConverters$BytesToBooleanConverter
5309:             1             16  org.springframework.data.redis.core.convert.BinaryConverters$BytesToDateConverter
5310:             1             16  org.springframework.data.redis.core.convert.BinaryConverters$BytesToEnumConverterFactory
5311:             1             16  org.springframework.data.redis.core.convert.BinaryConverters$BytesToNumberConverterFactory
5312:             1             16  org.springframework.data.redis.core.convert.BinaryConverters$BytesToStringConverter
5313:             1             16  org.springframework.data.redis.core.convert.BinaryConverters$DateToBytesConverter
5314:             1             16  org.springframework.data.redis.core.convert.BinaryConverters$EnumToBytesConverter
5315:             1             16  org.springframework.data.redis.core.convert.BinaryConverters$NumberToBytesConverter
5316:             1             16  org.springframework.data.redis.core.convert.IndexedDataFactoryProvider
5317:             1             16  org.springframework.data.redis.core.convert.Jsr310Converters$BytesToDurationConverter
5318:             1             16  org.springframework.data.redis.core.convert.Jsr310Converters$BytesToInstantConverter
5319:             1             16  org.springframework.data.redis.core.convert.Jsr310Converters$BytesToLocalDateConverter
5320:             1             16  org.springframework.data.redis.core.convert.Jsr310Converters$BytesToLocalDateTimeConverter
5321:             1             16  org.springframework.data.redis.core.convert.Jsr310Converters$BytesToLocalTimeConverter
5322:             1             16  org.springframework.data.redis.core.convert.Jsr310Converters$BytesToPeriodConverter
5323:             1             16  org.springframework.data.redis.core.convert.Jsr310Converters$BytesToZoneIdConverter
5324:             1             16  org.springframework.data.redis.core.convert.Jsr310Converters$BytesToZonedDateTimeConverter
5325:             1             16  org.springframework.data.redis.core.convert.Jsr310Converters$DurationToBytesConverter
5326:             1             16  org.springframework.data.redis.core.convert.Jsr310Converters$InstantToBytesConverter
5327:             1             16  org.springframework.data.redis.core.convert.Jsr310Converters$LocalDateTimeToBytesConverter
5328:             1             16  org.springframework.data.redis.core.convert.Jsr310Converters$LocalDateToBytesConverter
5329:             1             16  org.springframework.data.redis.core.convert.Jsr310Converters$LocalTimeToBytesConverter
5330:             1             16  org.springframework.data.redis.core.convert.Jsr310Converters$PeriodToBytesConverter
5331:             1             16  org.springframework.data.redis.core.convert.Jsr310Converters$ZoneIdToBytesConverter
5332:             1             16  org.springframework.data.redis.core.convert.Jsr310Converters$ZonedDateTimeToBytesConverter
5333:             1             16  org.springframework.data.redis.core.convert.KeyspaceConfiguration
5334:             1             16  org.springframework.data.redis.core.index.IndexConfiguration
5335:             1             16  org.springframework.data.redis.core.mapping.RedisMappingContext$ConfigAwareKeySpaceResolver
5336:             1             16  org.springframework.data.repository.support.DomainClassConverter$ToIdConverter
5337:             1             16  org.springframework.data.web.config.SpringDataJacksonConfiguration
5338:             1             16  org.springframework.expression.common.TemplateAwareExpressionParser$1
5339:             1             16  org.springframework.http.HttpHeaders
5340:             1             16  org.springframework.http.MediaType$1
5341:             1             16  org.springframework.http.MediaType$2
5342:             1             16  org.springframework.http.converter.json.SpringHandlerInstantiator
5343:             1             16  org.springframework.http.converter.xml.Jaxb2RootElementHttpMessageConverter$1
5344:             1             16  org.springframework.http.converter.xml.SourceHttpMessageConverter$1
5345:             1             16  org.springframework.http.converter.xml.SourceHttpMessageConverter$2
5346:             1             16  org.springframework.ldap.core.support.AbstractContextSource$SimpleAuthenticationSource
5347:             1             16  org.springframework.ldap.core.support.SimpleDirContextAuthenticationStrategy
5348:             1             16  org.springframework.ldap.odm.typeconversion.impl.ConversionServiceConverterManager
5349:             1             16  org.springframework.ldap.odm.typeconversion.impl.ConversionServiceConverterManager$StringToNameConverter
5350:             1             16  org.springframework.messaging.converter.SimpleMessageConverter
5351:             1             16  org.springframework.retry.backoff.NoBackOffPolicy
5352:             1             16  org.springframework.util.MimeType$SpecificityComparator
5353:             1             16  org.springframework.util.ReflectionUtils$4
5354:             1             16  org.springframework.util.ReflectionUtils$5
5355:             1             16  org.springframework.util.ReflectionUtils$6
5356:             1             16  org.springframework.util.comparator.CompoundComparator
5357:             1             16  org.springframework.util.comparator.InstanceComparator
5358:             1             16  org.springframework.validation.beanvalidation.MethodValidationInterceptor
5359:             1             16  org.springframework.web.bind.support.DefaultSessionAttributeStore
5360:             1             16  org.springframework.web.context.support.WebApplicationContextUtils$RequestObjectFactory
5361:             1             16  org.springframework.web.context.support.WebApplicationContextUtils$ResponseObjectFactory
5362:             1             16  org.springframework.web.context.support.WebApplicationContextUtils$SessionObjectFactory
5363:             1             16  org.springframework.web.context.support.WebApplicationContextUtils$WebRequestObjectFactory
5364:             1             16  org.springframework.web.method.annotation.ErrorsMethodArgumentResolver
5365:             1             16  org.springframework.web.method.annotation.ExceptionHandlerMethodResolver$1
5366:             1             16  org.springframework.web.method.annotation.RequestHeaderMapMethodArgumentResolver
5367:             1             16  org.springframework.web.method.annotation.SessionStatusMethodArgumentResolver
5368:             1             16  org.springframework.web.multipart.support.StandardServletMultipartResolver
5369:             1             16  org.springframework.web.servlet.config.annotation.WebMvcConfigurerComposite
5370:             1             16  org.springframework.web.servlet.handler.AbstractHandlerMethodMapping$EmptyHandler
5371:             1             16  org.springframework.web.servlet.handler.ConversionServiceExposingInterceptor
5372:             1             16  org.springframework.web.servlet.mvc.HttpRequestHandlerAdapter
5373:             1             16  org.springframework.web.servlet.mvc.SimpleControllerHandlerAdapter
5374:             1             16  org.springframework.web.servlet.mvc.method.annotation.AsyncTaskMethodReturnValueHandler
5375:             1             16  org.springframework.web.servlet.mvc.method.annotation.CallableMethodReturnValueHandler
5376:             1             16  org.springframework.web.servlet.mvc.method.annotation.DeferredResultMethodReturnValueHandler
5377:             1             16  org.springframework.web.servlet.mvc.method.annotation.DeferredResultMethodReturnValueHandler$CompletionStageAdapter
5378:             1             16  org.springframework.web.servlet.mvc.method.annotation.DeferredResultMethodReturnValueHandler$ListenableFutureAdapter
5379:             1             16  org.springframework.web.servlet.mvc.method.annotation.DeferredResultMethodReturnValueHandler$SimpleDeferredResultAdapter
5380:             1             16  org.springframework.web.servlet.mvc.method.annotation.HttpHeadersReturnValueHandler
5381:             1             16  org.springframework.web.servlet.mvc.method.annotation.JsonViewRequestBodyAdvice
5382:             1             16  org.springframework.web.servlet.mvc.method.annotation.RequestMappingHandlerAdapter$1
5383:             1             16  org.springframework.web.servlet.mvc.method.annotation.RequestMappingHandlerAdapter$2
5384:             1             16  org.springframework.web.servlet.mvc.method.annotation.ResponseBodyEmitterReturnValueHandler$SimpleResponseBodyEmitterAdapter
5385:             1             16  org.springframework.web.servlet.mvc.method.annotation.StreamingResponseBodyReturnValueHandler
5386:             1             16  org.springframework.web.servlet.mvc.method.annotation.UriComponentsBuilderMethodArgumentResolver
5387:             1             16  org.springframework.web.servlet.view.AbstractCachingViewResolver$1
5388:             1             16  org.springframework.web.servlet.view.ContentNegotiatingViewResolver$1
5389:             1             16  org.springframework.web.util.HierarchicalUriComponents$1
5390:             1             16  org.yaml.snakeyaml.constructor.SafeConstructor$ConstructUndefined
5391:             1             16  org.yaml.snakeyaml.external.com.google.gdata.util.common.base.UnicodeEscaper$2
5392:             1             16  redis.clients.jedis.JedisPool
5393:             1             16  rx.plugins.RxJavaObservableExecutionHookDefault
5394:             1             16  rx.plugins.RxJavaPlugins$1
5395:             1             16  rx.plugins.RxJavaSchedulersHook
5396:             1             16  springfox.documentation.builders.DocumentationBuilder$1
5397:             1             16  springfox.documentation.builders.RequestHandlerSelectors$1
5398:             1             16  springfox.documentation.builders.RequestHandlerSelectors$2
5399:             1             16  springfox.documentation.builders.RequestHandlerSelectors$5
5400:             1             16  springfox.documentation.schema.CachingModelDependencyProvider
5401:             1             16  springfox.documentation.schema.DefaultGenericTypeNamingStrategy
5402:             1             16  springfox.documentation.schema.property.CachingModelPropertiesProvider
5403:             1             16  springfox.documentation.schema.property.FactoryMethodProvider
5404:             1             16  springfox.documentation.schema.property.ObjectMapperBeanPropertyNamingStrategy
5405:             1             16  springfox.documentation.schema.property.bean.AccessorsProvider
5406:             1             16  springfox.documentation.schema.property.field.FieldProvider
5407:             1             16  springfox.documentation.spi.schema.AlternateTypeProvider
5408:             1             16  springfox.documentation.spi.service.contexts.Orderings$1
5409:             1             16  springfox.documentation.spi.service.contexts.Orderings$2
5410:             1             16  springfox.documentation.spi.service.contexts.Orderings$3
5411:             1             16  springfox.documentation.spi.service.contexts.Orderings$4
5412:             1             16  springfox.documentation.spi.service.contexts.Orderings$5
5413:             1             16  springfox.documentation.spring.web.DocumentationCache
5414:             1             16  springfox.documentation.spring.web.ObjectMapperConfigurer
5415:             1             16  springfox.documentation.spring.web.json.JsonSerializer
5416:             1             16  springfox.documentation.spring.web.paths.OperationPathDecorator
5417:             1             16  springfox.documentation.spring.web.paths.PathMappingDecorator
5418:             1             16  springfox.documentation.spring.web.paths.PathSanitizer
5419:             1             16  springfox.documentation.spring.web.paths.QueryStringUriTemplateDecorator
5420:             1             16  springfox.documentation.spring.web.paths.RelativePathProvider
5421:             1             16  springfox.documentation.spring.web.plugins.PathAndParametersEquivalence
5422:             1             16  springfox.documentation.spring.web.plugins.ResolvedMethodParameterEquivalence
5423:             1             16  springfox.documentation.spring.web.plugins.WebMvcRequestHandlerProvider
5424:             1             16  springfox.documentation.spring.web.readers.operation.CachingOperationNameGenerator
5425:             1             16  springfox.documentation.spring.web.readers.operation.DefaultOperationReader
5426:             1             16  springfox.documentation.spring.web.readers.operation.DefaultTagsProvider
5427:             1             16  springfox.documentation.spring.web.readers.operation.OperationDeprecatedReader
5428:             1             16  springfox.documentation.spring.web.readers.operation.OperationModelsProvider
5429:             1             16  springfox.documentation.spring.web.readers.operation.OperationParameterHeadersConditionReader
5430:             1             16  springfox.documentation.spring.web.readers.operation.OperationParameterRequestConditionReader
5431:             1             16  springfox.documentation.spring.web.readers.operation.OperationResponseClassReader
5432:             1             16  springfox.documentation.spring.web.readers.operation.OperationTagsReader
5433:             1             16  springfox.documentation.spring.web.readers.operation.ResponseMessagesReader
5434:             1             16  springfox.documentation.spring.web.readers.parameter.ExpandedParameterBuilder
5435:             1             16  springfox.documentation.spring.web.readers.parameter.ParameterDefaultReader
5436:             1             16  springfox.documentation.spring.web.readers.parameter.ParameterMultiplesReader
5437:             1             16  springfox.documentation.spring.web.readers.parameter.ParameterNameReader
5438:             1             16  springfox.documentation.spring.web.readers.parameter.ParameterRequiredReader
5439:             1             16  springfox.documentation.spring.web.readers.parameter.ParameterTypeReader
5440:             1             16  springfox.documentation.spring.web.scanners.ApiDescriptionLookup
5441:             1             16  springfox.documentation.spring.web.scanners.ApiListingReader
5442:             1             16  springfox.documentation.spring.web.scanners.ApiListingReferenceScanner
5443:             1             16  springfox.documentation.spring.web.scanners.CachingOperationReader
5444:             1             16  springfox.documentation.spring.web.scanners.MediaTypeReader
5445:             1             16  springfox.documentation.swagger.readers.operation.OperationAuthReader
5446:             1             16  springfox.documentation.swagger.readers.operation.OperationHiddenReader
5447:             1             16  springfox.documentation.swagger.readers.operation.OperationHttpMethodReader
5448:             1             16  springfox.documentation.swagger.readers.operation.OperationImplicitParameterReader
5449:             1             16  springfox.documentation.swagger.readers.operation.OperationImplicitParametersReader
5450:             1             16  springfox.documentation.swagger.readers.operation.OperationNicknameIntoUniqueIdReader
5451:             1             16  springfox.documentation.swagger.readers.operation.OperationNotesReader
5452:             1             16  springfox.documentation.swagger.readers.operation.OperationPositionReader
5453:             1             16  springfox.documentation.swagger.readers.operation.OperationSummaryReader
5454:             1             16  springfox.documentation.swagger.readers.operation.SwaggerMediaTypeReader
5455:             1             16  springfox.documentation.swagger.readers.operation.SwaggerOperationModelsProvider
5456:             1             16  springfox.documentation.swagger.readers.operation.SwaggerOperationTagsReader
5457:             1             16  springfox.documentation.swagger.readers.operation.VendorExtensionsReader
5458:             1             16  springfox.documentation.swagger.readers.parameter.ApiParamParameterBuilder
5459:             1             16  springfox.documentation.swagger.readers.parameter.SwaggerExpandedParameterBuilder
5460:             1             16  springfox.documentation.swagger.schema.ApiModelBuilder
5461:             1             16  springfox.documentation.swagger.schema.ApiModelPropertyPropertyBuilder
5462:             1             16  springfox.documentation.swagger.schema.ApiModelTypeNameProvider
5463:             1             16  springfox.documentation.swagger.web.ClassOrApiAnnotationResourceGrouping
5464:             1             16  springfox.documentation.swagger.web.SwaggerApiListingReader
5465:             1             16  springfox.documentation.swagger2.mappers.ApiKeyAuthFactory
5466:             1             16  springfox.documentation.swagger2.mappers.BasicAuthFactory
5467:             1             16  springfox.documentation.swagger2.mappers.LicenseMapperImpl
5468:             1             16  springfox.documentation.swagger2.mappers.ModelMapperImpl
5469:             1             16  springfox.documentation.swagger2.mappers.OAuth2AuthFactory
5470:             1             16  springfox.documentation.swagger2.mappers.ParameterMapperImpl
5471:             1             16  springfox.documentation.swagger2.mappers.SecurityMapperImpl
5472:             1             16  springfox.documentation.swagger2.mappers.VendorExtensionsMapperImpl
5473:             1             16  sun.management.ClassLoadingImpl
5474:             1             16  sun.management.HotSpotDiagnostic
5475:             1             16  sun.management.ManagementFactoryHelper$PlatformLoggingImpl
5476:             1             16  sun.misc.ASCIICaseInsensitiveComparator
5477:             1             16  sun.misc.FloatingDecimal$1
5478:             1             16  sun.misc.Launcher
5479:             1             16  sun.misc.Launcher$Factory
5480:             1             16  sun.misc.Perf
5481:             1             16  sun.misc.Unsafe
5482:             1             16  sun.net.DefaultProgressMeteringPolicy
5483:             1             16  sun.net.ExtendedOptionsImpl$$Lambda$8/1217930537
5484:             1             16  sun.net.spi.DefaultProxySelector
5485:             1             16  sun.net.www.protocol.http.AuthCacheImpl
5486:             1             16  sun.net.www.protocol.jar.JarFileFactory
5487:             1             16  sun.nio.ch.ExtendedSocketOption$1
5488:             1             16  sun.nio.ch.FileChannelImpl$1
5489:             1             16  sun.nio.ch.Net$1
5490:             1             16  sun.nio.ch.Util$1
5491:             1             16  sun.nio.ch.WindowsSelectorProvider
5492:             1             16  sun.nio.cs.CharsetMapping$2
5493:             1             16  sun.nio.cs.CharsetMapping$3
5494:             1             16  sun.nio.cs.CharsetMapping$4
5495:             1             16  sun.nio.fs.WindowsFileSystemProvider
5496:             1             16  sun.reflect.GeneratedConstructorAccessor1
5497:             1             16  sun.reflect.GeneratedConstructorAccessor10
5498:             1             16  sun.reflect.GeneratedConstructorAccessor11
5499:             1             16  sun.reflect.GeneratedConstructorAccessor12
5500:             1             16  sun.reflect.GeneratedConstructorAccessor13
5501:             1             16  sun.reflect.GeneratedConstructorAccessor14
5502:             1             16  sun.reflect.GeneratedConstructorAccessor15
5503:             1             16  sun.reflect.GeneratedConstructorAccessor16
5504:             1             16  sun.reflect.GeneratedConstructorAccessor17
5505:             1             16  sun.reflect.GeneratedConstructorAccessor18
5506:             1             16  sun.reflect.GeneratedConstructorAccessor19
5507:             1             16  sun.reflect.GeneratedConstructorAccessor2
5508:             1             16  sun.reflect.GeneratedConstructorAccessor20
5509:             1             16  sun.reflect.GeneratedConstructorAccessor21
5510:             1             16  sun.reflect.GeneratedConstructorAccessor22
5511:             1             16  sun.reflect.GeneratedConstructorAccessor23
5512:             1             16  sun.reflect.GeneratedConstructorAccessor24
5513:             1             16  sun.reflect.GeneratedConstructorAccessor25
5514:             1             16  sun.reflect.GeneratedConstructorAccessor26
5515:             1             16  sun.reflect.GeneratedConstructorAccessor27
5516:             1             16  sun.reflect.GeneratedConstructorAccessor28
5517:             1             16  sun.reflect.GeneratedConstructorAccessor29
5518:             1             16  sun.reflect.GeneratedConstructorAccessor3
5519:             1             16  sun.reflect.GeneratedConstructorAccessor30
5520:             1             16  sun.reflect.GeneratedConstructorAccessor31
5521:             1             16  sun.reflect.GeneratedConstructorAccessor32
5522:             1             16  sun.reflect.GeneratedConstructorAccessor33
5523:             1             16  sun.reflect.GeneratedConstructorAccessor34
5524:             1             16  sun.reflect.GeneratedConstructorAccessor35
5525:             1             16  sun.reflect.GeneratedConstructorAccessor36
5526:             1             16  sun.reflect.GeneratedConstructorAccessor37
5527:             1             16  sun.reflect.GeneratedConstructorAccessor38
5528:             1             16  sun.reflect.GeneratedConstructorAccessor39
5529:             1             16  sun.reflect.GeneratedConstructorAccessor4
5530:             1             16  sun.reflect.GeneratedConstructorAccessor40
5531:             1             16  sun.reflect.GeneratedConstructorAccessor41
5532:             1             16  sun.reflect.GeneratedConstructorAccessor42
5533:             1             16  sun.reflect.GeneratedConstructorAccessor43
5534:             1             16  sun.reflect.GeneratedConstructorAccessor44
5535:             1             16  sun.reflect.GeneratedConstructorAccessor45
5536:             1             16  sun.reflect.GeneratedConstructorAccessor46
5537:             1             16  sun.reflect.GeneratedConstructorAccessor47
5538:             1             16  sun.reflect.GeneratedConstructorAccessor48
5539:             1             16  sun.reflect.GeneratedConstructorAccessor49
5540:             1             16  sun.reflect.GeneratedConstructorAccessor5
5541:             1             16  sun.reflect.GeneratedConstructorAccessor50
5542:             1             16  sun.reflect.GeneratedConstructorAccessor51
5543:             1             16  sun.reflect.GeneratedConstructorAccessor52
5544:             1             16  sun.reflect.GeneratedConstructorAccessor53
5545:             1             16  sun.reflect.GeneratedConstructorAccessor54
5546:             1             16  sun.reflect.GeneratedConstructorAccessor55
5547:             1             16  sun.reflect.GeneratedConstructorAccessor56
5548:             1             16  sun.reflect.GeneratedConstructorAccessor57
5549:             1             16  sun.reflect.GeneratedConstructorAccessor58
5550:             1             16  sun.reflect.GeneratedConstructorAccessor59
5551:             1             16  sun.reflect.GeneratedConstructorAccessor6
5552:             1             16  sun.reflect.GeneratedConstructorAccessor60
5553:             1             16  sun.reflect.GeneratedConstructorAccessor61
5554:             1             16  sun.reflect.GeneratedConstructorAccessor62
5555:             1             16  sun.reflect.GeneratedConstructorAccessor63
5556:             1             16  sun.reflect.GeneratedConstructorAccessor64
5557:             1             16  sun.reflect.GeneratedConstructorAccessor65
5558:             1             16  sun.reflect.GeneratedConstructorAccessor66
5559:             1             16  sun.reflect.GeneratedConstructorAccessor67
5560:             1             16  sun.reflect.GeneratedConstructorAccessor68
5561:             1             16  sun.reflect.GeneratedConstructorAccessor69
5562:             1             16  sun.reflect.GeneratedConstructorAccessor7
5563:             1             16  sun.reflect.GeneratedConstructorAccessor70
5564:             1             16  sun.reflect.GeneratedConstructorAccessor71
5565:             1             16  sun.reflect.GeneratedConstructorAccessor72
5566:             1             16  sun.reflect.GeneratedConstructorAccessor73
5567:             1             16  sun.reflect.GeneratedConstructorAccessor74
5568:             1             16  sun.reflect.GeneratedConstructorAccessor75
5569:             1             16  sun.reflect.GeneratedConstructorAccessor76
5570:             1             16  sun.reflect.GeneratedConstructorAccessor77
5571:             1             16  sun.reflect.GeneratedConstructorAccessor78
5572:             1             16  sun.reflect.GeneratedConstructorAccessor79
5573:             1             16  sun.reflect.GeneratedConstructorAccessor8
5574:             1             16  sun.reflect.GeneratedConstructorAccessor80
5575:             1             16  sun.reflect.GeneratedConstructorAccessor81
5576:             1             16  sun.reflect.GeneratedConstructorAccessor82
5577:             1             16  sun.reflect.GeneratedConstructorAccessor83
5578:             1             16  sun.reflect.GeneratedConstructorAccessor84
5579:             1             16  sun.reflect.GeneratedConstructorAccessor85
5580:             1             16  sun.reflect.GeneratedConstructorAccessor86
5581:             1             16  sun.reflect.GeneratedConstructorAccessor87
5582:             1             16  sun.reflect.GeneratedConstructorAccessor88
5583:             1             16  sun.reflect.GeneratedConstructorAccessor89
5584:             1             16  sun.reflect.GeneratedConstructorAccessor9
5585:             1             16  sun.reflect.GeneratedConstructorAccessor90
5586:             1             16  sun.reflect.GeneratedConstructorAccessor91
5587:             1             16  sun.reflect.GeneratedConstructorAccessor92
5588:             1             16  sun.reflect.GeneratedConstructorAccessor93
5589:             1             16  sun.reflect.GeneratedConstructorAccessor94
5590:             1             16  sun.reflect.GeneratedConstructorAccessor95
5591:             1             16  sun.reflect.GeneratedConstructorAccessor96
5592:             1             16  sun.reflect.GeneratedConstructorAccessor97
5593:             1             16  sun.reflect.GeneratedConstructorAccessor98
5594:             1             16  sun.reflect.GeneratedConstructorAccessor99
5595:             1             16  sun.reflect.GeneratedMethodAccessor1
5596:             1             16  sun.reflect.GeneratedMethodAccessor10
5597:             1             16  sun.reflect.GeneratedMethodAccessor100
5598:             1             16  sun.reflect.GeneratedMethodAccessor101
5599:             1             16  sun.reflect.GeneratedMethodAccessor102
5600:             1             16  sun.reflect.GeneratedMethodAccessor103
5601:             1             16  sun.reflect.GeneratedMethodAccessor104
5602:             1             16  sun.reflect.GeneratedMethodAccessor105
5603:             1             16  sun.reflect.GeneratedMethodAccessor106
5604:             1             16  sun.reflect.GeneratedMethodAccessor107
5605:             1             16  sun.reflect.GeneratedMethodAccessor108
5606:             1             16  sun.reflect.GeneratedMethodAccessor109
5607:             1             16  sun.reflect.GeneratedMethodAccessor11
5608:             1             16  sun.reflect.GeneratedMethodAccessor110
5609:             1             16  sun.reflect.GeneratedMethodAccessor111
5610:             1             16  sun.reflect.GeneratedMethodAccessor112
5611:             1             16  sun.reflect.GeneratedMethodAccessor113
5612:             1             16  sun.reflect.GeneratedMethodAccessor114
5613:             1             16  sun.reflect.GeneratedMethodAccessor115
5614:             1             16  sun.reflect.GeneratedMethodAccessor116
5615:             1             16  sun.reflect.GeneratedMethodAccessor117
5616:             1             16  sun.reflect.GeneratedMethodAccessor118
5617:             1             16  sun.reflect.GeneratedMethodAccessor119
5618:             1             16  sun.reflect.GeneratedMethodAccessor12
5619:             1             16  sun.reflect.GeneratedMethodAccessor120
5620:             1             16  sun.reflect.GeneratedMethodAccessor121
5621:             1             16  sun.reflect.GeneratedMethodAccessor122
5622:             1             16  sun.reflect.GeneratedMethodAccessor123
5623:             1             16  sun.reflect.GeneratedMethodAccessor124
5624:             1             16  sun.reflect.GeneratedMethodAccessor125
5625:             1             16  sun.reflect.GeneratedMethodAccessor126
5626:             1             16  sun.reflect.GeneratedMethodAccessor127
5627:             1             16  sun.reflect.GeneratedMethodAccessor128
5628:             1             16  sun.reflect.GeneratedMethodAccessor129
5629:             1             16  sun.reflect.GeneratedMethodAccessor13
5630:             1             16  sun.reflect.GeneratedMethodAccessor130
5631:             1             16  sun.reflect.GeneratedMethodAccessor131
5632:             1             16  sun.reflect.GeneratedMethodAccessor132
5633:             1             16  sun.reflect.GeneratedMethodAccessor133
5634:             1             16  sun.reflect.GeneratedMethodAccessor134
5635:             1             16  sun.reflect.GeneratedMethodAccessor135
5636:             1             16  sun.reflect.GeneratedMethodAccessor136
5637:             1             16  sun.reflect.GeneratedMethodAccessor137
5638:             1             16  sun.reflect.GeneratedMethodAccessor138
5639:             1             16  sun.reflect.GeneratedMethodAccessor139
5640:             1             16  sun.reflect.GeneratedMethodAccessor14
5641:             1             16  sun.reflect.GeneratedMethodAccessor140
5642:             1             16  sun.reflect.GeneratedMethodAccessor141
5643:             1             16  sun.reflect.GeneratedMethodAccessor142
5644:             1             16  sun.reflect.GeneratedMethodAccessor143
5645:             1             16  sun.reflect.GeneratedMethodAccessor144
5646:             1             16  sun.reflect.GeneratedMethodAccessor145
5647:             1             16  sun.reflect.GeneratedMethodAccessor146
5648:             1             16  sun.reflect.GeneratedMethodAccessor147
5649:             1             16  sun.reflect.GeneratedMethodAccessor148
5650:             1             16  sun.reflect.GeneratedMethodAccessor149
5651:             1             16  sun.reflect.GeneratedMethodAccessor15
5652:             1             16  sun.reflect.GeneratedMethodAccessor150
5653:             1             16  sun.reflect.GeneratedMethodAccessor151
5654:             1             16  sun.reflect.GeneratedMethodAccessor152
5655:             1             16  sun.reflect.GeneratedMethodAccessor153
5656:             1             16  sun.reflect.GeneratedMethodAccessor154
5657:             1             16  sun.reflect.GeneratedMethodAccessor155
5658:             1             16  sun.reflect.GeneratedMethodAccessor156
5659:             1             16  sun.reflect.GeneratedMethodAccessor157
5660:             1             16  sun.reflect.GeneratedMethodAccessor158
5661:             1             16  sun.reflect.GeneratedMethodAccessor159
5662:             1             16  sun.reflect.GeneratedMethodAccessor16
5663:             1             16  sun.reflect.GeneratedMethodAccessor160
5664:             1             16  sun.reflect.GeneratedMethodAccessor161
5665:             1             16  sun.reflect.GeneratedMethodAccessor162
5666:             1             16  sun.reflect.GeneratedMethodAccessor163
5667:             1             16  sun.reflect.GeneratedMethodAccessor164
5668:             1             16  sun.reflect.GeneratedMethodAccessor165
5669:             1             16  sun.reflect.GeneratedMethodAccessor166
5670:             1             16  sun.reflect.GeneratedMethodAccessor167
5671:             1             16  sun.reflect.GeneratedMethodAccessor168
5672:             1             16  sun.reflect.GeneratedMethodAccessor169
5673:             1             16  sun.reflect.GeneratedMethodAccessor17
5674:             1             16  sun.reflect.GeneratedMethodAccessor170
5675:             1             16  sun.reflect.GeneratedMethodAccessor18
5676:             1             16  sun.reflect.GeneratedMethodAccessor19
5677:             1             16  sun.reflect.GeneratedMethodAccessor2
5678:             1             16  sun.reflect.GeneratedMethodAccessor20
5679:             1             16  sun.reflect.GeneratedMethodAccessor21
5680:             1             16  sun.reflect.GeneratedMethodAccessor22
5681:             1             16  sun.reflect.GeneratedMethodAccessor23
5682:             1             16  sun.reflect.GeneratedMethodAccessor24
5683:             1             16  sun.reflect.GeneratedMethodAccessor25
5684:             1             16  sun.reflect.GeneratedMethodAccessor26
5685:             1             16  sun.reflect.GeneratedMethodAccessor27
5686:             1             16  sun.reflect.GeneratedMethodAccessor28
5687:             1             16  sun.reflect.GeneratedMethodAccessor29
5688:             1             16  sun.reflect.GeneratedMethodAccessor3
5689:             1             16  sun.reflect.GeneratedMethodAccessor30
5690:             1             16  sun.reflect.GeneratedMethodAccessor31
5691:             1             16  sun.reflect.GeneratedMethodAccessor32
5692:             1             16  sun.reflect.GeneratedMethodAccessor33
5693:             1             16  sun.reflect.GeneratedMethodAccessor34
5694:             1             16  sun.reflect.GeneratedMethodAccessor35
5695:             1             16  sun.reflect.GeneratedMethodAccessor36
5696:             1             16  sun.reflect.GeneratedMethodAccessor37
5697:             1             16  sun.reflect.GeneratedMethodAccessor38
5698:             1             16  sun.reflect.GeneratedMethodAccessor39
5699:             1             16  sun.reflect.GeneratedMethodAccessor4
5700:             1             16  sun.reflect.GeneratedMethodAccessor40
5701:             1             16  sun.reflect.GeneratedMethodAccessor41
5702:             1             16  sun.reflect.GeneratedMethodAccessor42
5703:             1             16  sun.reflect.GeneratedMethodAccessor43
5704:             1             16  sun.reflect.GeneratedMethodAccessor44
5705:             1             16  sun.reflect.GeneratedMethodAccessor45
5706:             1             16  sun.reflect.GeneratedMethodAccessor46
5707:             1             16  sun.reflect.GeneratedMethodAccessor47
5708:             1             16  sun.reflect.GeneratedMethodAccessor48
5709:             1             16  sun.reflect.GeneratedMethodAccessor49
5710:             1             16  sun.reflect.GeneratedMethodAccessor5
5711:             1             16  sun.reflect.GeneratedMethodAccessor50
5712:             1             16  sun.reflect.GeneratedMethodAccessor51
5713:             1             16  sun.reflect.GeneratedMethodAccessor52
5714:             1             16  sun.reflect.GeneratedMethodAccessor53
5715:             1             16  sun.reflect.GeneratedMethodAccessor54
5716:             1             16  sun.reflect.GeneratedMethodAccessor55
5717:             1             16  sun.reflect.GeneratedMethodAccessor56
5718:             1             16  sun.reflect.GeneratedMethodAccessor57
5719:             1             16  sun.reflect.GeneratedMethodAccessor58
5720:             1             16  sun.reflect.GeneratedMethodAccessor59
5721:             1             16  sun.reflect.GeneratedMethodAccessor6
5722:             1             16  sun.reflect.GeneratedMethodAccessor60
5723:             1             16  sun.reflect.GeneratedMethodAccessor61
5724:             1             16  sun.reflect.GeneratedMethodAccessor62
5725:             1             16  sun.reflect.GeneratedMethodAccessor63
5726:             1             16  sun.reflect.GeneratedMethodAccessor64
5727:             1             16  sun.reflect.GeneratedMethodAccessor65
5728:             1             16  sun.reflect.GeneratedMethodAccessor66
5729:             1             16  sun.reflect.GeneratedMethodAccessor67
5730:             1             16  sun.reflect.GeneratedMethodAccessor68
5731:             1             16  sun.reflect.GeneratedMethodAccessor69
5732:             1             16  sun.reflect.GeneratedMethodAccessor7
5733:             1             16  sun.reflect.GeneratedMethodAccessor70
5734:             1             16  sun.reflect.GeneratedMethodAccessor71
5735:             1             16  sun.reflect.GeneratedMethodAccessor72
5736:             1             16  sun.reflect.GeneratedMethodAccessor73
5737:             1             16  sun.reflect.GeneratedMethodAccessor74
5738:             1             16  sun.reflect.GeneratedMethodAccessor75
5739:             1             16  sun.reflect.GeneratedMethodAccessor76
5740:             1             16  sun.reflect.GeneratedMethodAccessor77
5741:             1             16  sun.reflect.GeneratedMethodAccessor78
5742:             1             16  sun.reflect.GeneratedMethodAccessor79
5743:             1             16  sun.reflect.GeneratedMethodAccessor8
5744:             1             16  sun.reflect.GeneratedMethodAccessor80
5745:             1             16  sun.reflect.GeneratedMethodAccessor81
5746:             1             16  sun.reflect.GeneratedMethodAccessor82
5747:             1             16  sun.reflect.GeneratedMethodAccessor83
5748:             1             16  sun.reflect.GeneratedMethodAccessor84
5749:             1             16  sun.reflect.GeneratedMethodAccessor85
5750:             1             16  sun.reflect.GeneratedMethodAccessor86
5751:             1             16  sun.reflect.GeneratedMethodAccessor87
5752:             1             16  sun.reflect.GeneratedMethodAccessor88
5753:             1             16  sun.reflect.GeneratedMethodAccessor89
5754:             1             16  sun.reflect.GeneratedMethodAccessor9
5755:             1             16  sun.reflect.GeneratedMethodAccessor90
5756:             1             16  sun.reflect.GeneratedMethodAccessor91
5757:             1             16  sun.reflect.GeneratedMethodAccessor92
5758:             1             16  sun.reflect.GeneratedMethodAccessor93
5759:             1             16  sun.reflect.GeneratedMethodAccessor94
5760:             1             16  sun.reflect.GeneratedMethodAccessor95
5761:             1             16  sun.reflect.GeneratedMethodAccessor96
5762:             1             16  sun.reflect.GeneratedMethodAccessor97
5763:             1             16  sun.reflect.GeneratedMethodAccessor98
5764:             1             16  sun.reflect.GeneratedMethodAccessor99
5765:             1             16  sun.reflect.GeneratedSerializationConstructorAccessor1
5766:             1             16  sun.reflect.GeneratedSerializationConstructorAccessor2
5767:             1             16  sun.reflect.GeneratedSerializationConstructorAccessor3
5768:             1             16  sun.reflect.GeneratedSerializationConstructorAccessor93
5769:             1             16  sun.reflect.GeneratedSerializationConstructorAccessor94
5770:             1             16  sun.reflect.GeneratedSerializationConstructorAccessor95
5771:             1             16  sun.reflect.ReflectionFactory
5772:             1             16  sun.reflect.generics.tree.BooleanSignature
5773:             1             16  sun.reflect.generics.tree.BottomSignature
5774:             1             16  sun.reflect.generics.tree.ByteSignature
5775:             1             16  sun.reflect.generics.tree.CharSignature
5776:             1             16  sun.reflect.generics.tree.IntSignature
5777:             1             16  sun.reflect.generics.tree.LongSignature
5778:             1             16  sun.reflect.generics.tree.VoidDescriptor
5779:             1             16  sun.security.provider.NativeSeedGenerator
5780:             1             16  sun.security.rsa.RSAKeyFactory
5781:             1             16  sun.security.ssl.DummyX509KeyManager
5782:             1             16  sun.security.util.ByteArrayLexOrder
5783:             1             16  sun.security.util.ByteArrayTagOrder
5784:             1             16  sun.text.normalizer.NormalizerBase$Mode
5785:             1             16  sun.text.normalizer.NormalizerBase$NFCMode
5786:             1             16  sun.text.normalizer.NormalizerBase$NFDMode
5787:             1             16  sun.text.normalizer.NormalizerBase$NFKCMode
5788:             1             16  sun.text.normalizer.NormalizerBase$NFKDMode
5789:             1             16  sun.text.normalizer.NormalizerImpl
5790:             1             16  sun.text.normalizer.NormalizerImpl$AuxTrieImpl
5791:             1             16  sun.text.normalizer.NormalizerImpl$FCDTrieImpl
5792:             1             16  sun.text.normalizer.NormalizerImpl$NormTrieImpl
5793:             1             16  sun.util.calendar.Gregorian
5794:             1             16  sun.util.calendar.JulianCalendar
5795:             1             16  sun.util.locale.provider.AuxLocaleProviderAdapter$NullProvider
5796:             1             16  sun.util.locale.provider.CalendarDataUtility$CalendarWeekParameterGetter
5797:             1             16  sun.util.locale.provider.SPILocaleProviderAdapter
5798:             1             16  sun.util.locale.provider.TimeZoneNameUtility$TimeZoneNameGetter
5799:             1             16  sun.util.resources.LocaleData
5800:             1             16  sun.util.resources.LocaleData$LocaleDataResourceBundleControl
5801:             1             16  zipkin2.internal.V1SpanWriter
5802:             1             16  zipkin2.internal.V2SpanWriter
5803:             1             16  zipkin2.reporter.ReporterMetrics$1
Total       2499289      150623328



